Archive member included to satisfy reference by file (symbol)

C:/raylib/w64devkit/bin/../lib/gcc/x86_64-w64-mingw32/14.2.0/../../../../x86_64-w64-mingw32/lib/../lib/libmingw32.a(lib64_libmingw32_a-gccmain.o)
                              C:/raylib/w64devkit/bin/../lib/gcc/x86_64-w64-mingw32/14.2.0/../../../../x86_64-w64-mingw32/lib/../lib/crt2.o (__main)
C:/raylib/w64devkit/bin/../lib/gcc/x86_64-w64-mingw32/14.2.0/../../../../x86_64-w64-mingw32/lib/../lib/libmingw32.a(lib64_libmingw32_a-natstart.o)
                              C:/raylib/w64devkit/bin/../lib/gcc/x86_64-w64-mingw32/14.2.0/../../../../x86_64-w64-mingw32/lib/../lib/crt2.o (__native_startup_lock)
C:/raylib/w64devkit/bin/../lib/gcc/x86_64-w64-mingw32/14.2.0/../../../../x86_64-w64-mingw32/lib/../lib/libmingw32.a(lib64_libmingw32_a-wildcard.o)
                              C:/raylib/w64devkit/bin/../lib/gcc/x86_64-w64-mingw32/14.2.0/../../../../x86_64-w64-mingw32/lib/../lib/crt2.o (_dowildcard)
C:/raylib/w64devkit/bin/../lib/gcc/x86_64-w64-mingw32/14.2.0/../../../../x86_64-w64-mingw32/lib/../lib/libmingw32.a(lib64_libmingw32_a-dllargv.o)
                              C:/raylib/w64devkit/bin/../lib/gcc/x86_64-w64-mingw32/14.2.0/../../../../x86_64-w64-mingw32/lib/../lib/crt2.o (_setargv)
C:/raylib/w64devkit/bin/../lib/gcc/x86_64-w64-mingw32/14.2.0/../../../../x86_64-w64-mingw32/lib/../lib/libmingw32.a(lib64_libmingw32_a-_newmode.o)
                              C:/raylib/w64devkit/bin/../lib/gcc/x86_64-w64-mingw32/14.2.0/../../../../x86_64-w64-mingw32/lib/../lib/crt2.o (_newmode)
C:/raylib/w64devkit/bin/../lib/gcc/x86_64-w64-mingw32/14.2.0/../../../../x86_64-w64-mingw32/lib/../lib/libmingw32.a(lib64_libmingw32_a-tlssup.o)
                              C:/raylib/w64devkit/bin/../lib/gcc/x86_64-w64-mingw32/14.2.0/../../../../x86_64-w64-mingw32/lib/../lib/crt2.o (__mingw_initltssuo_force)
C:/raylib/w64devkit/bin/../lib/gcc/x86_64-w64-mingw32/14.2.0/../../../../x86_64-w64-mingw32/lib/../lib/libmingw32.a(lib64_libmingw32_a-xncommod.o)
                              C:/raylib/w64devkit/bin/../lib/gcc/x86_64-w64-mingw32/14.2.0/../../../../x86_64-w64-mingw32/lib/../lib/crt2.o (_commode)
C:/raylib/w64devkit/bin/../lib/gcc/x86_64-w64-mingw32/14.2.0/../../../../x86_64-w64-mingw32/lib/../lib/libmingw32.a(lib64_libmingw32_a-cinitexe.o)
                              C:/raylib/w64devkit/bin/../lib/gcc/x86_64-w64-mingw32/14.2.0/../../../../x86_64-w64-mingw32/lib/../lib/crt2.o (__xc_z)
C:/raylib/w64devkit/bin/../lib/gcc/x86_64-w64-mingw32/14.2.0/../../../../x86_64-w64-mingw32/lib/../lib/libmingw32.a(lib64_libmingw32_a-merr.o)
                              C:/raylib/w64devkit/bin/../lib/gcc/x86_64-w64-mingw32/14.2.0/../../../../x86_64-w64-mingw32/lib/../lib/crt2.o (_matherr)
C:/raylib/w64devkit/bin/../lib/gcc/x86_64-w64-mingw32/14.2.0/../../../../x86_64-w64-mingw32/lib/../lib/libmingw32.a(lib64_libmingw32_a-CRT_fp10.o)
                              C:/raylib/w64devkit/bin/../lib/gcc/x86_64-w64-mingw32/14.2.0/../../../../x86_64-w64-mingw32/lib/../lib/crt2.o (_fpreset)
C:/raylib/w64devkit/bin/../lib/gcc/x86_64-w64-mingw32/14.2.0/../../../../x86_64-w64-mingw32/lib/../lib/libmingw32.a(lib64_libmingw32_a-mingw_helpers.o)
                              C:/raylib/w64devkit/bin/../lib/gcc/x86_64-w64-mingw32/14.2.0/../../../../x86_64-w64-mingw32/lib/../lib/crt2.o (__mingw_app_type)
C:/raylib/w64devkit/bin/../lib/gcc/x86_64-w64-mingw32/14.2.0/../../../../x86_64-w64-mingw32/lib/../lib/libmingw32.a(lib64_libmingw32_a-pseudo-reloc.o)
                              C:/raylib/w64devkit/bin/../lib/gcc/x86_64-w64-mingw32/14.2.0/../../../../x86_64-w64-mingw32/lib/../lib/crt2.o (_pei386_runtime_relocator)
C:/raylib/w64devkit/bin/../lib/gcc/x86_64-w64-mingw32/14.2.0/../../../../x86_64-w64-mingw32/lib/../lib/libmingw32.a(lib64_libmingw32_a-usermatherr.o)
                              C:/raylib/w64devkit/bin/../lib/gcc/x86_64-w64-mingw32/14.2.0/../../../../x86_64-w64-mingw32/lib/../lib/crt2.o (__mingw_setusermatherr)
C:/raylib/w64devkit/bin/../lib/gcc/x86_64-w64-mingw32/14.2.0/../../../../x86_64-w64-mingw32/lib/../lib/libmingw32.a(lib64_libmingw32_a-xtxtmode.o)
                              C:/raylib/w64devkit/bin/../lib/gcc/x86_64-w64-mingw32/14.2.0/../../../../x86_64-w64-mingw32/lib/../lib/crt2.o (_fmode)
C:/raylib/w64devkit/bin/../lib/gcc/x86_64-w64-mingw32/14.2.0/../../../../x86_64-w64-mingw32/lib/../lib/libmingw32.a(lib64_libmingw32_a-crt_handler.o)
                              C:/raylib/w64devkit/bin/../lib/gcc/x86_64-w64-mingw32/14.2.0/../../../../x86_64-w64-mingw32/lib/../lib/crt2.o (_gnu_exception_handler)
C:/raylib/w64devkit/bin/../lib/gcc/x86_64-w64-mingw32/14.2.0/../../../../x86_64-w64-mingw32/lib/../lib/libmingw32.a(lib64_libmingw32_a-tlsthrd.o)
                              C:/raylib/w64devkit/bin/../lib/gcc/x86_64-w64-mingw32/14.2.0/../../../../x86_64-w64-mingw32/lib/../lib/libmingw32.a(lib64_libmingw32_a-tlssup.o) (__mingw_TLScallback)
[...]
Memory Configuration

Name             Origin             Length             Attributes
*default*        0x0000000000000000 0xffffffffffffffff

Linker script and memory map

                0x0000000140000000                __image_base__ = 0x140000000
                0x0000000000000000                __dll__ = 0x0
                0x0000000140000000                __ImageBase = 0x140000000
                0x0000000000001000                __section_alignment__ = 0x1000
                0x0000000000000200                __file_alignment__ = 0x200
                0x0000000000000004                __major_os_version__ = 0x4
                0x0000000000000000                __minor_os_version__ = 0x0
                0x0000000000000000                __major_image_version__ = 0x0
                0x0000000000000000                __minor_image_version__ = 0x0
                0x0000000000000005                __major_subsystem_version__ = 0x5
                0x0000000000000002                __minor_subsystem_version__ = 0x2
                0x0000000000000003                __subsystem__ = 0x3
                0x0000000000200000                __size_of_stack_reserve__ = 0x200000
                0x0000000000001000                __size_of_stack_commit__ = 0x1000
                0x0000000000100000                __size_of_heap_reserve__ = 0x100000
                0x0000000000001000                __size_of_heap_commit__ = 0x1000
                0x0000000000000000                __loader_flags__ = 0x0
                0x0000000000000160                __dll_characteristics__ = 0x160
LOAD C:/raylib/w64devkit/bin/../lib/gcc/x86_64-w64-mingw32/14.2.0/../../../../x86_64-w64-mingw32/lib/../lib/crt2.o
LOAD C:/raylib/w64devkit/bin/../lib/gcc/x86_64-w64-mingw32/14.2.0/crtbegin.o
LOAD build/biblioteca.o
LOAD build/memory_management.o
LOAD C:/raylib/w64devkit/bin/../lib/gcc/x86_64-w64-mingw32/14.2.0/../../../../x86_64-w64-mingw32/lib/../lib/libmingw32.a
LOAD C:/raylib/w64devkit/bin/../lib/gcc/x86_64-w64-mingw32/14.2.0/libgcc.a
LOAD C:/raylib/w64devkit/bin/../lib/gcc/x86_64-w64-mingw32/14.2.0/../../../../x86_64-w64-mingw32/lib/../lib/libmingwex.a
LOAD C:/raylib/w64devkit/bin/../lib/gcc/x86_64-w64-mingw32/14.2.0/../../../../x86_64-w64-mingw32/lib/../lib/libmsvcrt.a
LOAD C:/raylib/w64devkit/bin/../lib/gcc/x86_64-w64-mingw32/14.2.0/../../../../x86_64-w64-mingw32/lib/../lib/libkernel32.a
LOAD C:/raylib/w64devkit/bin/../lib/gcc/x86_64-w64-mingw32/14.2.0/../../../../x86_64-w64-mingw32/lib/../lib/libpthread.a
LOAD C:/raylib/w64devkit/bin/../lib/gcc/x86_64-w64-mingw32/14.2.0/../../../../x86_64-w64-mingw32/lib/../lib/libadvapi32.a
LOAD C:/raylib/w64devkit/bin/../lib/gcc/x86_64-w64-mingw32/14.2.0/../../../../x86_64-w64-mingw32/lib/../lib/libshell32.a
LOAD C:/raylib/w64devkit/bin/../lib/gcc/x86_64-w64-mingw32/14.2.0/../../../../x86_64-w64-mingw32/lib/../lib/libuser32.a
LOAD C:/raylib/w64devkit/bin/../lib/gcc/x86_64-w64-mingw32/14.2.0/../../../../x86_64-w64-mingw32/lib/../lib/libkernel32.a
LOAD C:/raylib/w64devkit/bin/../lib/gcc/x86_64-w64-mingw32/14.2.0/../../../../x86_64-w64-mingw32/lib/../lib/libmingw32.a
LOAD C:/raylib/w64devkit/bin/../lib/gcc/x86_64-w64-mingw32/14.2.0/libgcc.a
LOAD C:/raylib/w64devkit/bin/../lib/gcc/x86_64-w64-mingw32/14.2.0/../../../../x86_64-w64-mingw32/lib/../lib/libmingwex.a
LOAD C:/raylib/w64devkit/bin/../lib/gcc/x86_64-w64-mingw32/14.2.0/../../../../x86_64-w64-mingw32/lib/../lib/libmsvcrt.a
LOAD C:/raylib/w64devkit/bin/../lib/gcc/x86_64-w64-mingw32/14.2.0/../../../../x86_64-w64-mingw32/lib/../lib/libkernel32.a
LOAD C:/raylib/w64devkit/bin/../lib/gcc/x86_64-w64-mingw32/14.2.0/crtend.o
                0x0000000000000430                . = SIZEOF_HEADERS
                0x0000000000001000                . = ALIGN (__section_alignment__)

.text           0x0000000140001000     0xb400
 *(SORT_NONE(.init))
 *(.text)
 .text          0x0000000140001000      0x350 C:/raylib/w64devkit/bin/../lib/gcc/x86_64-w64-mingw32/14.2.0/../../../../x86_64-w64-mingw32/lib/../lib/crt2.o
                0x00000001400012fd                WinMainCRTStartup
                0x000000014000131a                mainCRTStartup
                0x0000000140001335                atexit
 .text          0x0000000140001350       0x10 C:/raylib/w64devkit/bin/../lib/gcc/x86_64-w64-mingw32/14.2.0/crtbegin.o
                0x0000000140001350                __gcc_register_frame
                0x000000014000135c                __gcc_deregister_frame
 .text          0x0000000140001360     0x15e0 build/biblioteca.o
                0x000000014000148e                genreToString
                0x0000000140001506                addBook
                0x00000001400016fc                findBookById
                0x0000000140001747                displayBooksRecursive
                0x00000001400017d6                displayBooks
                0x000000014000181c                addMember
                0x0000000140001944                issueBook
                0x0000000140001aee                returnBook
                0x0000000140001d20                freeLibrary
                0x0000000140001d68                freeMembers
                0x0000000140001dbd                saveLibraryToFile
                0x0000000140001eb3                loadLibraryFromFile
                0x00000001400021a0                saveMembersToFile
                0x00000001400022a7                loadMembersFromFile
                0x0000000140002464                displayMembers
                0x0000000140002568                searchMember
                0x000000014000268a                main
 .text          0x0000000140002940       0xd0 build/memory_management.o
                0x0000000140002940                addMemoryRecord
                0x0000000140002996                removeMemoryRecord
 .text          0x0000000140002a10       0x90 C:/raylib/w64devkit/bin/../lib/gcc/x86_64-w64-mingw32/14.2.0/../../../../x86_64-w64-mingw32/lib/../lib/libmingw32.a(lib64_libmingw32_a-gccmain.o)
                0x0000000140002a10                __do_global_dtors
                0x0000000140002a34                __do_global_ctors
                0x0000000140002a7e                __main
 .text          0x0000000140002aa0        0x0 C:/raylib/w64devkit/bin/../lib/gcc/x86_64-w64-mingw32/14.2.0/../../../../x86_64-w64-mingw32/lib/../lib/libmingw32.a(lib64_libmingw32_a-natstart.o)
 .text          0x0000000140002aa0        0x0 C:/raylib/w64devkit/bin/../lib/gcc/x86_64-w64-mingw32/14.2.0/../../../../x86_64-w64-mingw32/lib/../lib/libmingw32.a(lib64_libmingw32_a-wildcard.o)
 .text          0x0000000140002aa0       0x10 C:/raylib/w64devkit/bin/../lib/gcc/x86_64-w64-mingw32/14.2.0/../../../../x86_64-w64-mingw32/lib/../lib/libmingw32.a(lib64_libmingw32_a-dllargv.o)
                0x0000000140002aa0                _setargv
 .text          0x0000000140002ab0        0x0 C:/raylib/w64devkit/bin/../lib/gcc/x86_64-w64-mingw32/14.2.0/../../../../x86_64-w64-mingw32/lib/../lib/libmingw32.a(lib64_libmingw32_a-_newmode.o)
 .text          0x0000000140002ab0       0x80 C:/raylib/w64devkit/bin/../lib/gcc/x86_64-w64-mingw32/14.2.0/../../../../x86_64-w64-mingw32/lib/../lib/libmingw32.a(lib64_libmingw32_a-tlssup.o)
                0x0000000140002acc                __dyn_tls_init
                0x0000000140002b24                __tlregdtor
 .text          0x0000000140002b30        0x0 C:/raylib/w64devkit/bin/../lib/gcc/x86_64-w64-mingw32/14.2.0/../../../../x86_64-w64-mingw32/lib/../lib/libmingw32.a(lib64_libmingw32_a-xncommod.o)
 .text          0x0000000140002b30        0x0 C:/raylib/w64devkit/bin/../lib/gcc/x86_64-w64-mingw32/14.2.0/../../../../x86_64-w64-mingw32/lib/../lib/libmingw32.a(lib64_libmingw32_a-cinitexe.o)
 .text          0x0000000140002b30       0xe0 C:/raylib/w64devkit/bin/../lib/gcc/x86_64-w64-mingw32/14.2.0/../../../../x86_64-w64-mingw32/lib/../lib/libmingw32.a(lib64_libmingw32_a-merr.o)
                0x0000000140002b30                _matherr
 .text          0x0000000140002c10       0x10 C:/raylib/w64devkit/bin/../lib/gcc/x86_64-w64-mingw32/14.2.0/../../../../x86_64-w64-mingw32/lib/../lib/libmingw32.a(lib64_libmingw32_a-CRT_fp10.o)
                0x0000000140002c10                fpreset
                0x0000000140002c10                _fpreset
 .text          0x0000000140002c20        0x0 C:/raylib/w64devkit/bin/../lib/gcc/x86_64-w64-mingw32/14.2.0/../../../../x86_64-w64-mingw32/lib/../lib/libmingw32.a(lib64_libmingw32_a-mingw_helpers.o)
 .text          0x0000000140002c20      0x410 C:/raylib/w64devkit/bin/../lib/gcc/x86_64-w64-mingw32/14.2.0/../../../../x86_64-w64-mingw32/lib/../lib/libmingw32.a(lib64_libmingw32_a-pseudo-reloc.o)
                0x0000000140002dca                _pei386_runtime_relocator
 .text          0x0000000140003030       0x50 C:/raylib/w64devkit/bin/../lib/gcc/x86_64-w64-mingw32/14.2.0/../../../../x86_64-w64-mingw32/lib/../lib/libmingw32.a(lib64_libmingw32_a-usermatherr.o)
                0x0000000140003030                __mingw_raise_matherr
                0x0000000140003071                __mingw_setusermatherr
 .text          0x0000000140003080        0x0 C:/raylib/w64devkit/bin/../lib/gcc/x86_64-w64-mingw32/14.2.0/../../../../x86_64-w64-mingw32/lib/../lib/libmingw32.a(lib64_libmingw32_a-xtxtmode.o)
 .text          0x0000000140003080      0x150 C:/raylib/w64devkit/bin/../lib/gcc/x86_64-w64-mingw32/14.2.0/../../../../x86_64-w64-mingw32/lib/../lib/libmingw32.a(lib64_libmingw32_a-crt_handler.o)
                0x0000000140003080                _gnu_exception_handler
 .text          0x00000001400031d0      0x200 C:/raylib/w64devkit/bin/../lib/gcc/x86_64-w64-mingw32/14.2.0/../../../../x86_64-w64-mingw32/lib/../lib/libmingw32.a(lib64_libmingw32_a-tlsthrd.o)
                0x000000014000322d                ___w64_mingwthr_add_key_dtor
                0x0000000140003298                ___w64_mingwthr_remove_key_dtor
                0x000000014000330d                __mingw_TLScallback
 .text          0x00000001400033d0        0x0 C:/raylib/w64devkit/bin/../lib/gcc/x86_64-w64-mingw32/14.2.0/../../../../x86_64-w64-mingw32/lib/../lib/libmingw32.a(lib64_libmingw32_a-tlsmcrt.o)
 .text          0x00000001400033d0        0x0 C:/raylib/w64devkit/bin/../lib/gcc/x86_64-w64-mingw32/14.2.0/../../../../x86_64-w64-mingw32/lib/../lib/libmingw32.a(lib64_libmingw32_a-pseudo-reloc-list.o)
 .text          0x00000001400033d0      0x250 C:/raylib/w64devkit/bin/../lib/gcc/x86_64-w64-mingw32/14.2.0/../../../../x86_64-w64-mingw32/lib/../lib/libmingw32.a(lib64_libmingw32_a-pesect.o)
                0x00000001400033d0                _ValidateImageBase
                0x00000001400033f4                _FindPESection
                0x0000000140003431                _FindPESectionByName
                0x00000001400034a1                __mingw_GetSectionForAddress
                0x00000001400034d4                __mingw_GetSectionCount
                0x00000001400034fa                _FindPESectionExec
                0x000000014000354f                _GetPEImageBase
                0x0000000140003573                _IsNonwritableInCurrentImage
                0x00000001400035b2                __mingw_enum_import_library_names
 .text          0x0000000140003620       0x40 C:/raylib/w64devkit/bin/../lib/gcc/x86_64-w64-mingw32/14.2.0/libgcc.a(_chkstk_ms.o)
                0x0000000140003620                ___chkstk_ms
 .text          0x0000000140003660        0x0 C:/raylib/w64devkit/bin/../lib/gcc/x86_64-w64-mingw32/14.2.0/libgcc.a(_ctors.o)
 .text          0x0000000140003660        0x0 C:/raylib/w64devkit/bin/../lib/gcc/x86_64-w64-mingw32/14.2.0/../../../../x86_64-w64-mingw32/lib/../lib/libmingwex.a(lib64_libmingwex_a-mingw_matherr.o)
 .text          0x0000000140003660       0x50 C:/raylib/w64devkit/bin/../lib/gcc/x86_64-w64-mingw32/14.2.0/../../../../x86_64-w64-mingw32/lib/../lib/libmingwex.a(lib64_libmingwex_a-mingw_vfprintf.o)
                0x0000000140003660                __mingw_vfprintf
 .text          0x00000001400036b0     0x2680 C:/raylib/w64devkit/bin/../lib/gcc/x86_64-w64-mingw32/14.2.0/../../../../x86_64-w64-mingw32/lib/../lib/libmingwex.a(lib64_libmingwex_a-mingw_vfscanf.o)
                0x0000000140005cb3                __mingw_vfscanf
                0x0000000140005ceb                __mingw_vsscanf
 .text          0x0000000140005d30       0x80 C:/raylib/w64devkit/bin/../lib/gcc/x86_64-w64-mingw32/14.2.0/../../../../x86_64-w64-mingw32/lib/../lib/libmingwex.a(lib64_libmingwex_a-strtof.o)
                0x0000000140005d30                __strtof
                0x0000000140005d30                __mingw_strtof
 .text          0x0000000140005db0       0xb0 C:/raylib/w64devkit/bin/../lib/gcc/x86_64-w64-mingw32/14.2.0/../../../../x86_64-w64-mingw32/lib/../lib/libmingwex.a(lib64_libmingwex_a-strtopx.o)
                0x0000000140005db0                __strtold
                0x0000000140005db0                __mingw_strtold
                0x0000000140005db0                strtold
 .text          0x0000000140005e60     0x1790 C:/raylib/w64devkit/bin/../lib/gcc/x86_64-w64-mingw32/14.2.0/../../../../x86_64-w64-mingw32/lib/../lib/libmingwex.a(lib64_libmingwex_a-mingw_pformat.o)
                0x0000000140006e3b                __mingw_pformat
 .text          0x00000001400075f0      0x1c0 C:/raylib/w64devkit/bin/../lib/gcc/x86_64-w64-mingw32/14.2.0/../../../../x86_64-w64-mingw32/lib/../lib/libmingwex.a(lib64_libmingwex_a-dmisc.o)
                0x00000001400075f0                __rv_alloc_D2A
                0x000000014000761c                __nrv_alloc_D2A
                0x0000000140007657                __freedtoa
                0x0000000140007673                __quorem_D2A
 .text          0x00000001400077b0      0xf30 C:/raylib/w64devkit/bin/../lib/gcc/x86_64-w64-mingw32/14.2.0/../../../../x86_64-w64-mingw32/lib/../lib/libmingwex.a(lib64_libmingwex_a-gdtoa.o)
                0x00000001400077b0                __gdtoa
 .text          0x00000001400086e0      0x2b0 C:/raylib/w64devkit/bin/../lib/gcc/x86_64-w64-mingw32/14.2.0/../../../../x86_64-w64-mingw32/lib/../lib/libmingwex.a(lib64_libmingwex_a-g__fmt.o)
                0x00000001400086e0                __g__fmt
                0x00000001400088be                __add_nanbits_D2A
 .text          0x0000000140008990      0x120 C:/raylib/w64devkit/bin/../lib/gcc/x86_64-w64-mingw32/14.2.0/../../../../x86_64-w64-mingw32/lib/../lib/libmingwex.a(lib64_libmingwex_a-gmisc.o)
                0x0000000140008990                __rshift_D2A
                0x0000000140008a7b                __trailz_D2A
 .text          0x0000000140008ab0      0x920 C:/raylib/w64devkit/bin/../lib/gcc/x86_64-w64-mingw32/14.2.0/../../../../x86_64-w64-mingw32/lib/../lib/libmingwex.a(lib64_libmingwex_a-misc.o)
                0x0000000140008bb3                __Balloc_D2A
                0x0000000140008c67                __Bfree_D2A
                0x0000000140008cb3                __multadd_D2A
                0x0000000140008d53                __i2b_D2A
                0x0000000140008d79                __mult_D2A
                0x0000000140008e83                __pow5mult_D2A
                0x0000000140008f93                __lshift_D2A
                0x00000001400090a1                __cmp_D2A
                0x00000001400090e7                __diff_D2A
                0x0000000140009215                __b2d_D2A
                0x00000001400092dc                __d2b_D2A
                0x00000001400093ad                __strcp_D2A
 .text          0x00000001400093d0     0x19c0 C:/raylib/w64devkit/bin/../lib/gcc/x86_64-w64-mingw32/14.2.0/../../../../x86_64-w64-mingw32/lib/../lib/libmingwex.a(lib64_libmingwex_a-strtodg.o)
                0x00000001400093d0                __increment_D2A
                0x00000001400096ec                __decrement_D2A
                0x0000000140009715                __set_ones_D2A
                0x000000014000979d                __strtodg
 .text          0x000000014000ad90      0x160 C:/raylib/w64devkit/bin/../lib/gcc/x86_64-w64-mingw32/14.2.0/../../../../x86_64-w64-mingw32/lib/../lib/libmingwex.a(lib64_libmingwex_a-sum.o)
                0x000000014000ad90                __sum_D2A
 .text          0x000000014000aef0       0x20 C:/raylib/w64devkit/bin/../lib/gcc/x86_64-w64-mingw32/14.2.0/../../../../x86_64-w64-mingw32/lib/../lib/libmingwex.a(lib64_libmingwex_a-strnlen.o)
                0x000000014000aef0                strnlen
 .text          0x000000014000af10       0x20 C:/raylib/w64devkit/bin/../lib/gcc/x86_64-w64-mingw32/14.2.0/../../../../x86_64-w64-mingw32/lib/../lib/libmingwex.a(lib64_libmingwex_a-wcsnlen.o)
                0x000000014000af10                wcsnlen
 .text          0x000000014000af30      0x690 C:/raylib/w64devkit/bin/../lib/gcc/x86_64-w64-mingw32/14.2.0/../../../../x86_64-w64-mingw32/lib/../lib/libmingwex.a(lib64_libmingwex_a-gethex.o)
                0x000000014000af30                __gethex_D2A
 .text          0x000000014000b5c0        0x0 C:/raylib/w64devkit/bin/../lib/gcc/x86_64-w64-mingw32/14.2.0/../../../../x86_64-w64-mingw32/lib/../lib/libmingwex.a(lib64_libmingwex_a-hd_init.o)
 .text          0x000000014000b5c0      0x290 C:/raylib/w64devkit/bin/../lib/gcc/x86_64-w64-mingw32/14.2.0/../../../../x86_64-w64-mingw32/lib/../lib/libmingwex.a(lib64_libmingwex_a-hexnan.o)
                0x000000014000b5ff                __hexnan_D2A
 .text          0x000000014000b850      0x250 C:/raylib/w64devkit/bin/../lib/gcc/x86_64-w64-mingw32/14.2.0/../../../../x86_64-w64-mingw32/lib/../lib/libmingwex.a(lib64_libmingwex_a-smisc.o)
                0x000000014000b850                __s2b_D2A
                0x000000014000b91b                __ratio_D2A
                0x000000014000b9a7                __match_D2A
                0x000000014000b9e5                __copybits_D2A
                0x000000014000ba43                __any_on_D2A
 .text          0x000000014000baa0       0x10 C:/raylib/w64devkit/bin/../lib/gcc/x86_64-w64-mingw32/14.2.0/../../../../x86_64-w64-mingw32/lib/../lib/libmsvcrt.a(lib64_libmsvcrt_extra_a-__p__fmode.o)
                0x000000014000baa0                __p__fmode
 .text          0x000000014000bab0       0x10 C:/raylib/w64devkit/bin/../lib/gcc/x86_64-w64-mingw32/14.2.0/../../../../x86_64-w64-mingw32/lib/../lib/libmsvcrt.a(lib64_libmsvcrt_extra_a-__p__commode.o)
                0x000000014000bab0                __p__commode
 .text          0x000000014000bac0       0xc0 C:/raylib/w64devkit/bin/../lib/gcc/x86_64-w64-mingw32/14.2.0/../../../../x86_64-w64-mingw32/lib/../lib/libmsvcrt.a(lib64_libmsvcrt_extra_a-mingw_lock.o)
                0x000000014000bac0                _lock_file
                0x000000014000bb22                _unlock_file
 .text          0x000000014000bb80       0x20 C:/raylib/w64devkit/bin/../lib/gcc/x86_64-w64-mingw32/14.2.0/../../../../x86_64-w64-mingw32/lib/../lib/libmsvcrt.a(lib64_libmsvcrt_extra_a-invalid_parameter_handler.o)
                0x000000014000bb80                _get_invalid_parameter_handler
                0x000000014000bb88                _set_invalid_parameter_handler
 .text          0x000000014000bba0       0x20 C:/raylib/w64devkit/bin/../lib/gcc/x86_64-w64-mingw32/14.2.0/../../../../x86_64-w64-mingw32/lib/../lib/libmsvcrt.a(lib64_libmsvcrt_common_a-acrt_iob_func.o)
                0x000000014000bba0                __acrt_iob_func
 .text          0x000000014000bbc0      0x180 C:/raylib/w64devkit/bin/../lib/gcc/x86_64-w64-mingw32/14.2.0/../../../../x86_64-w64-mingw32/lib/../lib/libmsvcrt.a(lib64_libmsvcrt_common_a-wcrtomb.o)
                0x000000014000bc37                wcrtomb
                0x000000014000bc78                wcsrtombs
 .text          0x000000014000bd40      0x2c0 C:/raylib/w64devkit/bin/../lib/gcc/x86_64-w64-mingw32/14.2.0/../../../../x86_64-w64-mingw32/lib/../lib/libmsvcrt.a(lib64_libmsvcrt_common_a-mbrtowc.o)
                0x000000014000be5c                mbrtowc
                0x000000014000bec7                mbsrtowcs
                0x000000014000bf9b                mbrlen
 .text          0x000000014000c000        0x8 C:/raylib/w64devkit/bin/../lib/gcc/x86_64-w64-mingw32/14.2.0/../../../../x86_64-w64-mingw32/lib/../lib/libmsvcrt.a(libmsvcrt_defs00106.o)
                0x000000014000c000                __C_specific_handler
 .text          0x000000014000c008        0x8 C:/raylib/w64devkit/bin/../lib/gcc/x86_64-w64-mingw32/14.2.0/../../../../x86_64-w64-mingw32/lib/../lib/libmsvcrt.a(libmsvcrt_defs00126.o)
                0x000000014000c008                ___lc_codepage_func
 .text          0x000000014000c010        0x8 C:/raylib/w64devkit/bin/../lib/gcc/x86_64-w64-mingw32/14.2.0/../../../../x86_64-w64-mingw32/lib/../lib/libmsvcrt.a(libmsvcrt_defs00129.o)
                0x000000014000c010                ___mb_cur_max_func
 .text          0x000000014000c018        0x8 C:/raylib/w64devkit/bin/../lib/gcc/x86_64-w64-mingw32/14.2.0/../../../../x86_64-w64-mingw32/lib/../lib/libmsvcrt.a(libmsvcrt_defs00146.o)
                0x000000014000c018                __getmainargs
 .text          0x000000014000c020        0x0 C:/raylib/w64devkit/bin/../lib/gcc/x86_64-w64-mingw32/14.2.0/../../../../x86_64-w64-mingw32/lib/../lib/libmsvcrt.a(libmsvcrt_defs00147.o)
 .text          0x000000014000c020        0x8 C:/raylib/w64devkit/bin/../lib/gcc/x86_64-w64-mingw32/14.2.0/../../../../x86_64-w64-mingw32/lib/../lib/libmsvcrt.a(libmsvcrt_defs00148.o)
                0x000000014000c020                __iob_func
 .text          0x000000014000c028        0x8 C:/raylib/w64devkit/bin/../lib/gcc/x86_64-w64-mingw32/14.2.0/../../../../x86_64-w64-mingw32/lib/../lib/libmsvcrt.a(libmsvcrt_defs00161.o)
                0x000000014000c028                __set_app_type
 .text          0x000000014000c030        0x8 C:/raylib/w64devkit/bin/../lib/gcc/x86_64-w64-mingw32/14.2.0/../../../../x86_64-w64-mingw32/lib/../lib/libmsvcrt.a(libmsvcrt_defs00163.o)
                0x000000014000c030                __setusermatherr
 .text          0x000000014000c038        0x8 C:/raylib/w64devkit/bin/../lib/gcc/x86_64-w64-mingw32/14.2.0/../../../../x86_64-w64-mingw32/lib/../lib/libmsvcrt.a(libmsvcrt_defs00192.o)
                0x000000014000c038                _amsg_exit
 .text          0x000000014000c040        0x8 C:/raylib/w64devkit/bin/../lib/gcc/x86_64-w64-mingw32/14.2.0/../../../../x86_64-w64-mingw32/lib/../lib/libmsvcrt.a(libmsvcrt_defs00211.o)
                0x000000014000c040                _cexit
 .text          0x000000014000c048        0x0 C:/raylib/w64devkit/bin/../lib/gcc/x86_64-w64-mingw32/14.2.0/../../../../x86_64-w64-mingw32/lib/../lib/libmsvcrt.a(libmsvcrt_defs00225.o)
 .text          0x000000014000c048        0x8 C:/raylib/w64devkit/bin/../lib/gcc/x86_64-w64-mingw32/14.2.0/../../../../x86_64-w64-mingw32/lib/../lib/libmsvcrt.a(libmsvcrt_defs00267.o)
                0x000000014000c048                _errno
 .text          0x000000014000c050        0x0 C:/raylib/w64devkit/bin/../lib/gcc/x86_64-w64-mingw32/14.2.0/../../../../x86_64-w64-mingw32/lib/../lib/libmsvcrt.a(libmsvcrt_defs00301.o)
 .text          0x000000014000c050        0x8 C:/raylib/w64devkit/bin/../lib/gcc/x86_64-w64-mingw32/14.2.0/../../../../x86_64-w64-mingw32/lib/../lib/libmsvcrt.a(libmsvcrt_defs00380.o)
                0x000000014000c050                _initterm
 .text          0x000000014000c058        0x8 C:/raylib/w64devkit/bin/../lib/gcc/x86_64-w64-mingw32/14.2.0/../../../../x86_64-w64-mingw32/lib/../lib/libmsvcrt.a(libmsvcrt_defs00483.o)
                0x000000014000c058                _lock
 .text          0x000000014000c060        0x8 C:/raylib/w64devkit/bin/../lib/gcc/x86_64-w64-mingw32/14.2.0/../../../../x86_64-w64-mingw32/lib/../lib/libmsvcrt.a(libmsvcrt_defs00652.o)
                0x000000014000c060                _onexit
 .text          0x000000014000c068        0x8 C:/raylib/w64devkit/bin/../lib/gcc/x86_64-w64-mingw32/14.2.0/../../../../x86_64-w64-mingw32/lib/../lib/libmsvcrt.a(libmsvcrt_defs00943.o)
                0x000000014000c068                _unlock
 .text          0x000000014000c070        0x8 C:/raylib/w64devkit/bin/../lib/gcc/x86_64-w64-mingw32/14.2.0/../../../../x86_64-w64-mingw32/lib/../lib/libmsvcrt.a(libmsvcrt_defs01041.o)
                0x000000014000c070                abort
 .text          0x000000014000c078        0x8 C:/raylib/w64devkit/bin/../lib/gcc/x86_64-w64-mingw32/14.2.0/../../../../x86_64-w64-mingw32/lib/../lib/libmsvcrt.a(libmsvcrt_defs01057.o)
                0x000000014000c078                calloc
 .text          0x000000014000c080        0x8 C:/raylib/w64devkit/bin/../lib/gcc/x86_64-w64-mingw32/14.2.0/../../../../x86_64-w64-mingw32/lib/../lib/libmsvcrt.a(libmsvcrt_defs01069.o)
                0x000000014000c080                exit
 .text          0x000000014000c088        0x8 C:/raylib/w64devkit/bin/../lib/gcc/x86_64-w64-mingw32/14.2.0/../../../../x86_64-w64-mingw32/lib/../lib/libmsvcrt.a(libmsvcrt_defs01073.o)
                0x000000014000c088                fclose
 .text          0x000000014000c090        0x8 C:/raylib/w64devkit/bin/../lib/gcc/x86_64-w64-mingw32/14.2.0/../../../../x86_64-w64-mingw32/lib/../lib/libmsvcrt.a(libmsvcrt_defs01074.o)
                0x000000014000c090                feof
 .text          0x000000014000c098        0x8 C:/raylib/w64devkit/bin/../lib/gcc/x86_64-w64-mingw32/14.2.0/../../../../x86_64-w64-mingw32/lib/../lib/libmsvcrt.a(libmsvcrt_defs01079.o)
                0x000000014000c098                fgets
 .text          0x000000014000c0a0        0x8 C:/raylib/w64devkit/bin/../lib/gcc/x86_64-w64-mingw32/14.2.0/../../../../x86_64-w64-mingw32/lib/../lib/libmsvcrt.a(libmsvcrt_defs01086.o)
                0x000000014000c0a0                fopen
 .text          0x000000014000c0a8        0x8 C:/raylib/w64devkit/bin/../lib/gcc/x86_64-w64-mingw32/14.2.0/../../../../x86_64-w64-mingw32/lib/../lib/libmsvcrt.a(libmsvcrt_defs01087.o)
                0x000000014000c0a8                fprintf
 .text          0x000000014000c0b0        0x8 C:/raylib/w64devkit/bin/../lib/gcc/x86_64-w64-mingw32/14.2.0/../../../../x86_64-w64-mingw32/lib/../lib/libmsvcrt.a(libmsvcrt_defs01088.o)
                0x000000014000c0b0                fputc
 .text          0x000000014000c0b8        0x8 C:/raylib/w64devkit/bin/../lib/gcc/x86_64-w64-mingw32/14.2.0/../../../../x86_64-w64-mingw32/lib/../lib/libmsvcrt.a(libmsvcrt_defs01089.o)
                0x000000014000c0b8                fputs
 .text          0x000000014000c0c0        0x8 C:/raylib/w64devkit/bin/../lib/gcc/x86_64-w64-mingw32/14.2.0/../../../../x86_64-w64-mingw32/lib/../lib/libmsvcrt.a(libmsvcrt_defs01093.o)
                0x000000014000c0c0                free
 .text          0x000000014000c0c8        0x8 C:/raylib/w64devkit/bin/../lib/gcc/x86_64-w64-mingw32/14.2.0/../../../../x86_64-w64-mingw32/lib/../lib/libmsvcrt.a(libmsvcrt_defs01103.o)
                0x000000014000c0c8                getc
 .text          0x000000014000c0d0        0x8 C:/raylib/w64devkit/bin/../lib/gcc/x86_64-w64-mingw32/14.2.0/../../../../x86_64-w64-mingw32/lib/../lib/libmsvcrt.a(libmsvcrt_defs01104.o)
                0x000000014000c0d0                getchar
 .text          0x000000014000c0d8        0x8 C:/raylib/w64devkit/bin/../lib/gcc/x86_64-w64-mingw32/14.2.0/../../../../x86_64-w64-mingw32/lib/../lib/libmsvcrt.a(libmsvcrt_defs01120.o)
                0x000000014000c0d8                isspace
 .text          0x000000014000c0e0        0x8 C:/raylib/w64devkit/bin/../lib/gcc/x86_64-w64-mingw32/14.2.0/../../../../x86_64-w64-mingw32/lib/../lib/libmsvcrt.a(libmsvcrt_defs01135.o)
                0x000000014000c0e0                isxdigit
 .text          0x000000014000c0e8        0x8 C:/raylib/w64devkit/bin/../lib/gcc/x86_64-w64-mingw32/14.2.0/../../../../x86_64-w64-mingw32/lib/../lib/libmsvcrt.a(libmsvcrt_defs01139.o)
                0x000000014000c0e8                localeconv
 .text          0x000000014000c0f0        0x8 C:/raylib/w64devkit/bin/../lib/gcc/x86_64-w64-mingw32/14.2.0/../../../../x86_64-w64-mingw32/lib/../lib/libmsvcrt.a(libmsvcrt_defs01146.o)
                0x000000014000c0f0                malloc
 .text          0x000000014000c0f8        0x8 C:/raylib/w64devkit/bin/../lib/gcc/x86_64-w64-mingw32/14.2.0/../../../../x86_64-w64-mingw32/lib/../lib/libmsvcrt.a(libmsvcrt_defs01170.o)
                0x000000014000c0f8                realloc
 .text          0x000000014000c100        0x8 C:/raylib/w64devkit/bin/../lib/gcc/x86_64-w64-mingw32/14.2.0/../../../../x86_64-w64-mingw32/lib/../lib/libmsvcrt.a(libmsvcrt_defs01179.o)
                0x000000014000c100                signal
 .text          0x000000014000c108        0x8 C:/raylib/w64devkit/bin/../lib/gcc/x86_64-w64-mingw32/14.2.0/../../../../x86_64-w64-mingw32/lib/../lib/libmsvcrt.a(libmsvcrt_defs01191.o)
                0x000000014000c108                strcmp
 .text          0x000000014000c110        0x8 C:/raylib/w64devkit/bin/../lib/gcc/x86_64-w64-mingw32/14.2.0/../../../../x86_64-w64-mingw32/lib/../lib/libmsvcrt.a(libmsvcrt_defs01194.o)
                0x000000014000c110                strcspn
 .text          0x000000014000c118        0x8 C:/raylib/w64devkit/bin/../lib/gcc/x86_64-w64-mingw32/14.2.0/../../../../x86_64-w64-mingw32/lib/../lib/libmsvcrt.a(libmsvcrt_defs01195.o)
                0x000000014000c118                strerror
 .text          0x000000014000c120        0x8 C:/raylib/w64devkit/bin/../lib/gcc/x86_64-w64-mingw32/14.2.0/../../../../x86_64-w64-mingw32/lib/../lib/libmsvcrt.a(libmsvcrt_defs01197.o)
                0x000000014000c120                strlen
 .text          0x000000014000c128        0x8 C:/raylib/w64devkit/bin/../lib/gcc/x86_64-w64-mingw32/14.2.0/../../../../x86_64-w64-mingw32/lib/../lib/libmsvcrt.a(libmsvcrt_defs01199.o)
                0x000000014000c128                strncmp
 .text          0x000000014000c130        0x8 C:/raylib/w64devkit/bin/../lib/gcc/x86_64-w64-mingw32/14.2.0/../../../../x86_64-w64-mingw32/lib/../lib/libmsvcrt.a(libmsvcrt_defs01207.o)
                0x000000014000c130                strtol
 .text          0x000000014000c138        0x8 C:/raylib/w64devkit/bin/../lib/gcc/x86_64-w64-mingw32/14.2.0/../../../../x86_64-w64-mingw32/lib/../lib/libmsvcrt.a(libmsvcrt_defs01208.o)
                0x000000014000c138                strtoul
 .text          0x000000014000c140        0x8 C:/raylib/w64devkit/bin/../lib/gcc/x86_64-w64-mingw32/14.2.0/../../../../x86_64-w64-mingw32/lib/../lib/libmsvcrt.a(libmsvcrt_defs01227.o)
                0x000000014000c140                tolower
 .text          0x000000014000c148        0x8 C:/raylib/w64devkit/bin/../lib/gcc/x86_64-w64-mingw32/14.2.0/../../../../x86_64-w64-mingw32/lib/../lib/libmsvcrt.a(libmsvcrt_defs01231.o)
                0x000000014000c148                ungetc
 .text          0x000000014000c150        0x8 C:/raylib/w64devkit/bin/../lib/gcc/x86_64-w64-mingw32/14.2.0/../../../../x86_64-w64-mingw32/lib/../lib/libmsvcrt.a(libmsvcrt_defs01233.o)
                0x000000014000c150                vfprintf
 .text          0x000000014000c158        0x8 C:/raylib/w64devkit/bin/../lib/gcc/x86_64-w64-mingw32/14.2.0/../../../../x86_64-w64-mingw32/lib/../lib/libmsvcrt.a(libmsvcrt_defs01251.o)
                0x000000014000c158                wcslen
 .text          0x000000014000c160        0x8 C:/raylib/w64devkit/bin/../lib/gcc/x86_64-w64-mingw32/14.2.0/../../../../x86_64-w64-mingw32/lib/../lib/libmsvcrt.a(libmsvcrt_defs01300.o)
                0x000000014000c160                strtoull
 .text          0x000000014000c168        0x8 C:/raylib/w64devkit/bin/../lib/gcc/x86_64-w64-mingw32/14.2.0/../../../../x86_64-w64-mingw32/lib/../lib/libmsvcrt.a(libmsvcrt_defs01301.o)
                0x000000014000c168                strtoll
 .text          0x000000014000c170        0x0 C:/raylib/w64devkit/bin/../lib/gcc/x86_64-w64-mingw32/14.2.0/../../../../x86_64-w64-mingw32/lib/../lib/libmsvcrt.a(libmsvcrt_defh.o)
 .text          0x000000014000c170        0x0 C:/raylib/w64devkit/bin/../lib/gcc/x86_64-w64-mingw32/14.2.0/../../../../x86_64-w64-mingw32/lib/../lib/libmsvcrt.a(libmsvcrt_deft.o)
 .text          0x000000014000c170        0x8 C:/raylib/w64devkit/bin/../lib/gcc/x86_64-w64-mingw32/14.2.0/../../../../x86_64-w64-mingw32/lib/../lib/libkernel32.a(libkernel32s01581.o)
                0x000000014000c170                WideCharToMultiByte
 .text          0x000000014000c178        0x8 C:/raylib/w64devkit/bin/../lib/gcc/x86_64-w64-mingw32/14.2.0/../../../../x86_64-w64-mingw32/lib/../lib/libkernel32.a(libkernel32s01528.o)
                0x000000014000c178                VirtualQuery
 .text          0x000000014000c180        0x8 C:/raylib/w64devkit/bin/../lib/gcc/x86_64-w64-mingw32/14.2.0/../../../../x86_64-w64-mingw32/lib/../lib/libkernel32.a(libkernel32s01526.o)
                0x000000014000c180                VirtualProtect
 .text          0x000000014000c188        0x8 C:/raylib/w64devkit/bin/../lib/gcc/x86_64-w64-mingw32/14.2.0/../../../../x86_64-w64-mingw32/lib/../lib/libkernel32.a(libkernel32s01479.o)
                0x000000014000c188                TlsGetValue
 .text          0x000000014000c190        0x8 C:/raylib/w64devkit/bin/../lib/gcc/x86_64-w64-mingw32/14.2.0/../../../../x86_64-w64-mingw32/lib/../lib/libkernel32.a(libkernel32s01443.o)
                0x000000014000c190                Sleep
 .text          0x000000014000c198        0x8 C:/raylib/w64devkit/bin/../lib/gcc/x86_64-w64-mingw32/14.2.0/../../../../x86_64-w64-mingw32/lib/../lib/libkernel32.a(libkernel32s01427.o)
                0x000000014000c198                SetUnhandledExceptionFilter
 .text          0x000000014000c1a0        0x8 C:/raylib/w64devkit/bin/../lib/gcc/x86_64-w64-mingw32/14.2.0/../../../../x86_64-w64-mingw32/lib/../lib/libkernel32.a(libkernel32s01059.o)
                0x000000014000c1a0                MultiByteToWideChar
 .text          0x000000014000c1a8        0x8 C:/raylib/w64devkit/bin/../lib/gcc/x86_64-w64-mingw32/14.2.0/../../../../x86_64-w64-mingw32/lib/../lib/libkernel32.a(libkernel32s01007.o)
                0x000000014000c1a8                LeaveCriticalSection
 .text          0x000000014000c1b0        0x8 C:/raylib/w64devkit/bin/../lib/gcc/x86_64-w64-mingw32/14.2.0/../../../../x86_64-w64-mingw32/lib/../lib/libkernel32.a(libkernel32s00940.o)
                0x000000014000c1b0                IsDBCSLeadByteEx
 .text          0x000000014000c1b8        0x8 C:/raylib/w64devkit/bin/../lib/gcc/x86_64-w64-mingw32/14.2.0/../../../../x86_64-w64-mingw32/lib/../lib/libkernel32.a(libkernel32s00913.o)
                0x000000014000c1b8                InitializeCriticalSection
 .text          0x000000014000c1c0        0x8 C:/raylib/w64devkit/bin/../lib/gcc/x86_64-w64-mingw32/14.2.0/../../../../x86_64-w64-mingw32/lib/../lib/libkernel32.a(libkernel32s00643.o)
                0x000000014000c1c0                GetLastError
 .text          0x000000014000c1c8        0x8 C:/raylib/w64devkit/bin/../lib/gcc/x86_64-w64-mingw32/14.2.0/../../../../x86_64-w64-mingw32/lib/../lib/libkernel32.a(libkernel32s00330.o)
                0x000000014000c1c8                EnterCriticalSection
 .text          0x000000014000c1d0        0x8 C:/raylib/w64devkit/bin/../lib/gcc/x86_64-w64-mingw32/14.2.0/../../../../x86_64-w64-mingw32/lib/../lib/libkernel32.a(libkernel32s00292.o)
                0x000000014000c1d0                DeleteCriticalSection
 *fill*         0x000000014000c1d8        0x8 
 .text          0x000000014000c1e0        0x0 C:/raylib/w64devkit/bin/../lib/gcc/x86_64-w64-mingw32/14.2.0/../../../../x86_64-w64-mingw32/lib/../lib/libkernel32.a(libkernel32h.o)
 .text          0x000000014000c1e0        0x0 C:/raylib/w64devkit/bin/../lib/gcc/x86_64-w64-mingw32/14.2.0/../../../../x86_64-w64-mingw32/lib/../lib/libkernel32.a(libkernel32t.o)
 .text          0x000000014000c1e0        0x0 C:/raylib/w64devkit/bin/../lib/gcc/x86_64-w64-mingw32/14.2.0/crtend.o
 *(SORT_BY_NAME(.text$*))
 *(.text.*)
 .text.startup  0x000000014000c1e0       0x10 C:/raylib/w64devkit/bin/../lib/gcc/x86_64-w64-mingw32/14.2.0/crtend.o
 *(.gnu.linkonce.t.*)
 *(.glue_7t)
 *(.glue_7)
                0x000000014000c1f0                . = ALIGN (0x8)
                0x000000014000c1f0                ___CTOR_LIST__ = .
                0x000000014000c1f0                __CTOR_LIST__ = .
                0x000000014000c1f0        0x4 LONG 0xffffffffffffffff
                0x000000014000c1f4        0x4 LONG 0xffffffffffffffff
 *(.ctors)
 *(.ctor)
 *(SORT_BY_NAME(.ctors.*))
 .ctors.65535   0x000000014000c1f8        0x8 C:/raylib/w64devkit/bin/../lib/gcc/x86_64-w64-mingw32/14.2.0/crtend.o
                0x000000014000c200        0x4 LONG 0x0
                0x000000014000c204        0x4 LONG 0x0
                0x000000014000c208                ___DTOR_LIST__ = .
                0x000000014000c208                __DTOR_LIST__ = .
                0x000000014000c208        0x4 LONG 0xffffffffffffffff
                0x000000014000c20c        0x4 LONG 0xffffffffffffffff
 *(.dtors)
 *(.dtor)
 *(SORT_BY_NAME(.dtors.*))
                0x000000014000c210        0x4 LONG 0x0
                0x000000014000c214        0x4 LONG 0x0
 *(SORT_NONE(.fini))
 *(.gcc_exc)
                [!provide]                        PROVIDE (etext = .)
 *(.gcc_except_table)

.data           0x000000014000d000      0x400
                0x000000014000d000                __data_start__ = .
 *(.data)
 .data          0x000000014000d000        0x0 C:/raylib/w64devkit/bin/../lib/gcc/x86_64-w64-mingw32/14.2.0/../../../../x86_64-w64-mingw32/lib/../lib/crt2.o
 .data          0x000000014000d000        0x0 C:/raylib/w64devkit/bin/../lib/gcc/x86_64-w64-mingw32/14.2.0/crtbegin.o
 .data          0x000000014000d000        0x0 build/biblioteca.o
 .data          0x000000014000d000        0x0 build/memory_management.o
 .data          0x000000014000d000       0x10 C:/raylib/w64devkit/bin/../lib/gcc/x86_64-w64-mingw32/14.2.0/../../../../x86_64-w64-mingw32/lib/../lib/libmingw32.a(lib64_libmingw32_a-gccmain.o)
 .data          0x000000014000d010       0x10 C:/raylib/w64devkit/bin/../lib/gcc/x86_64-w64-mingw32/14.2.0/../../../../x86_64-w64-mingw32/lib/../lib/libmingw32.a(lib64_libmingw32_a-natstart.o)
                0x000000014000d010                __native_vcclrit_reason
                0x000000014000d014                __native_dllmain_reason
 .data          0x000000014000d020        0x0 C:/raylib/w64devkit/bin/../lib/gcc/x86_64-w64-mingw32/14.2.0/../../../../x86_64-w64-mingw32/lib/../lib/libmingw32.a(lib64_libmingw32_a-wildcard.o)
 .data          0x000000014000d020        0x0 C:/raylib/w64devkit/bin/../lib/gcc/x86_64-w64-mingw32/14.2.0/../../../../x86_64-w64-mingw32/lib/../lib/libmingw32.a(lib64_libmingw32_a-dllargv.o)
 .data          0x000000014000d020        0x0 C:/raylib/w64devkit/bin/../lib/gcc/x86_64-w64-mingw32/14.2.0/../../../../x86_64-w64-mingw32/lib/../lib/libmingw32.a(lib64_libmingw32_a-_newmode.o)
 .data          0x000000014000d020        0x0 C:/raylib/w64devkit/bin/../lib/gcc/x86_64-w64-mingw32/14.2.0/../../../../x86_64-w64-mingw32/lib/../lib/libmingw32.a(lib64_libmingw32_a-tlssup.o)
 .data          0x000000014000d020        0x0 C:/raylib/w64devkit/bin/../lib/gcc/x86_64-w64-mingw32/14.2.0/../../../../x86_64-w64-mingw32/lib/../lib/libmingw32.a(lib64_libmingw32_a-xncommod.o)
 .data          0x000000014000d020        0x0 C:/raylib/w64devkit/bin/../lib/gcc/x86_64-w64-mingw32/14.2.0/../../../../x86_64-w64-mingw32/lib/../lib/libmingw32.a(lib64_libmingw32_a-cinitexe.o)
 .data          0x000000014000d020        0x0 C:/raylib/w64devkit/bin/../lib/gcc/x86_64-w64-mingw32/14.2.0/../../../../x86_64-w64-mingw32/lib/../lib/libmingw32.a(lib64_libmingw32_a-merr.o)
 .data          0x000000014000d020        0x0 C:/raylib/w64devkit/bin/../lib/gcc/x86_64-w64-mingw32/14.2.0/../../../../x86_64-w64-mingw32/lib/../lib/libmingw32.a(lib64_libmingw32_a-CRT_fp10.o)
 .data          0x000000014000d020        0x0 C:/raylib/w64devkit/bin/../lib/gcc/x86_64-w64-mingw32/14.2.0/../../../../x86_64-w64-mingw32/lib/../lib/libmingw32.a(lib64_libmingw32_a-mingw_helpers.o)
 .data          0x000000014000d020        0x0 C:/raylib/w64devkit/bin/../lib/gcc/x86_64-w64-mingw32/14.2.0/../../../../x86_64-w64-mingw32/lib/../lib/libmingw32.a(lib64_libmingw32_a-pseudo-reloc.o)
 .data          0x000000014000d020        0x0 C:/raylib/w64devkit/bin/../lib/gcc/x86_64-w64-mingw32/14.2.0/../../../../x86_64-w64-mingw32/lib/../lib/libmingw32.a(lib64_libmingw32_a-usermatherr.o)
 .data          0x000000014000d020        0x0 C:/raylib/w64devkit/bin/../lib/gcc/x86_64-w64-mingw32/14.2.0/../../../../x86_64-w64-mingw32/lib/../lib/libmingw32.a(lib64_libmingw32_a-xtxtmode.o)
 .data          0x000000014000d020        0x0 C:/raylib/w64devkit/bin/../lib/gcc/x86_64-w64-mingw32/14.2.0/../../../../x86_64-w64-mingw32/lib/../lib/libmingw32.a(lib64_libmingw32_a-crt_handler.o)
 .data          0x000000014000d020        0x0 C:/raylib/w64devkit/bin/../lib/gcc/x86_64-w64-mingw32/14.2.0/../../../../x86_64-w64-mingw32/lib/../lib/libmingw32.a(lib64_libmingw32_a-tlsthrd.o)
 .data          0x000000014000d020       0x10 C:/raylib/w64devkit/bin/../lib/gcc/x86_64-w64-mingw32/14.2.0/../../../../x86_64-w64-mingw32/lib/../lib/libmingw32.a(lib64_libmingw32_a-tlsmcrt.o)
                0x000000014000d020                _CRT_MT
 .data          0x000000014000d030        0x0 C:/raylib/w64devkit/bin/../lib/gcc/x86_64-w64-mingw32/14.2.0/../../../../x86_64-w64-mingw32/lib/../lib/libmingw32.a(lib64_libmingw32_a-pseudo-reloc-list.o)
 .data          0x000000014000d030        0x0 C:/raylib/w64devkit/bin/../lib/gcc/x86_64-w64-mingw32/14.2.0/../../../../x86_64-w64-mingw32/lib/../lib/libmingw32.a(lib64_libmingw32_a-pesect.o)
 .data          0x000000014000d030        0x0 C:/raylib/w64devkit/bin/../lib/gcc/x86_64-w64-mingw32/14.2.0/libgcc.a(_chkstk_ms.o)
 .data          0x000000014000d030        0x0 C:/raylib/w64devkit/bin/../lib/gcc/x86_64-w64-mingw32/14.2.0/libgcc.a(_ctors.o)
 .data          0x000000014000d030       0x10 C:/raylib/w64devkit/bin/../lib/gcc/x86_64-w64-mingw32/14.2.0/../../../../x86_64-w64-mingw32/lib/../lib/libmingwex.a(lib64_libmingwex_a-mingw_matherr.o)
                0x000000014000d030                _MINGW_INSTALL_DEBUG_MATHERR
 .data          0x000000014000d040        0x0 C:/raylib/w64devkit/bin/../lib/gcc/x86_64-w64-mingw32/14.2.0/../../../../x86_64-w64-mingw32/lib/../lib/libmingwex.a(lib64_libmingwex_a-mingw_vfprintf.o)
 .data          0x000000014000d040        0x0 C:/raylib/w64devkit/bin/../lib/gcc/x86_64-w64-mingw32/14.2.0/../../../../x86_64-w64-mingw32/lib/../lib/libmingwex.a(lib64_libmingwex_a-mingw_vfscanf.o)
 .data          0x000000014000d040       0x20 C:/raylib/w64devkit/bin/../lib/gcc/x86_64-w64-mingw32/14.2.0/../../../../x86_64-w64-mingw32/lib/../lib/libmingwex.a(lib64_libmingwex_a-strtof.o)
 .data          0x000000014000d060       0x20 C:/raylib/w64devkit/bin/../lib/gcc/x86_64-w64-mingw32/14.2.0/../../../../x86_64-w64-mingw32/lib/../lib/libmingwex.a(lib64_libmingwex_a-strtopx.o)
 .data          0x000000014000d080       0x20 C:/raylib/w64devkit/bin/../lib/gcc/x86_64-w64-mingw32/14.2.0/../../../../x86_64-w64-mingw32/lib/../lib/libmingwex.a(lib64_libmingwex_a-mingw_pformat.o)
 .data          0x000000014000d0a0        0x0 C:/raylib/w64devkit/bin/../lib/gcc/x86_64-w64-mingw32/14.2.0/../../../../x86_64-w64-mingw32/lib/../lib/libmingwex.a(lib64_libmingwex_a-dmisc.o)
 .data          0x000000014000d0a0        0x0 C:/raylib/w64devkit/bin/../lib/gcc/x86_64-w64-mingw32/14.2.0/../../../../x86_64-w64-mingw32/lib/../lib/libmingwex.a(lib64_libmingwex_a-gdtoa.o)
 .data          0x000000014000d0a0       0xa0 C:/raylib/w64devkit/bin/../lib/gcc/x86_64-w64-mingw32/14.2.0/../../../../x86_64-w64-mingw32/lib/../lib/libmingwex.a(lib64_libmingwex_a-g__fmt.o)
                0x000000014000d0a0                NanDflt_ldus_D2A
                0x000000014000d0b0                NanDflt_xL_D2A
                0x000000014000d0bc                NanDflt_f_D2A
                0x000000014000d0c0                NanDflt_d_D2A
                0x000000014000d0d0                NanDflt_Q_D2A
                0x000000014000d0e0                __NanName_D2A
                0x000000014000d100                __InfName_D2A
 .data          0x000000014000d140        0x0 C:/raylib/w64devkit/bin/../lib/gcc/x86_64-w64-mingw32/14.2.0/../../../../x86_64-w64-mingw32/lib/../lib/libmingwex.a(lib64_libmingwex_a-gmisc.o)
 .data          0x000000014000d140       0x10 C:/raylib/w64devkit/bin/../lib/gcc/x86_64-w64-mingw32/14.2.0/../../../../x86_64-w64-mingw32/lib/../lib/libmingwex.a(lib64_libmingwex_a-misc.o)
 .data          0x000000014000d150        0x0 C:/raylib/w64devkit/bin/../lib/gcc/x86_64-w64-mingw32/14.2.0/../../../../x86_64-w64-mingw32/lib/../lib/libmingwex.a(lib64_libmingwex_a-strtodg.o)
 .data          0x000000014000d150        0x0 C:/raylib/w64devkit/bin/../lib/gcc/x86_64-w64-mingw32/14.2.0/../../../../x86_64-w64-mingw32/lib/../lib/libmingwex.a(lib64_libmingwex_a-sum.o)
 .data          0x000000014000d150        0x0 C:/raylib/w64devkit/bin/../lib/gcc/x86_64-w64-mingw32/14.2.0/../../../../x86_64-w64-mingw32/lib/../lib/libmingwex.a(lib64_libmingwex_a-strnlen.o)
 .data          0x000000014000d150        0x0 C:/raylib/w64devkit/bin/../lib/gcc/x86_64-w64-mingw32/14.2.0/../../../../x86_64-w64-mingw32/lib/../lib/libmingwex.a(lib64_libmingwex_a-wcsnlen.o)
 .data          0x000000014000d150        0x0 C:/raylib/w64devkit/bin/../lib/gcc/x86_64-w64-mingw32/14.2.0/../../../../x86_64-w64-mingw32/lib/../lib/libmingwex.a(lib64_libmingwex_a-gethex.o)
 *fill*         0x000000014000d150       0x10 
 .data          0x000000014000d160      0x100 C:/raylib/w64devkit/bin/../lib/gcc/x86_64-w64-mingw32/14.2.0/../../../../x86_64-w64-mingw32/lib/../lib/libmingwex.a(lib64_libmingwex_a-hd_init.o)
                0x000000014000d160                __hexdig_D2A
 .data          0x000000014000d260        0x0 C:/raylib/w64devkit/bin/../lib/gcc/x86_64-w64-mingw32/14.2.0/../../../../x86_64-w64-mingw32/lib/../lib/libmingwex.a(lib64_libmingwex_a-hexnan.o)
 .data          0x000000014000d260        0x0 C:/raylib/w64devkit/bin/../lib/gcc/x86_64-w64-mingw32/14.2.0/../../../../x86_64-w64-mingw32/lib/../lib/libmingwex.a(lib64_libmingwex_a-smisc.o)
 .data          0x000000014000d260       0x10 C:/raylib/w64devkit/bin/../lib/gcc/x86_64-w64-mingw32/14.2.0/../../../../x86_64-w64-mingw32/lib/../lib/libmsvcrt.a(lib64_libmsvcrt_extra_a-__p__fmode.o)
                0x000000014000d260                __imp___p__fmode
 .data          0x000000014000d270       0x10 C:/raylib/w64devkit/bin/../lib/gcc/x86_64-w64-mingw32/14.2.0/../../../../x86_64-w64-mingw32/lib/../lib/libmsvcrt.a(lib64_libmsvcrt_extra_a-__p__commode.o)
                0x000000014000d270                __imp___p__commode
 .data          0x000000014000d280       0x10 C:/raylib/w64devkit/bin/../lib/gcc/x86_64-w64-mingw32/14.2.0/../../../../x86_64-w64-mingw32/lib/../lib/libmsvcrt.a(lib64_libmsvcrt_extra_a-mingw_lock.o)
                0x000000014000d280                __imp__unlock_file
                0x000000014000d288                __imp__lock_file
 .data          0x000000014000d290       0x10 C:/raylib/w64devkit/bin/../lib/gcc/x86_64-w64-mingw32/14.2.0/../../../../x86_64-w64-mingw32/lib/../lib/libmsvcrt.a(lib64_libmsvcrt_extra_a-invalid_parameter_handler.o)
                0x000000014000d290                __imp__get_invalid_parameter_handler
                0x000000014000d298                __imp__set_invalid_parameter_handler
 .data          0x000000014000d2a0       0x10 C:/raylib/w64devkit/bin/../lib/gcc/x86_64-w64-mingw32/14.2.0/../../../../x86_64-w64-mingw32/lib/../lib/libmsvcrt.a(lib64_libmsvcrt_common_a-acrt_iob_func.o)
                0x000000014000d2a0                __imp___acrt_iob_func
 .data          0x000000014000d2b0        0x0 C:/raylib/w64devkit/bin/../lib/gcc/x86_64-w64-mingw32/14.2.0/../../../../x86_64-w64-mingw32/lib/../lib/libmsvcrt.a(lib64_libmsvcrt_common_a-wcrtomb.o)
 .data          0x000000014000d2b0        0x0 C:/raylib/w64devkit/bin/../lib/gcc/x86_64-w64-mingw32/14.2.0/../../../../x86_64-w64-mingw32/lib/../lib/libmsvcrt.a(lib64_libmsvcrt_common_a-mbrtowc.o)
 .data          0x000000014000d2b0        0x0 C:/raylib/w64devkit/bin/../lib/gcc/x86_64-w64-mingw32/14.2.0/../../../../x86_64-w64-mingw32/lib/../lib/libmsvcrt.a(libmsvcrt_defs00106.o)
 .data          0x000000014000d2b0        0x0 C:/raylib/w64devkit/bin/../lib/gcc/x86_64-w64-mingw32/14.2.0/../../../../x86_64-w64-mingw32/lib/../lib/libmsvcrt.a(libmsvcrt_defs00126.o)
 .data          0x000000014000d2b0        0x0 C:/raylib/w64devkit/bin/../lib/gcc/x86_64-w64-mingw32/14.2.0/../../../../x86_64-w64-mingw32/lib/../lib/libmsvcrt.a(libmsvcrt_defs00129.o)
 .data          0x000000014000d2b0        0x0 C:/raylib/w64devkit/bin/../lib/gcc/x86_64-w64-mingw32/14.2.0/../../../../x86_64-w64-mingw32/lib/../lib/libmsvcrt.a(libmsvcrt_defs00146.o)
 .data          0x000000014000d2b0        0x0 C:/raylib/w64devkit/bin/../lib/gcc/x86_64-w64-mingw32/14.2.0/../../../../x86_64-w64-mingw32/lib/../lib/libmsvcrt.a(libmsvcrt_defs00147.o)
 .data          0x000000014000d2b0        0x0 C:/raylib/w64devkit/bin/../lib/gcc/x86_64-w64-mingw32/14.2.0/../../../../x86_64-w64-mingw32/lib/../lib/libmsvcrt.a(libmsvcrt_defs00148.o)
 .data          0x000000014000d2b0        0x0 C:/raylib/w64devkit/bin/../lib/gcc/x86_64-w64-mingw32/14.2.0/../../../../x86_64-w64-mingw32/lib/../lib/libmsvcrt.a(libmsvcrt_defs00161.o)
 .data          0x000000014000d2b0        0x0 C:/raylib/w64devkit/bin/../lib/gcc/x86_64-w64-mingw32/14.2.0/../../../../x86_64-w64-mingw32/lib/../lib/libmsvcrt.a(libmsvcrt_defs00163.o)
 .data          0x000000014000d2b0        0x0 C:/raylib/w64devkit/bin/../lib/gcc/x86_64-w64-mingw32/14.2.0/../../../../x86_64-w64-mingw32/lib/../lib/libmsvcrt.a(libmsvcrt_defs00192.o)
 .data          0x000000014000d2b0        0x0 C:/raylib/w64devkit/bin/../lib/gcc/x86_64-w64-mingw32/14.2.0/../../../../x86_64-w64-mingw32/lib/../lib/libmsvcrt.a(libmsvcrt_defs00211.o)
 .data          0x000000014000d2b0        0x0 C:/raylib/w64devkit/bin/../lib/gcc/x86_64-w64-mingw32/14.2.0/../../../../x86_64-w64-mingw32/lib/../lib/libmsvcrt.a(libmsvcrt_defs00225.o)
 .data          0x000000014000d2b0        0x0 C:/raylib/w64devkit/bin/../lib/gcc/x86_64-w64-mingw32/14.2.0/../../../../x86_64-w64-mingw32/lib/../lib/libmsvcrt.a(libmsvcrt_defs00267.o)
 .data          0x000000014000d2b0        0x0 C:/raylib/w64devkit/bin/../lib/gcc/x86_64-w64-mingw32/14.2.0/../../../../x86_64-w64-mingw32/lib/../lib/libmsvcrt.a(libmsvcrt_defs00301.o)
 .data          0x000000014000d2b0        0x0 C:/raylib/w64devkit/bin/../lib/gcc/x86_64-w64-mingw32/14.2.0/../../../../x86_64-w64-mingw32/lib/../lib/libmsvcrt.a(libmsvcrt_defs00380.o)
 .data          0x000000014000d2b0        0x0 C:/raylib/w64devkit/bin/../lib/gcc/x86_64-w64-mingw32/14.2.0/../../../../x86_64-w64-mingw32/lib/../lib/libmsvcrt.a(libmsvcrt_defs00483.o)
 .data          0x000000014000d2b0        0x0 C:/raylib/w64devkit/bin/../lib/gcc/x86_64-w64-mingw32/14.2.0/../../../../x86_64-w64-mingw32/lib/../lib/libmsvcrt.a(libmsvcrt_defs00652.o)
 .data          0x000000014000d2b0        0x0 C:/raylib/w64devkit/bin/../lib/gcc/x86_64-w64-mingw32/14.2.0/../../../../x86_64-w64-mingw32/lib/../lib/libmsvcrt.a(libmsvcrt_defs00943.o)
 .data          0x000000014000d2b0        0x0 C:/raylib/w64devkit/bin/../lib/gcc/x86_64-w64-mingw32/14.2.0/../../../../x86_64-w64-mingw32/lib/../lib/libmsvcrt.a(libmsvcrt_defs01041.o)
 .data          0x000000014000d2b0        0x0 C:/raylib/w64devkit/bin/../lib/gcc/x86_64-w64-mingw32/14.2.0/../../../../x86_64-w64-mingw32/lib/../lib/libmsvcrt.a(libmsvcrt_defs01057.o)
 .data          0x000000014000d2b0        0x0 C:/raylib/w64devkit/bin/../lib/gcc/x86_64-w64-mingw32/14.2.0/../../../../x86_64-w64-mingw32/lib/../lib/libmsvcrt.a(libmsvcrt_defs01069.o)
 .data          0x000000014000d2b0        0x0 C:/raylib/w64devkit/bin/../lib/gcc/x86_64-w64-mingw32/14.2.0/../../../../x86_64-w64-mingw32/lib/../lib/libmsvcrt.a(libmsvcrt_defs01073.o)
 .data          0x000000014000d2b0        0x0 C:/raylib/w64devkit/bin/../lib/gcc/x86_64-w64-mingw32/14.2.0/../../../../x86_64-w64-mingw32/lib/../lib/libmsvcrt.a(libmsvcrt_defs01074.o)
 .data          0x000000014000d2b0        0x0 C:/raylib/w64devkit/bin/../lib/gcc/x86_64-w64-mingw32/14.2.0/../../../../x86_64-w64-mingw32/lib/../lib/libmsvcrt.a(libmsvcrt_defs01079.o)
 .data          0x000000014000d2b0        0x0 C:/raylib/w64devkit/bin/../lib/gcc/x86_64-w64-mingw32/14.2.0/../../../../x86_64-w64-mingw32/lib/../lib/libmsvcrt.a(libmsvcrt_defs01086.o)
 .data          0x000000014000d2b0        0x0 C:/raylib/w64devkit/bin/../lib/gcc/x86_64-w64-mingw32/14.2.0/../../../../x86_64-w64-mingw32/lib/../lib/libmsvcrt.a(libmsvcrt_defs01087.o)
 .data          0x000000014000d2b0        0x0 C:/raylib/w64devkit/bin/../lib/gcc/x86_64-w64-mingw32/14.2.0/../../../../x86_64-w64-mingw32/lib/../lib/libmsvcrt.a(libmsvcrt_defs01088.o)
 .data          0x000000014000d2b0        0x0 C:/raylib/w64devkit/bin/../lib/gcc/x86_64-w64-mingw32/14.2.0/../../../../x86_64-w64-mingw32/lib/../lib/libmsvcrt.a(libmsvcrt_defs01089.o)
 .data          0x000000014000d2b0        0x0 C:/raylib/w64devkit/bin/../lib/gcc/x86_64-w64-mingw32/14.2.0/../../../../x86_64-w64-mingw32/lib/../lib/libmsvcrt.a(libmsvcrt_defs01093.o)
 .data          0x000000014000d2b0        0x0 C:/raylib/w64devkit/bin/../lib/gcc/x86_64-w64-mingw32/14.2.0/../../../../x86_64-w64-mingw32/lib/../lib/libmsvcrt.a(libmsvcrt_defs01103.o)
 .data          0x000000014000d2b0        0x0 C:/raylib/w64devkit/bin/../lib/gcc/x86_64-w64-mingw32/14.2.0/../../../../x86_64-w64-mingw32/lib/../lib/libmsvcrt.a(libmsvcrt_defs01104.o)
 .data          0x000000014000d2b0        0x0 C:/raylib/w64devkit/bin/../lib/gcc/x86_64-w64-mingw32/14.2.0/../../../../x86_64-w64-mingw32/lib/../lib/libmsvcrt.a(libmsvcrt_defs01120.o)
 .data          0x000000014000d2b0        0x0 C:/raylib/w64devkit/bin/../lib/gcc/x86_64-w64-mingw32/14.2.0/../../../../x86_64-w64-mingw32/lib/../lib/libmsvcrt.a(libmsvcrt_defs01135.o)
 .data          0x000000014000d2b0        0x0 C:/raylib/w64devkit/bin/../lib/gcc/x86_64-w64-mingw32/14.2.0/../../../../x86_64-w64-mingw32/lib/../lib/libmsvcrt.a(libmsvcrt_defs01139.o)
 .data          0x000000014000d2b0        0x0 C:/raylib/w64devkit/bin/../lib/gcc/x86_64-w64-mingw32/14.2.0/../../../../x86_64-w64-mingw32/lib/../lib/libmsvcrt.a(libmsvcrt_defs01146.o)
 .data          0x000000014000d2b0        0x0 C:/raylib/w64devkit/bin/../lib/gcc/x86_64-w64-mingw32/14.2.0/../../../../x86_64-w64-mingw32/lib/../lib/libmsvcrt.a(libmsvcrt_defs01170.o)
 .data          0x000000014000d2b0        0x0 C:/raylib/w64devkit/bin/../lib/gcc/x86_64-w64-mingw32/14.2.0/../../../../x86_64-w64-mingw32/lib/../lib/libmsvcrt.a(libmsvcrt_defs01179.o)
 .data          0x000000014000d2b0        0x0 C:/raylib/w64devkit/bin/../lib/gcc/x86_64-w64-mingw32/14.2.0/../../../../x86_64-w64-mingw32/lib/../lib/libmsvcrt.a(libmsvcrt_defs01191.o)
 .data          0x000000014000d2b0        0x0 C:/raylib/w64devkit/bin/../lib/gcc/x86_64-w64-mingw32/14.2.0/../../../../x86_64-w64-mingw32/lib/../lib/libmsvcrt.a(libmsvcrt_defs01194.o)
 .data          0x000000014000d2b0        0x0 C:/raylib/w64devkit/bin/../lib/gcc/x86_64-w64-mingw32/14.2.0/../../../../x86_64-w64-mingw32/lib/../lib/libmsvcrt.a(libmsvcrt_defs01195.o)
 .data          0x000000014000d2b0        0x0 C:/raylib/w64devkit/bin/../lib/gcc/x86_64-w64-mingw32/14.2.0/../../../../x86_64-w64-mingw32/lib/../lib/libmsvcrt.a(libmsvcrt_defs01197.o)
 .data          0x000000014000d2b0        0x0 C:/raylib/w64devkit/bin/../lib/gcc/x86_64-w64-mingw32/14.2.0/../../../../x86_64-w64-mingw32/lib/../lib/libmsvcrt.a(libmsvcrt_defs01199.o)
 .data          0x000000014000d2b0        0x0 C:/raylib/w64devkit/bin/../lib/gcc/x86_64-w64-mingw32/14.2.0/../../../../x86_64-w64-mingw32/lib/../lib/libmsvcrt.a(libmsvcrt_defs01207.o)
 .data          0x000000014000d2b0        0x0 C:/raylib/w64devkit/bin/../lib/gcc/x86_64-w64-mingw32/14.2.0/../../../../x86_64-w64-mingw32/lib/../lib/libmsvcrt.a(libmsvcrt_defs01208.o)
 .data          0x000000014000d2b0        0x0 C:/raylib/w64devkit/bin/../lib/gcc/x86_64-w64-mingw32/14.2.0/../../../../x86_64-w64-mingw32/lib/../lib/libmsvcrt.a(libmsvcrt_defs01227.o)
 .data          0x000000014000d2b0        0x0 C:/raylib/w64devkit/bin/../lib/gcc/x86_64-w64-mingw32/14.2.0/../../../../x86_64-w64-mingw32/lib/../lib/libmsvcrt.a(libmsvcrt_defs01231.o)
 .data          0x000000014000d2b0        0x0 C:/raylib/w64devkit/bin/../lib/gcc/x86_64-w64-mingw32/14.2.0/../../../../x86_64-w64-mingw32/lib/../lib/libmsvcrt.a(libmsvcrt_defs01233.o)
 .data          0x000000014000d2b0        0x0 C:/raylib/w64devkit/bin/../lib/gcc/x86_64-w64-mingw32/14.2.0/../../../../x86_64-w64-mingw32/lib/../lib/libmsvcrt.a(libmsvcrt_defs01251.o)
 .data          0x000000014000d2b0        0x0 C:/raylib/w64devkit/bin/../lib/gcc/x86_64-w64-mingw32/14.2.0/../../../../x86_64-w64-mingw32/lib/../lib/libmsvcrt.a(libmsvcrt_defs01300.o)
 .data          0x000000014000d2b0        0x0 C:/raylib/w64devkit/bin/../lib/gcc/x86_64-w64-mingw32/14.2.0/../../../../x86_64-w64-mingw32/lib/../lib/libmsvcrt.a(libmsvcrt_defs01301.o)
 .data          0x000000014000d2b0        0x0 C:/raylib/w64devkit/bin/../lib/gcc/x86_64-w64-mingw32/14.2.0/../../../../x86_64-w64-mingw32/lib/../lib/libmsvcrt.a(libmsvcrt_defh.o)
 .data          0x000000014000d2b0        0x0 C:/raylib/w64devkit/bin/../lib/gcc/x86_64-w64-mingw32/14.2.0/../../../../x86_64-w64-mingw32/lib/../lib/libmsvcrt.a(libmsvcrt_deft.o)
 .data          0x000000014000d2b0        0x0 C:/raylib/w64devkit/bin/../lib/gcc/x86_64-w64-mingw32/14.2.0/../../../../x86_64-w64-mingw32/lib/../lib/libkernel32.a(libkernel32s01581.o)
 .data          0x000000014000d2b0        0x0 C:/raylib/w64devkit/bin/../lib/gcc/x86_64-w64-mingw32/14.2.0/../../../../x86_64-w64-mingw32/lib/../lib/libkernel32.a(libkernel32s01528.o)
 .data          0x000000014000d2b0        0x0 C:/raylib/w64devkit/bin/../lib/gcc/x86_64-w64-mingw32/14.2.0/../../../../x86_64-w64-mingw32/lib/../lib/libkernel32.a(libkernel32s01526.o)
 .data          0x000000014000d2b0        0x0 C:/raylib/w64devkit/bin/../lib/gcc/x86_64-w64-mingw32/14.2.0/../../../../x86_64-w64-mingw32/lib/../lib/libkernel32.a(libkernel32s01479.o)
 .data          0x000000014000d2b0        0x0 C:/raylib/w64devkit/bin/../lib/gcc/x86_64-w64-mingw32/14.2.0/../../../../x86_64-w64-mingw32/lib/../lib/libkernel32.a(libkernel32s01443.o)
 .data          0x000000014000d2b0        0x0 C:/raylib/w64devkit/bin/../lib/gcc/x86_64-w64-mingw32/14.2.0/../../../../x86_64-w64-mingw32/lib/../lib/libkernel32.a(libkernel32s01427.o)
 .data          0x000000014000d2b0        0x0 C:/raylib/w64devkit/bin/../lib/gcc/x86_64-w64-mingw32/14.2.0/../../../../x86_64-w64-mingw32/lib/../lib/libkernel32.a(libkernel32s01059.o)
 .data          0x000000014000d2b0        0x0 C:/raylib/w64devkit/bin/../lib/gcc/x86_64-w64-mingw32/14.2.0/../../../../x86_64-w64-mingw32/lib/../lib/libkernel32.a(libkernel32s01007.o)
 .data          0x000000014000d2b0        0x0 C:/raylib/w64devkit/bin/../lib/gcc/x86_64-w64-mingw32/14.2.0/../../../../x86_64-w64-mingw32/lib/../lib/libkernel32.a(libkernel32s00940.o)
 .data          0x000000014000d2b0        0x0 C:/raylib/w64devkit/bin/../lib/gcc/x86_64-w64-mingw32/14.2.0/../../../../x86_64-w64-mingw32/lib/../lib/libkernel32.a(libkernel32s00913.o)
 .data          0x000000014000d2b0        0x0 C:/raylib/w64devkit/bin/../lib/gcc/x86_64-w64-mingw32/14.2.0/../../../../x86_64-w64-mingw32/lib/../lib/libkernel32.a(libkernel32s00643.o)
 .data          0x000000014000d2b0        0x0 C:/raylib/w64devkit/bin/../lib/gcc/x86_64-w64-mingw32/14.2.0/../../../../x86_64-w64-mingw32/lib/../lib/libkernel32.a(libkernel32s00330.o)
 .data          0x000000014000d2b0        0x0 C:/raylib/w64devkit/bin/../lib/gcc/x86_64-w64-mingw32/14.2.0/../../../../x86_64-w64-mingw32/lib/../lib/libkernel32.a(libkernel32s00292.o)
 .data          0x000000014000d2b0        0x0 C:/raylib/w64devkit/bin/../lib/gcc/x86_64-w64-mingw32/14.2.0/../../../../x86_64-w64-mingw32/lib/../lib/libkernel32.a(libkernel32h.o)
 .data          0x000000014000d2b0        0x0 C:/raylib/w64devkit/bin/../lib/gcc/x86_64-w64-mingw32/14.2.0/../../../../x86_64-w64-mingw32/lib/../lib/libkernel32.a(libkernel32t.o)
 .data          0x000000014000d2b0        0x0 C:/raylib/w64devkit/bin/../lib/gcc/x86_64-w64-mingw32/14.2.0/crtend.o
 *(.data2)
 *(SORT_BY_NAME(.data$*))
 *(.jcr)
                0x000000014000d2b0                __data_end__ = .
 *(.data_cygwin_nocopy)

.rdata          0x000000014000e000     0x1e00
 *(.rdata)
 .rdata         0x000000014000e000      0xb00 build/biblioteca.o
 .rdata         0x000000014000eb00       0x60 C:/raylib/w64devkit/bin/../lib/gcc/x86_64-w64-mingw32/14.2.0/../../../../x86_64-w64-mingw32/lib/../lib/libmingw32.a(lib64_libmingw32_a-tlssup.o)
                0x000000014000eb00                __dyn_tls_init_callback
                0x000000014000eb20                _tls_used
 .rdata         0x000000014000eb60      0x130 C:/raylib/w64devkit/bin/../lib/gcc/x86_64-w64-mingw32/14.2.0/../../../../x86_64-w64-mingw32/lib/../lib/libmingw32.a(lib64_libmingw32_a-merr.o)
 .rdata         0x000000014000ec90      0x150 C:/raylib/w64devkit/bin/../lib/gcc/x86_64-w64-mingw32/14.2.0/../../../../x86_64-w64-mingw32/lib/../lib/libmingw32.a(lib64_libmingw32_a-pseudo-reloc.o)
 .rdata         0x000000014000ede0       0x30 C:/raylib/w64devkit/bin/../lib/gcc/x86_64-w64-mingw32/14.2.0/../../../../x86_64-w64-mingw32/lib/../lib/libmingw32.a(lib64_libmingw32_a-crt_handler.o)
 .rdata         0x000000014000ee10       0xe0 C:/raylib/w64devkit/bin/../lib/gcc/x86_64-w64-mingw32/14.2.0/../../../../x86_64-w64-mingw32/lib/../lib/libmingwex.a(lib64_libmingwex_a-mingw_vfscanf.o)
 .rdata         0x000000014000eef0       0x20 C:/raylib/w64devkit/bin/../lib/gcc/x86_64-w64-mingw32/14.2.0/../../../../x86_64-w64-mingw32/lib/../lib/libmingwex.a(lib64_libmingwex_a-strtof.o)
 .rdata         0x000000014000ef10       0x20 C:/raylib/w64devkit/bin/../lib/gcc/x86_64-w64-mingw32/14.2.0/../../../../x86_64-w64-mingw32/lib/../lib/libmingwex.a(lib64_libmingwex_a-strtopx.o)
 .rdata         0x000000014000ef30      0x190 C:/raylib/w64devkit/bin/../lib/gcc/x86_64-w64-mingw32/14.2.0/../../../../x86_64-w64-mingw32/lib/../lib/libmingwex.a(lib64_libmingwex_a-mingw_pformat.o)
 .rdata         0x000000014000f0c0       0x80 C:/raylib/w64devkit/bin/../lib/gcc/x86_64-w64-mingw32/14.2.0/../../../../x86_64-w64-mingw32/lib/../lib/libmingwex.a(lib64_libmingwex_a-gdtoa.o)
 .rdata         0x000000014000f140       0x50 C:/raylib/w64devkit/bin/../lib/gcc/x86_64-w64-mingw32/14.2.0/../../../../x86_64-w64-mingw32/lib/../lib/libmingwex.a(lib64_libmingwex_a-g__fmt.o)
 *fill*         0x000000014000f190       0x10 
 .rdata         0x000000014000f1a0      0x160 C:/raylib/w64devkit/bin/../lib/gcc/x86_64-w64-mingw32/14.2.0/../../../../x86_64-w64-mingw32/lib/../lib/libmingwex.a(lib64_libmingwex_a-misc.o)
                0x000000014000f1c0                __tens_D2A
                0x000000014000f280                __tinytens_D2A
                0x000000014000f2c0                __bigtens_D2A
 .rdata         0x000000014000f300       0xc0 C:/raylib/w64devkit/bin/../lib/gcc/x86_64-w64-mingw32/14.2.0/../../../../x86_64-w64-mingw32/lib/../lib/libmingwex.a(lib64_libmingwex_a-strtodg.o)
 *(SORT_BY_NAME(.rdata$*))
 .rdata$.refptr.NanDflt_ldus_D2A
                0x000000014000f3c0       0x10 C:/raylib/w64devkit/bin/../lib/gcc/x86_64-w64-mingw32/14.2.0/../../../../x86_64-w64-mingw32/lib/../lib/libmingwex.a(lib64_libmingwex_a-strtopx.o)
                0x000000014000f3c0                .refptr.NanDflt_ldus_D2A
 .rdata$.refptr._CRT_MT
                0x000000014000f3d0       0x10 C:/raylib/w64devkit/bin/../lib/gcc/x86_64-w64-mingw32/14.2.0/../../../../x86_64-w64-mingw32/lib/../lib/libmingw32.a(lib64_libmingw32_a-tlssup.o)
                0x000000014000f3d0                .refptr._CRT_MT
 .rdata$.refptr._MINGW_INSTALL_DEBUG_MATHERR
                0x000000014000f3e0       0x10 C:/raylib/w64devkit/bin/../lib/gcc/x86_64-w64-mingw32/14.2.0/../../../../x86_64-w64-mingw32/lib/../lib/crt2.o
                0x000000014000f3e0                .refptr._MINGW_INSTALL_DEBUG_MATHERR
 .rdata$.refptr.__CTOR_LIST__
                0x000000014000f3f0       0x10 C:/raylib/w64devkit/bin/../lib/gcc/x86_64-w64-mingw32/14.2.0/../../../../x86_64-w64-mingw32/lib/../lib/libmingw32.a(lib64_libmingw32_a-gccmain.o)
                0x000000014000f3f0                .refptr.__CTOR_LIST__
 .rdata$.refptr.__ImageBase
                0x000000014000f400       0x10 C:/raylib/w64devkit/bin/../lib/gcc/x86_64-w64-mingw32/14.2.0/../../../../x86_64-w64-mingw32/lib/../lib/crt2.o
                0x000000014000f400                .refptr.__ImageBase
 .rdata$.refptr.__RUNTIME_PSEUDO_RELOC_LIST_END__
                0x000000014000f410       0x10 C:/raylib/w64devkit/bin/../lib/gcc/x86_64-w64-mingw32/14.2.0/../../../../x86_64-w64-mingw32/lib/../lib/libmingw32.a(lib64_libmingw32_a-pseudo-reloc.o)
                0x000000014000f410                .refptr.__RUNTIME_PSEUDO_RELOC_LIST_END__
 .rdata$.refptr.__RUNTIME_PSEUDO_RELOC_LIST__
                0x000000014000f420       0x10 C:/raylib/w64devkit/bin/../lib/gcc/x86_64-w64-mingw32/14.2.0/../../../../x86_64-w64-mingw32/lib/../lib/libmingw32.a(lib64_libmingw32_a-pseudo-reloc.o)
                0x000000014000f420                .refptr.__RUNTIME_PSEUDO_RELOC_LIST__
 .rdata$.refptr.__bigtens_D2A
                0x000000014000f430       0x10 C:/raylib/w64devkit/bin/../lib/gcc/x86_64-w64-mingw32/14.2.0/../../../../x86_64-w64-mingw32/lib/../lib/libmingwex.a(lib64_libmingwex_a-strtodg.o)
                0x000000014000f430                .refptr.__bigtens_D2A
 .rdata$.refptr.__dyn_tls_init_callback
                0x000000014000f440       0x10 C:/raylib/w64devkit/bin/../lib/gcc/x86_64-w64-mingw32/14.2.0/../../../../x86_64-w64-mingw32/lib/../lib/crt2.o
                0x000000014000f440                .refptr.__dyn_tls_init_callback
 .rdata$.refptr.__hexdig_D2A
                0x000000014000f450       0x10 C:/raylib/w64devkit/bin/../lib/gcc/x86_64-w64-mingw32/14.2.0/../../../../x86_64-w64-mingw32/lib/../lib/libmingwex.a(lib64_libmingwex_a-gethex.o)
                0x000000014000f450                .refptr.__hexdig_D2A
 .rdata$.refptr.__imp___initenv
                0x000000014000f460       0x10 C:/raylib/w64devkit/bin/../lib/gcc/x86_64-w64-mingw32/14.2.0/../../../../x86_64-w64-mingw32/lib/../lib/crt2.o
                0x000000014000f460                .refptr.__imp___initenv
 .rdata$.refptr.__imp__commode
                0x000000014000f470       0x10 C:/raylib/w64devkit/bin/../lib/gcc/x86_64-w64-mingw32/14.2.0/../../../../x86_64-w64-mingw32/lib/../lib/libmsvcrt.a(lib64_libmsvcrt_extra_a-__p__commode.o)
                0x000000014000f470                .refptr.__imp__commode
 .rdata$.refptr.__imp__fmode
                0x000000014000f480       0x10 C:/raylib/w64devkit/bin/../lib/gcc/x86_64-w64-mingw32/14.2.0/../../../../x86_64-w64-mingw32/lib/../lib/libmsvcrt.a(lib64_libmsvcrt_extra_a-__p__fmode.o)
                0x000000014000f480                .refptr.__imp__fmode
 .rdata$.refptr.__mingw_app_type
                0x000000014000f490       0x10 C:/raylib/w64devkit/bin/../lib/gcc/x86_64-w64-mingw32/14.2.0/../../../../x86_64-w64-mingw32/lib/../lib/crt2.o
                0x000000014000f490                .refptr.__mingw_app_type
 .rdata$.refptr.__mingw_initltsdrot_force
                0x000000014000f4a0       0x10 C:/raylib/w64devkit/bin/../lib/gcc/x86_64-w64-mingw32/14.2.0/../../../../x86_64-w64-mingw32/lib/../lib/crt2.o
                0x000000014000f4a0                .refptr.__mingw_initltsdrot_force
 .rdata$.refptr.__mingw_initltsdyn_force
                0x000000014000f4b0       0x10 C:/raylib/w64devkit/bin/../lib/gcc/x86_64-w64-mingw32/14.2.0/../../../../x86_64-w64-mingw32/lib/../lib/crt2.o
                0x000000014000f4b0                .refptr.__mingw_initltsdyn_force
 .rdata$.refptr.__mingw_initltssuo_force
                0x000000014000f4c0       0x10 C:/raylib/w64devkit/bin/../lib/gcc/x86_64-w64-mingw32/14.2.0/../../../../x86_64-w64-mingw32/lib/../lib/crt2.o
                0x000000014000f4c0                .refptr.__mingw_initltssuo_force
 .rdata$.refptr.__mingw_oldexcpt_handler
                0x000000014000f4d0       0x10 C:/raylib/w64devkit/bin/../lib/gcc/x86_64-w64-mingw32/14.2.0/../../../../x86_64-w64-mingw32/lib/../lib/crt2.o
                0x000000014000f4d0                .refptr.__mingw_oldexcpt_handler
 .rdata$.refptr.__native_startup_lock
                0x000000014000f4e0       0x10 C:/raylib/w64devkit/bin/../lib/gcc/x86_64-w64-mingw32/14.2.0/../../../../x86_64-w64-mingw32/lib/../lib/crt2.o
                0x000000014000f4e0                .refptr.__native_startup_lock
 .rdata$.refptr.__native_startup_state
                0x000000014000f4f0       0x10 C:/raylib/w64devkit/bin/../lib/gcc/x86_64-w64-mingw32/14.2.0/../../../../x86_64-w64-mingw32/lib/../lib/crt2.o
                0x000000014000f4f0                .refptr.__native_startup_state
 .rdata$.refptr.__tens_D2A
                0x000000014000f500       0x10 C:/raylib/w64devkit/bin/../lib/gcc/x86_64-w64-mingw32/14.2.0/../../../../x86_64-w64-mingw32/lib/../lib/libmingwex.a(lib64_libmingwex_a-gdtoa.o)
                0x000000014000f500                .refptr.__tens_D2A
 .rdata$.refptr.__tinytens_D2A
                0x000000014000f510       0x10 C:/raylib/w64devkit/bin/../lib/gcc/x86_64-w64-mingw32/14.2.0/../../../../x86_64-w64-mingw32/lib/../lib/libmingwex.a(lib64_libmingwex_a-strtodg.o)
                0x000000014000f510                .refptr.__tinytens_D2A
 .rdata$.refptr.__xc_a
                0x000000014000f520       0x10 C:/raylib/w64devkit/bin/../lib/gcc/x86_64-w64-mingw32/14.2.0/../../../../x86_64-w64-mingw32/lib/../lib/crt2.o
                0x000000014000f520                .refptr.__xc_a
 .rdata$.refptr.__xc_z
                0x000000014000f530       0x10 C:/raylib/w64devkit/bin/../lib/gcc/x86_64-w64-mingw32/14.2.0/../../../../x86_64-w64-mingw32/lib/../lib/crt2.o
                0x000000014000f530                .refptr.__xc_z
 .rdata$.refptr.__xi_a
                0x000000014000f540       0x10 C:/raylib/w64devkit/bin/../lib/gcc/x86_64-w64-mingw32/14.2.0/../../../../x86_64-w64-mingw32/lib/../lib/crt2.o
                0x000000014000f540                .refptr.__xi_a
 .rdata$.refptr.__xi_z
                0x000000014000f550       0x10 C:/raylib/w64devkit/bin/../lib/gcc/x86_64-w64-mingw32/14.2.0/../../../../x86_64-w64-mingw32/lib/../lib/crt2.o
                0x000000014000f550                .refptr.__xi_z
 .rdata$.refptr._commode
                0x000000014000f560       0x10 C:/raylib/w64devkit/bin/../lib/gcc/x86_64-w64-mingw32/14.2.0/../../../../x86_64-w64-mingw32/lib/../lib/crt2.o
                0x000000014000f560                .refptr._commode
 .rdata$.refptr._dowildcard
                0x000000014000f570       0x10 C:/raylib/w64devkit/bin/../lib/gcc/x86_64-w64-mingw32/14.2.0/../../../../x86_64-w64-mingw32/lib/../lib/crt2.o
                0x000000014000f570                .refptr._dowildcard
 .rdata$.refptr._fmode
                0x000000014000f580       0x10 C:/raylib/w64devkit/bin/../lib/gcc/x86_64-w64-mingw32/14.2.0/../../../../x86_64-w64-mingw32/lib/../lib/crt2.o
                0x000000014000f580                .refptr._fmode
 .rdata$.refptr._gnu_exception_handler
                0x000000014000f590       0x10 C:/raylib/w64devkit/bin/../lib/gcc/x86_64-w64-mingw32/14.2.0/../../../../x86_64-w64-mingw32/lib/../lib/crt2.o
                0x000000014000f590                .refptr._gnu_exception_handler
 .rdata$.refptr._matherr
                0x000000014000f5a0       0x10 C:/raylib/w64devkit/bin/../lib/gcc/x86_64-w64-mingw32/14.2.0/../../../../x86_64-w64-mingw32/lib/../lib/crt2.o
                0x000000014000f5a0                .refptr._matherr
 .rdata$.refptr._newmode
                0x000000014000f5b0       0x10 C:/raylib/w64devkit/bin/../lib/gcc/x86_64-w64-mingw32/14.2.0/../../../../x86_64-w64-mingw32/lib/../lib/crt2.o
                0x000000014000f5b0                .refptr._newmode
 .rdata$zzz     0x000000014000f5c0       0x20 C:/raylib/w64devkit/bin/../lib/gcc/x86_64-w64-mingw32/14.2.0/../../../../x86_64-w64-mingw32/lib/../lib/crt2.o
 .rdata$zzz     0x000000014000f5e0       0x20 C:/raylib/w64devkit/bin/../lib/gcc/x86_64-w64-mingw32/14.2.0/crtbegin.o
 .rdata$zzz     0x000000014000f600       0x20 build/biblioteca.o
 .rdata$zzz     0x000000014000f620       0x20 build/memory_management.o
 .rdata$zzz     0x000000014000f640       0x20 C:/raylib/w64devkit/bin/../lib/gcc/x86_64-w64-mingw32/14.2.0/../../../../x86_64-w64-mingw32/lib/../lib/libmingw32.a(lib64_libmingw32_a-gccmain.o)
 .rdata$zzz     0x000000014000f660       0x20 C:/raylib/w64devkit/bin/../lib/gcc/x86_64-w64-mingw32/14.2.0/../../../../x86_64-w64-mingw32/lib/../lib/libmingw32.a(lib64_libmingw32_a-natstart.o)
 .rdata$zzz     0x000000014000f680       0x20 C:/raylib/w64devkit/bin/../lib/gcc/x86_64-w64-mingw32/14.2.0/../../../../x86_64-w64-mingw32/lib/../lib/libmingw32.a(lib64_libmingw32_a-wildcard.o)
 .rdata$zzz     0x000000014000f6a0       0x20 C:/raylib/w64devkit/bin/../lib/gcc/x86_64-w64-mingw32/14.2.0/../../../../x86_64-w64-mingw32/lib/../lib/libmingw32.a(lib64_libmingw32_a-dllargv.o)
 .rdata$zzz     0x000000014000f6c0       0x20 C:/raylib/w64devkit/bin/../lib/gcc/x86_64-w64-mingw32/14.2.0/../../../../x86_64-w64-mingw32/lib/../lib/libmingw32.a(lib64_libmingw32_a-_newmode.o)
 .rdata$zzz     0x000000014000f6e0       0x20 C:/raylib/w64devkit/bin/../lib/gcc/x86_64-w64-mingw32/14.2.0/../../../../x86_64-w64-mingw32/lib/../lib/libmingw32.a(lib64_libmingw32_a-tlssup.o)
 .rdata$zzz     0x000000014000f700       0x20 C:/raylib/w64devkit/bin/../lib/gcc/x86_64-w64-mingw32/14.2.0/../../../../x86_64-w64-mingw32/lib/../lib/libmingw32.a(lib64_libmingw32_a-xncommod.o)
 .rdata$zzz     0x000000014000f720       0x20 C:/raylib/w64devkit/bin/../lib/gcc/x86_64-w64-mingw32/14.2.0/../../../../x86_64-w64-mingw32/lib/../lib/libmingw32.a(lib64_libmingw32_a-cinitexe.o)
 .rdata$zzz     0x000000014000f740       0x20 C:/raylib/w64devkit/bin/../lib/gcc/x86_64-w64-mingw32/14.2.0/../../../../x86_64-w64-mingw32/lib/../lib/libmingw32.a(lib64_libmingw32_a-merr.o)
 .rdata$zzz     0x000000014000f760       0x20 C:/raylib/w64devkit/bin/../lib/gcc/x86_64-w64-mingw32/14.2.0/../../../../x86_64-w64-mingw32/lib/../lib/libmingw32.a(lib64_libmingw32_a-CRT_fp10.o)
 .rdata$zzz     0x000000014000f780       0x20 C:/raylib/w64devkit/bin/../lib/gcc/x86_64-w64-mingw32/14.2.0/../../../../x86_64-w64-mingw32/lib/../lib/libmingw32.a(lib64_libmingw32_a-mingw_helpers.o)
 .rdata$zzz     0x000000014000f7a0       0x20 C:/raylib/w64devkit/bin/../lib/gcc/x86_64-w64-mingw32/14.2.0/../../../../x86_64-w64-mingw32/lib/../lib/libmingw32.a(lib64_libmingw32_a-pseudo-reloc.o)
 .rdata$zzz     0x000000014000f7c0       0x20 C:/raylib/w64devkit/bin/../lib/gcc/x86_64-w64-mingw32/14.2.0/../../../../x86_64-w64-mingw32/lib/../lib/libmingw32.a(lib64_libmingw32_a-usermatherr.o)
 .rdata$zzz     0x000000014000f7e0       0x20 C:/raylib/w64devkit/bin/../lib/gcc/x86_64-w64-mingw32/14.2.0/../../../../x86_64-w64-mingw32/lib/../lib/libmingw32.a(lib64_libmingw32_a-xtxtmode.o)
 .rdata$zzz     0x000000014000f800       0x20 C:/raylib/w64devkit/bin/../lib/gcc/x86_64-w64-mingw32/14.2.0/../../../../x86_64-w64-mingw32/lib/../lib/libmingw32.a(lib64_libmingw32_a-crt_handler.o)
 .rdata$zzz     0x000000014000f820       0x20 C:/raylib/w64devkit/bin/../lib/gcc/x86_64-w64-mingw32/14.2.0/../../../../x86_64-w64-mingw32/lib/../lib/libmingw32.a(lib64_libmingw32_a-tlsthrd.o)
 .rdata$zzz     0x000000014000f840       0x20 C:/raylib/w64devkit/bin/../lib/gcc/x86_64-w64-mingw32/14.2.0/../../../../x86_64-w64-mingw32/lib/../lib/libmingw32.a(lib64_libmingw32_a-tlsmcrt.o)
 .rdata$zzz     0x000000014000f860       0x20 C:/raylib/w64devkit/bin/../lib/gcc/x86_64-w64-mingw32/14.2.0/../../../../x86_64-w64-mingw32/lib/../lib/libmingw32.a(lib64_libmingw32_a-pseudo-reloc-list.o)
 .rdata$zzz     0x000000014000f880       0x20 C:/raylib/w64devkit/bin/../lib/gcc/x86_64-w64-mingw32/14.2.0/../../../../x86_64-w64-mingw32/lib/../lib/libmingw32.a(lib64_libmingw32_a-pesect.o)
 .rdata$zzz     0x000000014000f8a0       0x20 C:/raylib/w64devkit/bin/../lib/gcc/x86_64-w64-mingw32/14.2.0/libgcc.a(_ctors.o)
 .rdata$zzz     0x000000014000f8c0       0x20 C:/raylib/w64devkit/bin/../lib/gcc/x86_64-w64-mingw32/14.2.0/../../../../x86_64-w64-mingw32/lib/../lib/libmingwex.a(lib64_libmingwex_a-mingw_matherr.o)
 .rdata$zzz     0x000000014000f8e0       0x20 C:/raylib/w64devkit/bin/../lib/gcc/x86_64-w64-mingw32/14.2.0/../../../../x86_64-w64-mingw32/lib/../lib/libmingwex.a(lib64_libmingwex_a-mingw_vfprintf.o)
 .rdata$zzz     0x000000014000f900       0x20 C:/raylib/w64devkit/bin/../lib/gcc/x86_64-w64-mingw32/14.2.0/../../../../x86_64-w64-mingw32/lib/../lib/libmingwex.a(lib64_libmingwex_a-mingw_vfscanf.o)
 .rdata$zzz     0x000000014000f920       0x20 C:/raylib/w64devkit/bin/../lib/gcc/x86_64-w64-mingw32/14.2.0/../../../../x86_64-w64-mingw32/lib/../lib/libmingwex.a(lib64_libmingwex_a-strtof.o)
 .rdata$zzz     0x000000014000f940       0x20 C:/raylib/w64devkit/bin/../lib/gcc/x86_64-w64-mingw32/14.2.0/../../../../x86_64-w64-mingw32/lib/../lib/libmingwex.a(lib64_libmingwex_a-strtopx.o)
 .rdata$zzz     0x000000014000f960       0x20 C:/raylib/w64devkit/bin/../lib/gcc/x86_64-w64-mingw32/14.2.0/../../../../x86_64-w64-mingw32/lib/../lib/libmingwex.a(lib64_libmingwex_a-mingw_pformat.o)
 .rdata$zzz     0x000000014000f980       0x20 C:/raylib/w64devkit/bin/../lib/gcc/x86_64-w64-mingw32/14.2.0/../../../../x86_64-w64-mingw32/lib/../lib/libmingwex.a(lib64_libmingwex_a-dmisc.o)
 .rdata$zzz     0x000000014000f9a0       0x20 C:/raylib/w64devkit/bin/../lib/gcc/x86_64-w64-mingw32/14.2.0/../../../../x86_64-w64-mingw32/lib/../lib/libmingwex.a(lib64_libmingwex_a-gdtoa.o)
 .rdata$zzz     0x000000014000f9c0       0x20 C:/raylib/w64devkit/bin/../lib/gcc/x86_64-w64-mingw32/14.2.0/../../../../x86_64-w64-mingw32/lib/../lib/libmingwex.a(lib64_libmingwex_a-g__fmt.o)
 .rdata$zzz     0x000000014000f9e0       0x20 C:/raylib/w64devkit/bin/../lib/gcc/x86_64-w64-mingw32/14.2.0/../../../../x86_64-w64-mingw32/lib/../lib/libmingwex.a(lib64_libmingwex_a-gmisc.o)
 .rdata$zzz     0x000000014000fa00       0x20 C:/raylib/w64devkit/bin/../lib/gcc/x86_64-w64-mingw32/14.2.0/../../../../x86_64-w64-mingw32/lib/../lib/libmingwex.a(lib64_libmingwex_a-misc.o)
 .rdata$zzz     0x000000014000fa20       0x20 C:/raylib/w64devkit/bin/../lib/gcc/x86_64-w64-mingw32/14.2.0/../../../../x86_64-w64-mingw32/lib/../lib/libmingwex.a(lib64_libmingwex_a-strtodg.o)
 .rdata$zzz     0x000000014000fa40       0x20 C:/raylib/w64devkit/bin/../lib/gcc/x86_64-w64-mingw32/14.2.0/../../../../x86_64-w64-mingw32/lib/../lib/libmingwex.a(lib64_libmingwex_a-sum.o)
 .rdata$zzz     0x000000014000fa60       0x20 C:/raylib/w64devkit/bin/../lib/gcc/x86_64-w64-mingw32/14.2.0/../../../../x86_64-w64-mingw32/lib/../lib/libmingwex.a(lib64_libmingwex_a-strnlen.o)
 .rdata$zzz     0x000000014000fa80       0x20 C:/raylib/w64devkit/bin/../lib/gcc/x86_64-w64-mingw32/14.2.0/../../../../x86_64-w64-mingw32/lib/../lib/libmingwex.a(lib64_libmingwex_a-wcsnlen.o)
 .rdata$zzz     0x000000014000faa0       0x20 C:/raylib/w64devkit/bin/../lib/gcc/x86_64-w64-mingw32/14.2.0/../../../../x86_64-w64-mingw32/lib/../lib/libmingwex.a(lib64_libmingwex_a-gethex.o)
 .rdata$zzz     0x000000014000fac0       0x20 C:/raylib/w64devkit/bin/../lib/gcc/x86_64-w64-mingw32/14.2.0/../../../../x86_64-w64-mingw32/lib/../lib/libmingwex.a(lib64_libmingwex_a-hd_init.o)
 .rdata$zzz     0x000000014000fae0       0x20 C:/raylib/w64devkit/bin/../lib/gcc/x86_64-w64-mingw32/14.2.0/../../../../x86_64-w64-mingw32/lib/../lib/libmingwex.a(lib64_libmingwex_a-hexnan.o)
 .rdata$zzz     0x000000014000fb00       0x20 C:/raylib/w64devkit/bin/../lib/gcc/x86_64-w64-mingw32/14.2.0/../../../../x86_64-w64-mingw32/lib/../lib/libmingwex.a(lib64_libmingwex_a-smisc.o)
 .rdata$zzz     0x000000014000fb20       0x20 C:/raylib/w64devkit/bin/../lib/gcc/x86_64-w64-mingw32/14.2.0/../../../../x86_64-w64-mingw32/lib/../lib/libmsvcrt.a(lib64_libmsvcrt_extra_a-__p__fmode.o)
 .rdata$zzz     0x000000014000fb40       0x20 C:/raylib/w64devkit/bin/../lib/gcc/x86_64-w64-mingw32/14.2.0/../../../../x86_64-w64-mingw32/lib/../lib/libmsvcrt.a(lib64_libmsvcrt_extra_a-__p__commode.o)
 .rdata$zzz     0x000000014000fb60       0x20 C:/raylib/w64devkit/bin/../lib/gcc/x86_64-w64-mingw32/14.2.0/../../../../x86_64-w64-mingw32/lib/../lib/libmsvcrt.a(lib64_libmsvcrt_extra_a-mingw_lock.o)
 .rdata$zzz     0x000000014000fb80       0x20 C:/raylib/w64devkit/bin/../lib/gcc/x86_64-w64-mingw32/14.2.0/../../../../x86_64-w64-mingw32/lib/../lib/libmsvcrt.a(lib64_libmsvcrt_extra_a-invalid_parameter_handler.o)
 .rdata$zzz     0x000000014000fba0       0x20 C:/raylib/w64devkit/bin/../lib/gcc/x86_64-w64-mingw32/14.2.0/../../../../x86_64-w64-mingw32/lib/../lib/libmsvcrt.a(lib64_libmsvcrt_common_a-acrt_iob_func.o)
 .rdata$zzz     0x000000014000fbc0       0x20 C:/raylib/w64devkit/bin/../lib/gcc/x86_64-w64-mingw32/14.2.0/../../../../x86_64-w64-mingw32/lib/../lib/libmsvcrt.a(lib64_libmsvcrt_common_a-wcrtomb.o)
 .rdata$zzz     0x000000014000fbe0       0x20 C:/raylib/w64devkit/bin/../lib/gcc/x86_64-w64-mingw32/14.2.0/../../../../x86_64-w64-mingw32/lib/../lib/libmsvcrt.a(lib64_libmsvcrt_common_a-mbrtowc.o)
 .rdata$zzz     0x000000014000fc00       0x20 C:/raylib/w64devkit/bin/../lib/gcc/x86_64-w64-mingw32/14.2.0/crtend.o
                0x000000014000fc20                . = ALIGN (0x4)
                0x000000014000fc20                __rt_psrelocs_start = .
 *(.rdata_runtime_pseudo_reloc)
                0x000000014000fc20                __rt_psrelocs_end = .
                0x0000000000000000                __rt_psrelocs_size = (__rt_psrelocs_end - __rt_psrelocs_start)
                0x000000014000fc20                ___RUNTIME_PSEUDO_RELOC_LIST_END__ = .
                0x000000014000fc20                __RUNTIME_PSEUDO_RELOC_LIST_END__ = .
                0x000000014000fc20                ___RUNTIME_PSEUDO_RELOC_LIST__ = (. - __rt_psrelocs_size)
                0x000000014000fc20                __RUNTIME_PSEUDO_RELOC_LIST__ = (. - __rt_psrelocs_size)

.eh_frame
 *(.eh_frame*)

.pdata          0x0000000140010000      0x800
 *(.pdata*)
 .pdata         0x0000000140010000       0x54 C:/raylib/w64devkit/bin/../lib/gcc/x86_64-w64-mingw32/14.2.0/../../../../x86_64-w64-mingw32/lib/../lib/crt2.o
 .pdata         0x0000000140010054       0x18 C:/raylib/w64devkit/bin/../lib/gcc/x86_64-w64-mingw32/14.2.0/crtbegin.o
 .pdata         0x000000014001006c       0xfc build/biblioteca.o
 .pdata         0x0000000140010168       0x18 build/memory_management.o
 .pdata         0x0000000140010180       0x24 C:/raylib/w64devkit/bin/../lib/gcc/x86_64-w64-mingw32/14.2.0/../../../../x86_64-w64-mingw32/lib/../lib/libmingw32.a(lib64_libmingw32_a-gccmain.o)
 .pdata         0x00000001400101a4        0xc C:/raylib/w64devkit/bin/../lib/gcc/x86_64-w64-mingw32/14.2.0/../../../../x86_64-w64-mingw32/lib/../lib/libmingw32.a(lib64_libmingw32_a-dllargv.o)
 .pdata         0x00000001400101b0       0x24 C:/raylib/w64devkit/bin/../lib/gcc/x86_64-w64-mingw32/14.2.0/../../../../x86_64-w64-mingw32/lib/../lib/libmingw32.a(lib64_libmingw32_a-tlssup.o)
 .pdata         0x00000001400101d4        0xc C:/raylib/w64devkit/bin/../lib/gcc/x86_64-w64-mingw32/14.2.0/../../../../x86_64-w64-mingw32/lib/../lib/libmingw32.a(lib64_libmingw32_a-merr.o)
 .pdata         0x00000001400101e0        0xc C:/raylib/w64devkit/bin/../lib/gcc/x86_64-w64-mingw32/14.2.0/../../../../x86_64-w64-mingw32/lib/../lib/libmingw32.a(lib64_libmingw32_a-CRT_fp10.o)
 .pdata         0x00000001400101ec       0x24 C:/raylib/w64devkit/bin/../lib/gcc/x86_64-w64-mingw32/14.2.0/../../../../x86_64-w64-mingw32/lib/../lib/libmingw32.a(lib64_libmingw32_a-pseudo-reloc.o)
 .pdata         0x0000000140010210       0x18 C:/raylib/w64devkit/bin/../lib/gcc/x86_64-w64-mingw32/14.2.0/../../../../x86_64-w64-mingw32/lib/../lib/libmingw32.a(lib64_libmingw32_a-usermatherr.o)
 .pdata         0x0000000140010228        0xc C:/raylib/w64devkit/bin/../lib/gcc/x86_64-w64-mingw32/14.2.0/../../../../x86_64-w64-mingw32/lib/../lib/libmingw32.a(lib64_libmingw32_a-crt_handler.o)
 .pdata         0x0000000140010234       0x30 C:/raylib/w64devkit/bin/../lib/gcc/x86_64-w64-mingw32/14.2.0/../../../../x86_64-w64-mingw32/lib/../lib/libmingw32.a(lib64_libmingw32_a-tlsthrd.o)
 .pdata         0x0000000140010264       0x6c C:/raylib/w64devkit/bin/../lib/gcc/x86_64-w64-mingw32/14.2.0/../../../../x86_64-w64-mingw32/lib/../lib/libmingw32.a(lib64_libmingw32_a-pesect.o)
 .pdata         0x00000001400102d0        0xc C:/raylib/w64devkit/bin/../lib/gcc/x86_64-w64-mingw32/14.2.0/../../../../x86_64-w64-mingw32/lib/../lib/libmingwex.a(lib64_libmingwex_a-mingw_vfprintf.o)
 .pdata         0x00000001400102dc       0x84 C:/raylib/w64devkit/bin/../lib/gcc/x86_64-w64-mingw32/14.2.0/../../../../x86_64-w64-mingw32/lib/../lib/libmingwex.a(lib64_libmingwex_a-mingw_vfscanf.o)
 .pdata         0x0000000140010360        0xc C:/raylib/w64devkit/bin/../lib/gcc/x86_64-w64-mingw32/14.2.0/../../../../x86_64-w64-mingw32/lib/../lib/libmingwex.a(lib64_libmingwex_a-strtof.o)
 .pdata         0x000000014001036c        0xc C:/raylib/w64devkit/bin/../lib/gcc/x86_64-w64-mingw32/14.2.0/../../../../x86_64-w64-mingw32/lib/../lib/libmingwex.a(lib64_libmingwex_a-strtopx.o)
 .pdata         0x0000000140010378       0xc0 C:/raylib/w64devkit/bin/../lib/gcc/x86_64-w64-mingw32/14.2.0/../../../../x86_64-w64-mingw32/lib/../lib/libmingwex.a(lib64_libmingwex_a-mingw_pformat.o)
 .pdata         0x0000000140010438       0x30 C:/raylib/w64devkit/bin/../lib/gcc/x86_64-w64-mingw32/14.2.0/../../../../x86_64-w64-mingw32/lib/../lib/libmingwex.a(lib64_libmingwex_a-dmisc.o)
 .pdata         0x0000000140010468        0xc C:/raylib/w64devkit/bin/../lib/gcc/x86_64-w64-mingw32/14.2.0/../../../../x86_64-w64-mingw32/lib/../lib/libmingwex.a(lib64_libmingwex_a-gdtoa.o)
 .pdata         0x0000000140010474       0x18 C:/raylib/w64devkit/bin/../lib/gcc/x86_64-w64-mingw32/14.2.0/../../../../x86_64-w64-mingw32/lib/../lib/libmingwex.a(lib64_libmingwex_a-g__fmt.o)
 .pdata         0x000000014001048c       0x18 C:/raylib/w64devkit/bin/../lib/gcc/x86_64-w64-mingw32/14.2.0/../../../../x86_64-w64-mingw32/lib/../lib/libmingwex.a(lib64_libmingwex_a-gmisc.o)
 .pdata         0x00000001400104a4       0xb4 C:/raylib/w64devkit/bin/../lib/gcc/x86_64-w64-mingw32/14.2.0/../../../../x86_64-w64-mingw32/lib/../lib/libmingwex.a(lib64_libmingwex_a-misc.o)
 .pdata         0x0000000140010558       0x3c C:/raylib/w64devkit/bin/../lib/gcc/x86_64-w64-mingw32/14.2.0/../../../../x86_64-w64-mingw32/lib/../lib/libmingwex.a(lib64_libmingwex_a-strtodg.o)
 .pdata         0x0000000140010594        0xc C:/raylib/w64devkit/bin/../lib/gcc/x86_64-w64-mingw32/14.2.0/../../../../x86_64-w64-mingw32/lib/../lib/libmingwex.a(lib64_libmingwex_a-sum.o)
 .pdata         0x00000001400105a0        0xc C:/raylib/w64devkit/bin/../lib/gcc/x86_64-w64-mingw32/14.2.0/../../../../x86_64-w64-mingw32/lib/../lib/libmingwex.a(lib64_libmingwex_a-strnlen.o)
 .pdata         0x00000001400105ac        0xc C:/raylib/w64devkit/bin/../lib/gcc/x86_64-w64-mingw32/14.2.0/../../../../x86_64-w64-mingw32/lib/../lib/libmingwex.a(lib64_libmingwex_a-wcsnlen.o)
 .pdata         0x00000001400105b8        0xc C:/raylib/w64devkit/bin/../lib/gcc/x86_64-w64-mingw32/14.2.0/../../../../x86_64-w64-mingw32/lib/../lib/libmingwex.a(lib64_libmingwex_a-gethex.o)
 .pdata         0x00000001400105c4       0x18 C:/raylib/w64devkit/bin/../lib/gcc/x86_64-w64-mingw32/14.2.0/../../../../x86_64-w64-mingw32/lib/../lib/libmingwex.a(lib64_libmingwex_a-hexnan.o)
 .pdata         0x00000001400105dc       0x3c C:/raylib/w64devkit/bin/../lib/gcc/x86_64-w64-mingw32/14.2.0/../../../../x86_64-w64-mingw32/lib/../lib/libmingwex.a(lib64_libmingwex_a-smisc.o)
 .pdata         0x0000000140010618        0xc C:/raylib/w64devkit/bin/../lib/gcc/x86_64-w64-mingw32/14.2.0/../../../../x86_64-w64-mingw32/lib/../lib/libmsvcrt.a(lib64_libmsvcrt_extra_a-__p__fmode.o)
 .pdata         0x0000000140010624        0xc C:/raylib/w64devkit/bin/../lib/gcc/x86_64-w64-mingw32/14.2.0/../../../../x86_64-w64-mingw32/lib/../lib/libmsvcrt.a(lib64_libmsvcrt_extra_a-__p__commode.o)
 .pdata         0x0000000140010630       0x18 C:/raylib/w64devkit/bin/../lib/gcc/x86_64-w64-mingw32/14.2.0/../../../../x86_64-w64-mingw32/lib/../lib/libmsvcrt.a(lib64_libmsvcrt_extra_a-mingw_lock.o)
 .pdata         0x0000000140010648       0x18 C:/raylib/w64devkit/bin/../lib/gcc/x86_64-w64-mingw32/14.2.0/../../../../x86_64-w64-mingw32/lib/../lib/libmsvcrt.a(lib64_libmsvcrt_extra_a-invalid_parameter_handler.o)
 .pdata         0x0000000140010660        0xc C:/raylib/w64devkit/bin/../lib/gcc/x86_64-w64-mingw32/14.2.0/../../../../x86_64-w64-mingw32/lib/../lib/libmsvcrt.a(lib64_libmsvcrt_common_a-acrt_iob_func.o)
 .pdata         0x000000014001066c       0x24 C:/raylib/w64devkit/bin/../lib/gcc/x86_64-w64-mingw32/14.2.0/../../../../x86_64-w64-mingw32/lib/../lib/libmsvcrt.a(lib64_libmsvcrt_common_a-wcrtomb.o)
 .pdata         0x0000000140010690       0x30 C:/raylib/w64devkit/bin/../lib/gcc/x86_64-w64-mingw32/14.2.0/../../../../x86_64-w64-mingw32/lib/../lib/libmsvcrt.a(lib64_libmsvcrt_common_a-mbrtowc.o)
 .pdata.startup
                0x00000001400106c0        0xc C:/raylib/w64devkit/bin/../lib/gcc/x86_64-w64-mingw32/14.2.0/crtend.o

.xdata          0x0000000140011000      0x800
 *(.xdata*)
 .xdata         0x0000000140011000       0x70 C:/raylib/w64devkit/bin/../lib/gcc/x86_64-w64-mingw32/14.2.0/../../../../x86_64-w64-mingw32/lib/../lib/crt2.o
 .xdata         0x0000000140011070        0x8 C:/raylib/w64devkit/bin/../lib/gcc/x86_64-w64-mingw32/14.2.0/crtbegin.o
 .xdata         0x0000000140011078       0xf8 build/biblioteca.o
 .xdata         0x0000000140011170       0x18 build/memory_management.o
 .xdata         0x0000000140011188       0x18 C:/raylib/w64devkit/bin/../lib/gcc/x86_64-w64-mingw32/14.2.0/../../../../x86_64-w64-mingw32/lib/../lib/libmingw32.a(lib64_libmingw32_a-gccmain.o)
 .xdata         0x00000001400111a0        0x4 C:/raylib/w64devkit/bin/../lib/gcc/x86_64-w64-mingw32/14.2.0/../../../../x86_64-w64-mingw32/lib/../lib/libmingw32.a(lib64_libmingw32_a-dllargv.o)
 .xdata         0x00000001400111a4       0x18 C:/raylib/w64devkit/bin/../lib/gcc/x86_64-w64-mingw32/14.2.0/../../../../x86_64-w64-mingw32/lib/../lib/libmingw32.a(lib64_libmingw32_a-tlssup.o)
 .xdata         0x00000001400111bc       0x14 C:/raylib/w64devkit/bin/../lib/gcc/x86_64-w64-mingw32/14.2.0/../../../../x86_64-w64-mingw32/lib/../lib/libmingw32.a(lib64_libmingw32_a-merr.o)
 .xdata         0x00000001400111d0        0x4 C:/raylib/w64devkit/bin/../lib/gcc/x86_64-w64-mingw32/14.2.0/../../../../x86_64-w64-mingw32/lib/../lib/libmingw32.a(lib64_libmingw32_a-CRT_fp10.o)
 .xdata         0x00000001400111d4       0x2c C:/raylib/w64devkit/bin/../lib/gcc/x86_64-w64-mingw32/14.2.0/../../../../x86_64-w64-mingw32/lib/../lib/libmingw32.a(lib64_libmingw32_a-pseudo-reloc.o)
 .xdata         0x0000000140011200        0xc C:/raylib/w64devkit/bin/../lib/gcc/x86_64-w64-mingw32/14.2.0/../../../../x86_64-w64-mingw32/lib/../lib/libmingw32.a(lib64_libmingw32_a-usermatherr.o)
 .xdata         0x000000014001120c        0xc C:/raylib/w64devkit/bin/../lib/gcc/x86_64-w64-mingw32/14.2.0/../../../../x86_64-w64-mingw32/lib/../lib/libmingw32.a(lib64_libmingw32_a-crt_handler.o)
 .xdata         0x0000000140011218       0x2c C:/raylib/w64devkit/bin/../lib/gcc/x86_64-w64-mingw32/14.2.0/../../../../x86_64-w64-mingw32/lib/../lib/libmingw32.a(lib64_libmingw32_a-tlsthrd.o)
 .xdata         0x0000000140011244       0x48 C:/raylib/w64devkit/bin/../lib/gcc/x86_64-w64-mingw32/14.2.0/../../../../x86_64-w64-mingw32/lib/../lib/libmingw32.a(lib64_libmingw32_a-pesect.o)
 .xdata         0x000000014001128c        0xc C:/raylib/w64devkit/bin/../lib/gcc/x86_64-w64-mingw32/14.2.0/../../../../x86_64-w64-mingw32/lib/../lib/libmingwex.a(lib64_libmingwex_a-mingw_vfprintf.o)
 .xdata         0x0000000140011298       0x80 C:/raylib/w64devkit/bin/../lib/gcc/x86_64-w64-mingw32/14.2.0/../../../../x86_64-w64-mingw32/lib/../lib/libmingwex.a(lib64_libmingwex_a-mingw_vfscanf.o)
 .xdata         0x0000000140011318        0x8 C:/raylib/w64devkit/bin/../lib/gcc/x86_64-w64-mingw32/14.2.0/../../../../x86_64-w64-mingw32/lib/../lib/libmingwex.a(lib64_libmingwex_a-strtof.o)
 .xdata         0x0000000140011320        0x8 C:/raylib/w64devkit/bin/../lib/gcc/x86_64-w64-mingw32/14.2.0/../../../../x86_64-w64-mingw32/lib/../lib/libmingwex.a(lib64_libmingwex_a-strtopx.o)
 .xdata         0x0000000140011328       0xf4 C:/raylib/w64devkit/bin/../lib/gcc/x86_64-w64-mingw32/14.2.0/../../../../x86_64-w64-mingw32/lib/../lib/libmingwex.a(lib64_libmingwex_a-mingw_pformat.o)
 .xdata         0x000000014001141c       0x30 C:/raylib/w64devkit/bin/../lib/gcc/x86_64-w64-mingw32/14.2.0/../../../../x86_64-w64-mingw32/lib/../lib/libmingwex.a(lib64_libmingwex_a-dmisc.o)
 .xdata         0x000000014001144c       0x1c C:/raylib/w64devkit/bin/../lib/gcc/x86_64-w64-mingw32/14.2.0/../../../../x86_64-w64-mingw32/lib/../lib/libmingwex.a(lib64_libmingwex_a-gdtoa.o)
 .xdata         0x0000000140011468       0x20 C:/raylib/w64devkit/bin/../lib/gcc/x86_64-w64-mingw32/14.2.0/../../../../x86_64-w64-mingw32/lib/../lib/libmingwex.a(lib64_libmingwex_a-g__fmt.o)
 .xdata         0x0000000140011488       0x14 C:/raylib/w64devkit/bin/../lib/gcc/x86_64-w64-mingw32/14.2.0/../../../../x86_64-w64-mingw32/lib/../lib/libmingwex.a(lib64_libmingwex_a-gmisc.o)
 .xdata         0x000000014001149c       0xb4 C:/raylib/w64devkit/bin/../lib/gcc/x86_64-w64-mingw32/14.2.0/../../../../x86_64-w64-mingw32/lib/../lib/libmingwex.a(lib64_libmingwex_a-misc.o)
 .xdata         0x0000000140011550       0x60 C:/raylib/w64devkit/bin/../lib/gcc/x86_64-w64-mingw32/14.2.0/../../../../x86_64-w64-mingw32/lib/../lib/libmingwex.a(lib64_libmingwex_a-strtodg.o)
 .xdata         0x00000001400115b0       0x14 C:/raylib/w64devkit/bin/../lib/gcc/x86_64-w64-mingw32/14.2.0/../../../../x86_64-w64-mingw32/lib/../lib/libmingwex.a(lib64_libmingwex_a-sum.o)
 .xdata         0x00000001400115c4        0x4 C:/raylib/w64devkit/bin/../lib/gcc/x86_64-w64-mingw32/14.2.0/../../../../x86_64-w64-mingw32/lib/../lib/libmingwex.a(lib64_libmingwex_a-strnlen.o)
 .xdata         0x00000001400115c8        0x4 C:/raylib/w64devkit/bin/../lib/gcc/x86_64-w64-mingw32/14.2.0/../../../../x86_64-w64-mingw32/lib/../lib/libmingwex.a(lib64_libmingwex_a-wcsnlen.o)