Archive member included to satisfy reference by file (symbol)

C:/raylib/w64devkit/bin/../lib/gcc/x86_64-w64-mingw32/14.2.0/../../../../x86_64-w64-mingw32/lib/../lib/libmingw32.a(lib64_libmingw32_a-gccmain.o)
                              C:/raylib/w64devkit/bin/../lib/gcc/x86_64-w64-mingw32/14.2.0/../../../../x86_64-w64-mingw32/lib/../lib/crt2.o (__main)
C:/raylib/w64devkit/bin/../lib/gcc/x86_64-w64-mingw32/14.2.0/../../../../x86_64-w64-mingw32/lib/../lib/libmingw32.a(lib64_libmingw32_a-natstart.o)
                              C:/raylib/w64devkit/bin/../lib/gcc/x86_64-w64-mingw32/14.2.0/../../../../x86_64-w64-mingw32/lib/../lib/crt2.o (__native_startup_lock)
C:/raylib/w64devkit/bin/../lib/gcc/x86_64-w64-mingw32/14.2.0/../../../../x86_64-w64-mingw32/lib/../lib/libmingw32.a(lib64_libmingw32_a-wildcard.o)
                              C:/raylib/w64devkit/bin/../lib/gcc/x86_64-w64-mingw32/14.2.0/../../../../x86_64-w64-mingw32/lib/../lib/crt2.o (_dowildcard)
C:/raylib/w64devkit/bin/../lib/gcc/x86_64-w64-mingw32/14.2.0/../../../../x86_64-w64-mingw32/lib/../lib/libmingw32.a(lib64_libmingw32_a-dllargv.o)
                              C:/raylib/w64devkit/bin/../lib/gcc/x86_64-w64-mingw32/14.2.0/../../../../x86_64-w64-mingw32/lib/../lib/crt2.o (_setargv)
C:/raylib/w64devkit/bin/../lib/gcc/x86_64-w64-mingw32/14.2.0/../../../../x86_64-w64-mingw32/lib/../lib/libmingw32.a(lib64_libmingw32_a-_newmode.o)
                              C:/raylib/w64devkit/bin/../lib/gcc/x86_64-w64-mingw32/14.2.0/../../../../x86_64-w64-mingw32/lib/../lib/crt2.o (_newmode)
C:/raylib/w64devkit/bin/../lib/gcc/x86_64-w64-mingw32/14.2.0/../../../../x86_64-w64-mingw32/lib/../lib/libmingw32.a(lib64_libmingw32_a-tlssup.o)
                              C:/raylib/w64devkit/bin/../lib/gcc/x86_64-w64-mingw32/14.2.0/../../../../x86_64-w64-mingw32/lib/../lib/crt2.o (__mingw_initltssuo_force)
C:/raylib/w64devkit/bin/../lib/gcc/x86_64-w64-mingw32/14.2.0/../../../../x86_64-w64-mingw32/lib/../lib/libmingw32.a(lib64_libmingw32_a-xncommod.o)
                              C:/raylib/w64devkit/bin/../lib/gcc/x86_64-w64-mingw32/14.2.0/../../../../x86_64-w64-mingw32/lib/../lib/crt2.o (_commode)
C:/raylib/w64devkit/bin/../lib/gcc/x86_64-w64-mingw32/14.2.0/../../../../x86_64-w64-mingw32/lib/../lib/libmingw32.a(lib64_libmingw32_a-cinitexe.o)
                              C:/raylib/w64devkit/bin/../lib/gcc/x86_64-w64-mingw32/14.2.0/../../../../x86_64-w64-mingw32/lib/../lib/crt2.o (__xc_z)
C:/raylib/w64devkit/bin/../lib/gcc/x86_64-w64-mingw32/14.2.0/../../../../x86_64-w64-mingw32/lib/../lib/libmingw32.a(lib64_libmingw32_a-merr.o)
                              C:/raylib/w64devkit/bin/../lib/gcc/x86_64-w64-mingw32/14.2.0/../../../../x86_64-w64-mingw32/lib/../lib/crt2.o (_matherr)
C:/raylib/w64devkit/bin/../lib/gcc/x86_64-w64-mingw32/14.2.0/../../../../x86_64-w64-mingw32/lib/../lib/libmingw32.a(lib64_libmingw32_a-CRT_fp10.o)
                              C:/raylib/w64devkit/bin/../lib/gcc/x86_64-w64-mingw32/14.2.0/../../../../x86_64-w64-mingw32/lib/../lib/crt2.o (_fpreset)
C:/raylib/w64devkit/bin/../lib/gcc/x86_64-w64-mingw32/14.2.0/../../../../x86_64-w64-mingw32/lib/../lib/libmingw32.a(lib64_libmingw32_a-mingw_helpers.o)
                              C:/raylib/w64devkit/bin/../lib/gcc/x86_64-w64-mingw32/14.2.0/../../../../x86_64-w64-mingw32/lib/../lib/crt2.o (__mingw_app_type)
C:/raylib/w64devkit/bin/../lib/gcc/x86_64-w64-mingw32/14.2.0/../../../../x86_64-w64-mingw32/lib/../lib/libmingw32.a(lib64_libmingw32_a-pseudo-reloc.o)
                              C:/raylib/w64devkit/bin/../lib/gcc/x86_64-w64-mingw32/14.2.0/../../../../x86_64-w64-mingw32/lib/../lib/crt2.o (_pei386_runtime_relocator)
C:/raylib/w64devkit/bin/../lib/gcc/x86_64-w64-mingw32/14.2.0/../../../../x86_64-w64-mingw32/lib/../lib/libmingw32.a(lib64_libmingw32_a-usermatherr.o)
                              C:/raylib/w64devkit/bin/../lib/gcc/x86_64-w64-mingw32/14.2.0/../../../../x86_64-w64-mingw32/lib/../lib/crt2.o (__mingw_setusermatherr)
C:/raylib/w64devkit/bin/../lib/gcc/x86_64-w64-mingw32/14.2.0/../../../../x86_64-w64-mingw32/lib/../lib/libmingw32.a(lib64_libmingw32_a-xtxtmode.o)
                              C:/raylib/w64devkit/bin/../lib/gcc/x86_64-w64-mingw32/14.2.0/../../../../x86_64-w64-mingw32/lib/../lib/crt2.o (_fmode)
C:/raylib/w64devkit/bin/../lib/gcc/x86_64-w64-mingw32/14.2.0/../../../../x86_64-w64-mingw32/lib/../lib/libmingw32.a(lib64_libmingw32_a-crt_handler.o)
                              C:/raylib/w64devkit/bin/../lib/gcc/x86_64-w64-mingw32/14.2.0/../../../../x86_64-w64-mingw32/lib/../lib/crt2.o (_gnu_exception_handler)
C:/raylib/w64devkit/bin/../lib/gcc/x86_64-w64-mingw32/14.2.0/../../../../x86_64-w64-mingw32/lib/../lib/libmingw32.a(lib64_libmingw32_a-tlsthrd.o)
                              C:/raylib/w64devkit/bin/../lib/gcc/x86_64-w64-mingw32/14.2.0/../../../../x86_64-w64-mingw32/lib/../lib/libmingw32.a(lib64_libmingw32_a-tlssup.o) (__mingw_TLScallback)
[...]
Memory Configuration

Name             Origin             Length             Attributes
*default*        0x0000000000000000 0xffffffffffffffff

Linker script and memory map

                0x0000000140000000                __image_base__ = 0x140000000
                0x0000000000000000                __dll__ = 0x0
                0x0000000140000000                __ImageBase = 0x140000000
                0x0000000000001000                __section_alignment__ = 0x1000
                0x0000000000000200                __file_alignment__ = 0x200
                0x0000000000000004                __major_os_version__ = 0x4
                0x0000000000000000                __minor_os_version__ = 0x0
                0x0000000000000000                __major_image_version__ = 0x0
                0x0000000000000000                __minor_image_version__ = 0x0
                0x0000000000000005                __major_subsystem_version__ = 0x5
                0x0000000000000002                __minor_subsystem_version__ = 0x2
                0x0000000000000003                __subsystem__ = 0x3
                0x0000000000200000                __size_of_stack_reserve__ = 0x200000
                0x0000000000001000                __size_of_stack_commit__ = 0x1000
                0x0000000000100000                __size_of_heap_reserve__ = 0x100000
                0x0000000000001000                __size_of_heap_commit__ = 0x1000
                0x0000000000000000                __loader_flags__ = 0x0
                0x0000000000000160                __dll_characteristics__ = 0x160
LOAD C:/raylib/w64devkit/bin/../lib/gcc/x86_64-w64-mingw32/14.2.0/../../../../x86_64-w64-mingw32/lib/../lib/crt2.o
LOAD C:/raylib/w64devkit/bin/../lib/gcc/x86_64-w64-mingw32/14.2.0/crtbegin.o
LOAD build/biblioteca_verbose.o
LOAD build/memory_management_verbose.o
LOAD C:/raylib/w64devkit/bin/../lib/gcc/x86_64-w64-mingw32/14.2.0/../../../../x86_64-w64-mingw32/lib/../lib/libmingw32.a
LOAD C:/raylib/w64devkit/bin/../lib/gcc/x86_64-w64-mingw32/14.2.0/libgcc.a
LOAD C:/raylib/w64devkit/bin/../lib/gcc/x86_64-w64-mingw32/14.2.0/../../../../x86_64-w64-mingw32/lib/../lib/libmingwex.a
LOAD C:/raylib/w64devkit/bin/../lib/gcc/x86_64-w64-mingw32/14.2.0/../../../../x86_64-w64-mingw32/lib/../lib/libmsvcrt.a
LOAD C:/raylib/w64devkit/bin/../lib/gcc/x86_64-w64-mingw32/14.2.0/../../../../x86_64-w64-mingw32/lib/../lib/libkernel32.a
LOAD C:/raylib/w64devkit/bin/../lib/gcc/x86_64-w64-mingw32/14.2.0/../../../../x86_64-w64-mingw32/lib/../lib/libpthread.a
LOAD C:/raylib/w64devkit/bin/../lib/gcc/x86_64-w64-mingw32/14.2.0/../../../../x86_64-w64-mingw32/lib/../lib/libadvapi32.a
LOAD C:/raylib/w64devkit/bin/../lib/gcc/x86_64-w64-mingw32/14.2.0/../../../../x86_64-w64-mingw32/lib/../lib/libshell32.a
LOAD C:/raylib/w64devkit/bin/../lib/gcc/x86_64-w64-mingw32/14.2.0/../../../../x86_64-w64-mingw32/lib/../lib/libuser32.a
LOAD C:/raylib/w64devkit/bin/../lib/gcc/x86_64-w64-mingw32/14.2.0/../../../../x86_64-w64-mingw32/lib/../lib/libkernel32.a
LOAD C:/raylib/w64devkit/bin/../lib/gcc/x86_64-w64-mingw32/14.2.0/../../../../x86_64-w64-mingw32/lib/../lib/libmingw32.a
LOAD C:/raylib/w64devkit/bin/../lib/gcc/x86_64-w64-mingw32/14.2.0/libgcc.a
LOAD C:/raylib/w64devkit/bin/../lib/gcc/x86_64-w64-mingw32/14.2.0/../../../../x86_64-w64-mingw32/lib/../lib/libmingwex.a
LOAD C:/raylib/w64devkit/bin/../lib/gcc/x86_64-w64-mingw32/14.2.0/../../../../x86_64-w64-mingw32/lib/../lib/libmsvcrt.a
LOAD C:/raylib/w64devkit/bin/../lib/gcc/x86_64-w64-mingw32/14.2.0/../../../../x86_64-w64-mingw32/lib/../lib/libkernel32.a
LOAD C:/raylib/w64devkit/bin/../lib/gcc/x86_64-w64-mingw32/14.2.0/crtend.o
                0x0000000000000430                . = SIZEOF_HEADERS
                0x0000000000001000                . = ALIGN (__section_alignment__)

.text           0x0000000140001000     0xb800
 *(SORT_NONE(.init))
 *(.text)
 .text          0x0000000140001000      0x350 C:/raylib/w64devkit/bin/../lib/gcc/x86_64-w64-mingw32/14.2.0/../../../../x86_64-w64-mingw32/lib/../lib/crt2.o
                0x00000001400012fd                WinMainCRTStartup
                0x000000014000131a                mainCRTStartup
                0x0000000140001335                atexit
 .text          0x0000000140001350       0x10 C:/raylib/w64devkit/bin/../lib/gcc/x86_64-w64-mingw32/14.2.0/crtbegin.o
                0x0000000140001350                __gcc_register_frame
                0x000000014000135c                __gcc_deregister_frame
 .text          0x0000000140001360     0x16f0 build/biblioteca_verbose.o
                0x000000014000148e                genreToString
                0x0000000140001506                addBook
                0x0000000140001712                findBookById
                0x000000014000175d                displayBooksRecursive
                0x00000001400017ec                displayBooks
                0x0000000140001837                addMember
                0x0000000140001975                issueBook
                0x0000000140001b44                returnBook
                0x0000000140001d9b                freeLibrary
                0x0000000140001df3                freeMembers
                0x0000000140001e68                saveLibraryToFile
                0x0000000140001f63                loadLibraryFromFile
                0x0000000140002266                saveMembersToFile
                0x000000014000236d                loadMembersFromFile
                0x0000000140002561                displayMembers
                0x000000014000266b                searchMember
                0x0000000140002797                main
 .text          0x0000000140002a50      0x3e0 build/memory_management_verbose.o
                0x0000000140002aa4                addMemoryRecord
                0x0000000140002afa                removeMemoryRecord
                0x0000000140002b6f                displayMemoryUsage
                0x0000000140002d68                incrementHeapAllocations
                0x0000000140002dbb                incrementHeapDeallocations
                0x0000000140002dff                incrementStackAllocations
                0x0000000140002e15                incrementStackDeallocations
 .text          0x0000000140002e30       0x90 C:/raylib/w64devkit/bin/../lib/gcc/x86_64-w64-mingw32/14.2.0/../../../../x86_64-w64-mingw32/lib/../lib/libmingw32.a(lib64_libmingw32_a-gccmain.o)
                0x0000000140002e30                __do_global_dtors
                0x0000000140002e54                __do_global_ctors
                0x0000000140002e9e                __main
 .text          0x0000000140002ec0        0x0 C:/raylib/w64devkit/bin/../lib/gcc/x86_64-w64-mingw32/14.2.0/../../../../x86_64-w64-mingw32/lib/../lib/libmingw32.a(lib64_libmingw32_a-natstart.o)
 .text          0x0000000140002ec0        0x0 C:/raylib/w64devkit/bin/../lib/gcc/x86_64-w64-mingw32/14.2.0/../../../../x86_64-w64-mingw32/lib/../lib/libmingw32.a(lib64_libmingw32_a-wildcard.o)
 .text          0x0000000140002ec0       0x10 C:/raylib/w64devkit/bin/../lib/gcc/x86_64-w64-mingw32/14.2.0/../../../../x86_64-w64-mingw32/lib/../lib/libmingw32.a(lib64_libmingw32_a-dllargv.o)
                0x0000000140002ec0                _setargv
 .text          0x0000000140002ed0        0x0 C:/raylib/w64devkit/bin/../lib/gcc/x86_64-w64-mingw32/14.2.0/../../../../x86_64-w64-mingw32/lib/../lib/libmingw32.a(lib64_libmingw32_a-_newmode.o)
 .text          0x0000000140002ed0       0x80 C:/raylib/w64devkit/bin/../lib/gcc/x86_64-w64-mingw32/14.2.0/../../../../x86_64-w64-mingw32/lib/../lib/libmingw32.a(lib64_libmingw32_a-tlssup.o)
                0x0000000140002eec                __dyn_tls_init
                0x0000000140002f44                __tlregdtor
 .text          0x0000000140002f50        0x0 C:/raylib/w64devkit/bin/../lib/gcc/x86_64-w64-mingw32/14.2.0/../../../../x86_64-w64-mingw32/lib/../lib/libmingw32.a(lib64_libmingw32_a-xncommod.o)
 .text          0x0000000140002f50        0x0 C:/raylib/w64devkit/bin/../lib/gcc/x86_64-w64-mingw32/14.2.0/../../../../x86_64-w64-mingw32/lib/../lib/libmingw32.a(lib64_libmingw32_a-cinitexe.o)
 .text          0x0000000140002f50       0xe0 C:/raylib/w64devkit/bin/../lib/gcc/x86_64-w64-mingw32/14.2.0/../../../../x86_64-w64-mingw32/lib/../lib/libmingw32.a(lib64_libmingw32_a-merr.o)
                0x0000000140002f50                _matherr
 .text          0x0000000140003030       0x10 C:/raylib/w64devkit/bin/../lib/gcc/x86_64-w64-mingw32/14.2.0/../../../../x86_64-w64-mingw32/lib/../lib/libmingw32.a(lib64_libmingw32_a-CRT_fp10.o)
                0x0000000140003030                fpreset
                0x0000000140003030                _fpreset
 .text          0x0000000140003040        0x0 C:/raylib/w64devkit/bin/../lib/gcc/x86_64-w64-mingw32/14.2.0/../../../../x86_64-w64-mingw32/lib/../lib/libmingw32.a(lib64_libmingw32_a-mingw_helpers.o)
 .text          0x0000000140003040      0x410 C:/raylib/w64devkit/bin/../lib/gcc/x86_64-w64-mingw32/14.2.0/../../../../x86_64-w64-mingw32/lib/../lib/libmingw32.a(lib64_libmingw32_a-pseudo-reloc.o)
                0x00000001400031ea                _pei386_runtime_relocator
 .text          0x0000000140003450       0x50 C:/raylib/w64devkit/bin/../lib/gcc/x86_64-w64-mingw32/14.2.0/../../../../x86_64-w64-mingw32/lib/../lib/libmingw32.a(lib64_libmingw32_a-usermatherr.o)
                0x0000000140003450                __mingw_raise_matherr
                0x0000000140003491                __mingw_setusermatherr
 .text          0x00000001400034a0        0x0 C:/raylib/w64devkit/bin/../lib/gcc/x86_64-w64-mingw32/14.2.0/../../../../x86_64-w64-mingw32/lib/../lib/libmingw32.a(lib64_libmingw32_a-xtxtmode.o)
 .text          0x00000001400034a0      0x150 C:/raylib/w64devkit/bin/../lib/gcc/x86_64-w64-mingw32/14.2.0/../../../../x86_64-w64-mingw32/lib/../lib/libmingw32.a(lib64_libmingw32_a-crt_handler.o)
                0x00000001400034a0                _gnu_exception_handler
 .text          0x00000001400035f0      0x200 C:/raylib/w64devkit/bin/../lib/gcc/x86_64-w64-mingw32/14.2.0/../../../../x86_64-w64-mingw32/lib/../lib/libmingw32.a(lib64_libmingw32_a-tlsthrd.o)
                0x000000014000364d                ___w64_mingwthr_add_key_dtor
                0x00000001400036b8                ___w64_mingwthr_remove_key_dtor
                0x000000014000372d                __mingw_TLScallback
 .text          0x00000001400037f0        0x0 C:/raylib/w64devkit/bin/../lib/gcc/x86_64-w64-mingw32/14.2.0/../../../../x86_64-w64-mingw32/lib/../lib/libmingw32.a(lib64_libmingw32_a-tlsmcrt.o)
 .text          0x00000001400037f0        0x0 C:/raylib/w64devkit/bin/../lib/gcc/x86_64-w64-mingw32/14.2.0/../../../../x86_64-w64-mingw32/lib/../lib/libmingw32.a(lib64_libmingw32_a-pseudo-reloc-list.o)
 .text          0x00000001400037f0      0x250 C:/raylib/w64devkit/bin/../lib/gcc/x86_64-w64-mingw32/14.2.0/../../../../x86_64-w64-mingw32/lib/../lib/libmingw32.a(lib64_libmingw32_a-pesect.o)
                0x00000001400037f0                _ValidateImageBase
                0x0000000140003814                _FindPESection
                0x0000000140003851                _FindPESectionByName
                0x00000001400038c1                __mingw_GetSectionForAddress
                0x00000001400038f4                __mingw_GetSectionCount
                0x000000014000391a                _FindPESectionExec
                0x000000014000396f                _GetPEImageBase
                0x0000000140003993                _IsNonwritableInCurrentImage
                0x00000001400039d2                __mingw_enum_import_library_names
 .text          0x0000000140003a40       0x40 C:/raylib/w64devkit/bin/../lib/gcc/x86_64-w64-mingw32/14.2.0/libgcc.a(_chkstk_ms.o)
                0x0000000140003a40                ___chkstk_ms
 .text          0x0000000140003a80        0x0 C:/raylib/w64devkit/bin/../lib/gcc/x86_64-w64-mingw32/14.2.0/libgcc.a(_ctors.o)
 .text          0x0000000140003a80        0x0 C:/raylib/w64devkit/bin/../lib/gcc/x86_64-w64-mingw32/14.2.0/../../../../x86_64-w64-mingw32/lib/../lib/libmingwex.a(lib64_libmingwex_a-mingw_matherr.o)
 .text          0x0000000140003a80       0x50 C:/raylib/w64devkit/bin/../lib/gcc/x86_64-w64-mingw32/14.2.0/../../../../x86_64-w64-mingw32/lib/../lib/libmingwex.a(lib64_libmingwex_a-mingw_vfprintf.o)
                0x0000000140003a80                __mingw_vfprintf
 .text          0x0000000140003ad0     0x2680 C:/raylib/w64devkit/bin/../lib/gcc/x86_64-w64-mingw32/14.2.0/../../../../x86_64-w64-mingw32/lib/../lib/libmingwex.a(lib64_libmingwex_a-mingw_vfscanf.o)
                0x00000001400060d3                __mingw_vfscanf
                0x000000014000610b                __mingw_vsscanf
 .text          0x0000000140006150       0x80 C:/raylib/w64devkit/bin/../lib/gcc/x86_64-w64-mingw32/14.2.0/../../../../x86_64-w64-mingw32/lib/../lib/libmingwex.a(lib64_libmingwex_a-strtof.o)
                0x0000000140006150                __strtof
                0x0000000140006150                __mingw_strtof
 .text          0x00000001400061d0       0xb0 C:/raylib/w64devkit/bin/../lib/gcc/x86_64-w64-mingw32/14.2.0/../../../../x86_64-w64-mingw32/lib/../lib/libmingwex.a(lib64_libmingwex_a-strtopx.o)
                0x00000001400061d0                __strtold
                0x00000001400061d0                __mingw_strtold
                0x00000001400061d0                strtold
 .text          0x0000000140006280     0x1790 C:/raylib/w64devkit/bin/../lib/gcc/x86_64-w64-mingw32/14.2.0/../../../../x86_64-w64-mingw32/lib/../lib/libmingwex.a(lib64_libmingwex_a-mingw_pformat.o)
                0x000000014000725b                __mingw_pformat
 .text          0x0000000140007a10      0x1c0 C:/raylib/w64devkit/bin/../lib/gcc/x86_64-w64-mingw32/14.2.0/../../../../x86_64-w64-mingw32/lib/../lib/libmingwex.a(lib64_libmingwex_a-dmisc.o)
                0x0000000140007a10                __rv_alloc_D2A
                0x0000000140007a3c                __nrv_alloc_D2A
                0x0000000140007a77                __freedtoa
                0x0000000140007a93                __quorem_D2A
 .text          0x0000000140007bd0      0xf30 C:/raylib/w64devkit/bin/../lib/gcc/x86_64-w64-mingw32/14.2.0/../../../../x86_64-w64-mingw32/lib/../lib/libmingwex.a(lib64_libmingwex_a-gdtoa.o)
                0x0000000140007bd0                __gdtoa
 .text          0x0000000140008b00      0x2b0 C:/raylib/w64devkit/bin/../lib/gcc/x86_64-w64-mingw32/14.2.0/../../../../x86_64-w64-mingw32/lib/../lib/libmingwex.a(lib64_libmingwex_a-g__fmt.o)
                0x0000000140008b00                __g__fmt
                0x0000000140008cde                __add_nanbits_D2A
 .text          0x0000000140008db0      0x120 C:/raylib/w64devkit/bin/../lib/gcc/x86_64-w64-mingw32/14.2.0/../../../../x86_64-w64-mingw32/lib/../lib/libmingwex.a(lib64_libmingwex_a-gmisc.o)
                0x0000000140008db0                __rshift_D2A
                0x0000000140008e9b                __trailz_D2A
 .text          0x0000000140008ed0      0x920 C:/raylib/w64devkit/bin/../lib/gcc/x86_64-w64-mingw32/14.2.0/../../../../x86_64-w64-mingw32/lib/../lib/libmingwex.a(lib64_libmingwex_a-misc.o)
                0x0000000140008fd3                __Balloc_D2A
                0x0000000140009087                __Bfree_D2A
                0x00000001400090d3                __multadd_D2A
                0x0000000140009173                __i2b_D2A
                0x0000000140009199                __mult_D2A
                0x00000001400092a3                __pow5mult_D2A
                0x00000001400093b3                __lshift_D2A
                0x00000001400094c1                __cmp_D2A
                0x0000000140009507                __diff_D2A
                0x0000000140009635                __b2d_D2A
                0x00000001400096fc                __d2b_D2A
                0x00000001400097cd                __strcp_D2A
 .text          0x00000001400097f0     0x19c0 C:/raylib/w64devkit/bin/../lib/gcc/x86_64-w64-mingw32/14.2.0/../../../../x86_64-w64-mingw32/lib/../lib/libmingwex.a(lib64_libmingwex_a-strtodg.o)
                0x00000001400097f0                __increment_D2A
                0x0000000140009b0c                __decrement_D2A
                0x0000000140009b35                __set_ones_D2A
                0x0000000140009bbd                __strtodg
 .text          0x000000014000b1b0      0x160 C:/raylib/w64devkit/bin/../lib/gcc/x86_64-w64-mingw32/14.2.0/../../../../x86_64-w64-mingw32/lib/../lib/libmingwex.a(lib64_libmingwex_a-sum.o)
                0x000000014000b1b0                __sum_D2A
 .text          0x000000014000b310       0x20 C:/raylib/w64devkit/bin/../lib/gcc/x86_64-w64-mingw32/14.2.0/../../../../x86_64-w64-mingw32/lib/../lib/libmingwex.a(lib64_libmingwex_a-strnlen.o)
                0x000000014000b310                strnlen
 .text          0x000000014000b330       0x20 C:/raylib/w64devkit/bin/../lib/gcc/x86_64-w64-mingw32/14.2.0/../../../../x86_64-w64-mingw32/lib/../lib/libmingwex.a(lib64_libmingwex_a-wcsnlen.o)
                0x000000014000b330                wcsnlen
 .text          0x000000014000b350      0x690 C:/raylib/w64devkit/bin/../lib/gcc/x86_64-w64-mingw32/14.2.0/../../../../x86_64-w64-mingw32/lib/../lib/libmingwex.a(lib64_libmingwex_a-gethex.o)
                0x000000014000b350                __gethex_D2A
 .text          0x000000014000b9e0        0x0 C:/raylib/w64devkit/bin/../lib/gcc/x86_64-w64-mingw32/14.2.0/../../../../x86_64-w64-mingw32/lib/../lib/libmingwex.a(lib64_libmingwex_a-hd_init.o)
 .text          0x000000014000b9e0      0x290 C:/raylib/w64devkit/bin/../lib/gcc/x86_64-w64-mingw32/14.2.0/../../../../x86_64-w64-mingw32/lib/../lib/libmingwex.a(lib64_libmingwex_a-hexnan.o)
                0x000000014000ba1f                __hexnan_D2A
 .text          0x000000014000bc70      0x250 C:/raylib/w64devkit/bin/../lib/gcc/x86_64-w64-mingw32/14.2.0/../../../../x86_64-w64-mingw32/lib/../lib/libmingwex.a(lib64_libmingwex_a-smisc.o)
                0x000000014000bc70                __s2b_D2A
                0x000000014000bd3b                __ratio_D2A
                0x000000014000bdc7                __match_D2A
                0x000000014000be05                __copybits_D2A
                0x000000014000be63                __any_on_D2A
 .text          0x000000014000bec0       0x10 C:/raylib/w64devkit/bin/../lib/gcc/x86_64-w64-mingw32/14.2.0/../../../../x86_64-w64-mingw32/lib/../lib/libmsvcrt.a(lib64_libmsvcrt_extra_a-__p__fmode.o)
                0x000000014000bec0                __p__fmode
 .text          0x000000014000bed0       0x10 C:/raylib/w64devkit/bin/../lib/gcc/x86_64-w64-mingw32/14.2.0/../../../../x86_64-w64-mingw32/lib/../lib/libmsvcrt.a(lib64_libmsvcrt_extra_a-__p__commode.o)
                0x000000014000bed0                __p__commode
 .text          0x000000014000bee0       0xc0 C:/raylib/w64devkit/bin/../lib/gcc/x86_64-w64-mingw32/14.2.0/../../../../x86_64-w64-mingw32/lib/../lib/libmsvcrt.a(lib64_libmsvcrt_extra_a-mingw_lock.o)
                0x000000014000bee0                _lock_file
                0x000000014000bf42                _unlock_file
 .text          0x000000014000bfa0       0x20 C:/raylib/w64devkit/bin/../lib/gcc/x86_64-w64-mingw32/14.2.0/../../../../x86_64-w64-mingw32/lib/../lib/libmsvcrt.a(lib64_libmsvcrt_extra_a-invalid_parameter_handler.o)
                0x000000014000bfa0                _get_invalid_parameter_handler
                0x000000014000bfa8                _set_invalid_parameter_handler
 .text          0x000000014000bfc0       0x20 C:/raylib/w64devkit/bin/../lib/gcc/x86_64-w64-mingw32/14.2.0/../../../../x86_64-w64-mingw32/lib/../lib/libmsvcrt.a(lib64_libmsvcrt_common_a-acrt_iob_func.o)
                0x000000014000bfc0                __acrt_iob_func
 .text          0x000000014000bfe0      0x180 C:/raylib/w64devkit/bin/../lib/gcc/x86_64-w64-mingw32/14.2.0/../../../../x86_64-w64-mingw32/lib/../lib/libmsvcrt.a(lib64_libmsvcrt_common_a-wcrtomb.o)
                0x000000014000c057                wcrtomb
                0x000000014000c098                wcsrtombs
 .text          0x000000014000c160      0x2c0 C:/raylib/w64devkit/bin/../lib/gcc/x86_64-w64-mingw32/14.2.0/../../../../x86_64-w64-mingw32/lib/../lib/libmsvcrt.a(lib64_libmsvcrt_common_a-mbrtowc.o)
                0x000000014000c27c                mbrtowc
                0x000000014000c2e7                mbsrtowcs
                0x000000014000c3bb                mbrlen
 .text          0x000000014000c420        0x8 C:/raylib/w64devkit/bin/../lib/gcc/x86_64-w64-mingw32/14.2.0/../../../../x86_64-w64-mingw32/lib/../lib/libmsvcrt.a(libmsvcrt_defs00106.o)
                0x000000014000c420                __C_specific_handler
 .text          0x000000014000c428        0x8 C:/raylib/w64devkit/bin/../lib/gcc/x86_64-w64-mingw32/14.2.0/../../../../x86_64-w64-mingw32/lib/../lib/libmsvcrt.a(libmsvcrt_defs00126.o)
                0x000000014000c428                ___lc_codepage_func
 .text          0x000000014000c430        0x8 C:/raylib/w64devkit/bin/../lib/gcc/x86_64-w64-mingw32/14.2.0/../../../../x86_64-w64-mingw32/lib/../lib/libmsvcrt.a(libmsvcrt_defs00129.o)
                0x000000014000c430                ___mb_cur_max_func
 .text          0x000000014000c438        0x8 C:/raylib/w64devkit/bin/../lib/gcc/x86_64-w64-mingw32/14.2.0/../../../../x86_64-w64-mingw32/lib/../lib/libmsvcrt.a(libmsvcrt_defs00146.o)
                0x000000014000c438                __getmainargs
 .text          0x000000014000c440        0x0 C:/raylib/w64devkit/bin/../lib/gcc/x86_64-w64-mingw32/14.2.0/../../../../x86_64-w64-mingw32/lib/../lib/libmsvcrt.a(libmsvcrt_defs00147.o)
 .text          0x000000014000c440        0x8 C:/raylib/w64devkit/bin/../lib/gcc/x86_64-w64-mingw32/14.2.0/../../../../x86_64-w64-mingw32/lib/../lib/libmsvcrt.a(libmsvcrt_defs00148.o)
                0x000000014000c440                __iob_func
 .text          0x000000014000c448        0x8 C:/raylib/w64devkit/bin/../lib/gcc/x86_64-w64-mingw32/14.2.0/../../../../x86_64-w64-mingw32/lib/../lib/libmsvcrt.a(libmsvcrt_defs00161.o)
                0x000000014000c448                __set_app_type
 .text          0x000000014000c450        0x8 C:/raylib/w64devkit/bin/../lib/gcc/x86_64-w64-mingw32/14.2.0/../../../../x86_64-w64-mingw32/lib/../lib/libmsvcrt.a(libmsvcrt_defs00163.o)
                0x000000014000c450                __setusermatherr
 .text          0x000000014000c458        0x8 C:/raylib/w64devkit/bin/../lib/gcc/x86_64-w64-mingw32/14.2.0/../../../../x86_64-w64-mingw32/lib/../lib/libmsvcrt.a(libmsvcrt_defs00192.o)
                0x000000014000c458                _amsg_exit
 .text          0x000000014000c460        0x8 C:/raylib/w64devkit/bin/../lib/gcc/x86_64-w64-mingw32/14.2.0/../../../../x86_64-w64-mingw32/lib/../lib/libmsvcrt.a(libmsvcrt_defs00211.o)
                0x000000014000c460                _cexit
 .text          0x000000014000c468        0x0 C:/raylib/w64devkit/bin/../lib/gcc/x86_64-w64-mingw32/14.2.0/../../../../x86_64-w64-mingw32/lib/../lib/libmsvcrt.a(libmsvcrt_defs00225.o)
 .text          0x000000014000c468        0x8 C:/raylib/w64devkit/bin/../lib/gcc/x86_64-w64-mingw32/14.2.0/../../../../x86_64-w64-mingw32/lib/../lib/libmsvcrt.a(libmsvcrt_defs00267.o)
                0x000000014000c468                _errno
 .text          0x000000014000c470        0x0 C:/raylib/w64devkit/bin/../lib/gcc/x86_64-w64-mingw32/14.2.0/../../../../x86_64-w64-mingw32/lib/../lib/libmsvcrt.a(libmsvcrt_defs00301.o)
 .text          0x000000014000c470        0x8 C:/raylib/w64devkit/bin/../lib/gcc/x86_64-w64-mingw32/14.2.0/../../../../x86_64-w64-mingw32/lib/../lib/libmsvcrt.a(libmsvcrt_defs00380.o)
                0x000000014000c470                _initterm
 .text          0x000000014000c478        0x8 C:/raylib/w64devkit/bin/../lib/gcc/x86_64-w64-mingw32/14.2.0/../../../../x86_64-w64-mingw32/lib/../lib/libmsvcrt.a(libmsvcrt_defs00483.o)
                0x000000014000c478                _lock
 .text          0x000000014000c480        0x8 C:/raylib/w64devkit/bin/../lib/gcc/x86_64-w64-mingw32/14.2.0/../../../../x86_64-w64-mingw32/lib/../lib/libmsvcrt.a(libmsvcrt_defs00652.o)
                0x000000014000c480                _onexit
 .text          0x000000014000c488        0x8 C:/raylib/w64devkit/bin/../lib/gcc/x86_64-w64-mingw32/14.2.0/../../../../x86_64-w64-mingw32/lib/../lib/libmsvcrt.a(libmsvcrt_defs00943.o)
                0x000000014000c488                _unlock
 .text          0x000000014000c490        0x8 C:/raylib/w64devkit/bin/../lib/gcc/x86_64-w64-mingw32/14.2.0/../../../../x86_64-w64-mingw32/lib/../lib/libmsvcrt.a(libmsvcrt_defs01041.o)
                0x000000014000c490                abort
 .text          0x000000014000c498        0x8 C:/raylib/w64devkit/bin/../lib/gcc/x86_64-w64-mingw32/14.2.0/../../../../x86_64-w64-mingw32/lib/../lib/libmsvcrt.a(libmsvcrt_defs01057.o)
                0x000000014000c498                calloc
 .text          0x000000014000c4a0        0x8 C:/raylib/w64devkit/bin/../lib/gcc/x86_64-w64-mingw32/14.2.0/../../../../x86_64-w64-mingw32/lib/../lib/libmsvcrt.a(libmsvcrt_defs01069.o)
                0x000000014000c4a0                exit
 .text          0x000000014000c4a8        0x8 C:/raylib/w64devkit/bin/../lib/gcc/x86_64-w64-mingw32/14.2.0/../../../../x86_64-w64-mingw32/lib/../lib/libmsvcrt.a(libmsvcrt_defs01073.o)
                0x000000014000c4a8                fclose
 .text          0x000000014000c4b0        0x8 C:/raylib/w64devkit/bin/../lib/gcc/x86_64-w64-mingw32/14.2.0/../../../../x86_64-w64-mingw32/lib/../lib/libmsvcrt.a(libmsvcrt_defs01074.o)
                0x000000014000c4b0                feof
 .text          0x000000014000c4b8        0x8 C:/raylib/w64devkit/bin/../lib/gcc/x86_64-w64-mingw32/14.2.0/../../../../x86_64-w64-mingw32/lib/../lib/libmsvcrt.a(libmsvcrt_defs01079.o)
                0x000000014000c4b8                fgets
 .text          0x000000014000c4c0        0x8 C:/raylib/w64devkit/bin/../lib/gcc/x86_64-w64-mingw32/14.2.0/../../../../x86_64-w64-mingw32/lib/../lib/libmsvcrt.a(libmsvcrt_defs01086.o)
                0x000000014000c4c0                fopen
 .text          0x000000014000c4c8        0x8 C:/raylib/w64devkit/bin/../lib/gcc/x86_64-w64-mingw32/14.2.0/../../../../x86_64-w64-mingw32/lib/../lib/libmsvcrt.a(libmsvcrt_defs01087.o)
                0x000000014000c4c8                fprintf
 .text          0x000000014000c4d0        0x8 C:/raylib/w64devkit/bin/../lib/gcc/x86_64-w64-mingw32/14.2.0/../../../../x86_64-w64-mingw32/lib/../lib/libmsvcrt.a(libmsvcrt_defs01088.o)
                0x000000014000c4d0                fputc
 .text          0x000000014000c4d8        0x8 C:/raylib/w64devkit/bin/../lib/gcc/x86_64-w64-mingw32/14.2.0/../../../../x86_64-w64-mingw32/lib/../lib/libmsvcrt.a(libmsvcrt_defs01089.o)
                0x000000014000c4d8                fputs
 .text          0x000000014000c4e0        0x8 C:/raylib/w64devkit/bin/../lib/gcc/x86_64-w64-mingw32/14.2.0/../../../../x86_64-w64-mingw32/lib/../lib/libmsvcrt.a(libmsvcrt_defs01093.o)
                0x000000014000c4e0                free
 .text          0x000000014000c4e8        0x8 C:/raylib/w64devkit/bin/../lib/gcc/x86_64-w64-mingw32/14.2.0/../../../../x86_64-w64-mingw32/lib/../lib/libmsvcrt.a(libmsvcrt_defs01103.o)
                0x000000014000c4e8                getc
 .text          0x000000014000c4f0        0x8 C:/raylib/w64devkit/bin/../lib/gcc/x86_64-w64-mingw32/14.2.0/../../../../x86_64-w64-mingw32/lib/../lib/libmsvcrt.a(libmsvcrt_defs01104.o)
                0x000000014000c4f0                getchar
 .text          0x000000014000c4f8        0x8 C:/raylib/w64devkit/bin/../lib/gcc/x86_64-w64-mingw32/14.2.0/../../../../x86_64-w64-mingw32/lib/../lib/libmsvcrt.a(libmsvcrt_defs01120.o)
                0x000000014000c4f8                isspace
 .text          0x000000014000c500        0x8 C:/raylib/w64devkit/bin/../lib/gcc/x86_64-w64-mingw32/14.2.0/../../../../x86_64-w64-mingw32/lib/../lib/libmsvcrt.a(libmsvcrt_defs01135.o)
                0x000000014000c500                isxdigit
 .text          0x000000014000c508        0x8 C:/raylib/w64devkit/bin/../lib/gcc/x86_64-w64-mingw32/14.2.0/../../../../x86_64-w64-mingw32/lib/../lib/libmsvcrt.a(libmsvcrt_defs01139.o)
                0x000000014000c508                localeconv
 .text          0x000000014000c510        0x8 C:/raylib/w64devkit/bin/../lib/gcc/x86_64-w64-mingw32/14.2.0/../../../../x86_64-w64-mingw32/lib/../lib/libmsvcrt.a(libmsvcrt_defs01146.o)
                0x000000014000c510                malloc
 .text          0x000000014000c518        0x8 C:/raylib/w64devkit/bin/../lib/gcc/x86_64-w64-mingw32/14.2.0/../../../../x86_64-w64-mingw32/lib/../lib/libmsvcrt.a(libmsvcrt_defs01170.o)
                0x000000014000c518                realloc
 .text          0x000000014000c520        0x8 C:/raylib/w64devkit/bin/../lib/gcc/x86_64-w64-mingw32/14.2.0/../../../../x86_64-w64-mingw32/lib/../lib/libmsvcrt.a(libmsvcrt_defs01179.o)
                0x000000014000c520                signal
 .text          0x000000014000c528        0x8 C:/raylib/w64devkit/bin/../lib/gcc/x86_64-w64-mingw32/14.2.0/../../../../x86_64-w64-mingw32/lib/../lib/libmsvcrt.a(libmsvcrt_defs01191.o)
                0x000000014000c528                strcmp
 .text          0x000000014000c530        0x8 C:/raylib/w64devkit/bin/../lib/gcc/x86_64-w64-mingw32/14.2.0/../../../../x86_64-w64-mingw32/lib/../lib/libmsvcrt.a(libmsvcrt_defs01194.o)
                0x000000014000c530                strcspn
 .text          0x000000014000c538        0x8 C:/raylib/w64devkit/bin/../lib/gcc/x86_64-w64-mingw32/14.2.0/../../../../x86_64-w64-mingw32/lib/../lib/libmsvcrt.a(libmsvcrt_defs01195.o)
                0x000000014000c538                strerror
 .text          0x000000014000c540        0x8 C:/raylib/w64devkit/bin/../lib/gcc/x86_64-w64-mingw32/14.2.0/../../../../x86_64-w64-mingw32/lib/../lib/libmsvcrt.a(libmsvcrt_defs01197.o)
                0x000000014000c540                strlen
 .text          0x000000014000c548        0x8 C:/raylib/w64devkit/bin/../lib/gcc/x86_64-w64-mingw32/14.2.0/../../../../x86_64-w64-mingw32/lib/../lib/libmsvcrt.a(libmsvcrt_defs01199.o)
                0x000000014000c548                strncmp
 .text          0x000000014000c550        0x8 C:/raylib/w64devkit/bin/../lib/gcc/x86_64-w64-mingw32/14.2.0/../../../../x86_64-w64-mingw32/lib/../lib/libmsvcrt.a(libmsvcrt_defs01207.o)
                0x000000014000c550                strtol
 .text          0x000000014000c558        0x8 C:/raylib/w64devkit/bin/../lib/gcc/x86_64-w64-mingw32/14.2.0/../../../../x86_64-w64-mingw32/lib/../lib/libmsvcrt.a(libmsvcrt_defs01208.o)
                0x000000014000c558                strtoul
 .text          0x000000014000c560        0x8 C:/raylib/w64devkit/bin/../lib/gcc/x86_64-w64-mingw32/14.2.0/../../../../x86_64-w64-mingw32/lib/../lib/libmsvcrt.a(libmsvcrt_defs01227.o)
                0x000000014000c560                tolower
 .text          0x000000014000c568        0x8 C:/raylib/w64devkit/bin/../lib/gcc/x86_64-w64-mingw32/14.2.0/../../../../x86_64-w64-mingw32/lib/../lib/libmsvcrt.a(libmsvcrt_defs01231.o)
                0x000000014000c568                ungetc
 .text          0x000000014000c570        0x8 C:/raylib/w64devkit/bin/../lib/gcc/x86_64-w64-mingw32/14.2.0/../../../../x86_64-w64-mingw32/lib/../lib/libmsvcrt.a(libmsvcrt_defs01233.o)
                0x000000014000c570                vfprintf
 .text          0x000000014000c578        0x8 C:/raylib/w64devkit/bin/../lib/gcc/x86_64-w64-mingw32/14.2.0/../../../../x86_64-w64-mingw32/lib/../lib/libmsvcrt.a(libmsvcrt_defs01251.o)
                0x000000014000c578                wcslen
 .text          0x000000014000c580        0x8 C:/raylib/w64devkit/bin/../lib/gcc/x86_64-w64-mingw32/14.2.0/../../../../x86_64-w64-mingw32/lib/../lib/libmsvcrt.a(libmsvcrt_defs01300.o)
                0x000000014000c580                strtoull
 .text          0x000000014000c588        0x8 C:/raylib/w64devkit/bin/../lib/gcc/x86_64-w64-mingw32/14.2.0/../../../../x86_64-w64-mingw32/lib/../lib/libmsvcrt.a(libmsvcrt_defs01301.o)
                0x000000014000c588                strtoll
 .text          0x000000014000c590        0x0 C:/raylib/w64devkit/bin/../lib/gcc/x86_64-w64-mingw32/14.2.0/../../../../x86_64-w64-mingw32/lib/../lib/libmsvcrt.a(libmsvcrt_defh.o)
 .text          0x000000014000c590        0x0 C:/raylib/w64devkit/bin/../lib/gcc/x86_64-w64-mingw32/14.2.0/../../../../x86_64-w64-mingw32/lib/../lib/libmsvcrt.a(libmsvcrt_deft.o)
 .text          0x000000014000c590        0x8 C:/raylib/w64devkit/bin/../lib/gcc/x86_64-w64-mingw32/14.2.0/../../../../x86_64-w64-mingw32/lib/../lib/libkernel32.a(libkernel32s01581.o)
                0x000000014000c590                WideCharToMultiByte
 .text          0x000000014000c598        0x8 C:/raylib/w64devkit/bin/../lib/gcc/x86_64-w64-mingw32/14.2.0/../../../../x86_64-w64-mingw32/lib/../lib/libkernel32.a(libkernel32s01528.o)
                0x000000014000c598                VirtualQuery
 .text          0x000000014000c5a0        0x8 C:/raylib/w64devkit/bin/../lib/gcc/x86_64-w64-mingw32/14.2.0/../../../../x86_64-w64-mingw32/lib/../lib/libkernel32.a(libkernel32s01526.o)
                0x000000014000c5a0                VirtualProtect
 .text          0x000000014000c5a8        0x8 C:/raylib/w64devkit/bin/../lib/gcc/x86_64-w64-mingw32/14.2.0/../../../../x86_64-w64-mingw32/lib/../lib/libkernel32.a(libkernel32s01479.o)
                0x000000014000c5a8                TlsGetValue
 .text          0x000000014000c5b0        0x8 C:/raylib/w64devkit/bin/../lib/gcc/x86_64-w64-mingw32/14.2.0/../../../../x86_64-w64-mingw32/lib/../lib/libkernel32.a(libkernel32s01443.o)
                0x000000014000c5b0                Sleep
 .text          0x000000014000c5b8        0x8 C:/raylib/w64devkit/bin/../lib/gcc/x86_64-w64-mingw32/14.2.0/../../../../x86_64-w64-mingw32/lib/../lib/libkernel32.a(libkernel32s01427.o)
                0x000000014000c5b8                SetUnhandledExceptionFilter
 .text          0x000000014000c5c0        0x8 C:/raylib/w64devkit/bin/../lib/gcc/x86_64-w64-mingw32/14.2.0/../../../../x86_64-w64-mingw32/lib/../lib/libkernel32.a(libkernel32s01059.o)
                0x000000014000c5c0                MultiByteToWideChar
 .text          0x000000014000c5c8        0x8 C:/raylib/w64devkit/bin/../lib/gcc/x86_64-w64-mingw32/14.2.0/../../../../x86_64-w64-mingw32/lib/../lib/libkernel32.a(libkernel32s01007.o)
                0x000000014000c5c8                LeaveCriticalSection
 .text          0x000000014000c5d0        0x8 C:/raylib/w64devkit/bin/../lib/gcc/x86_64-w64-mingw32/14.2.0/../../../../x86_64-w64-mingw32/lib/../lib/libkernel32.a(libkernel32s00940.o)
                0x000000014000c5d0                IsDBCSLeadByteEx
 .text          0x000000014000c5d8        0x8 C:/raylib/w64devkit/bin/../lib/gcc/x86_64-w64-mingw32/14.2.0/../../../../x86_64-w64-mingw32/lib/../lib/libkernel32.a(libkernel32s00913.o)
                0x000000014000c5d8                InitializeCriticalSection
 .text          0x000000014000c5e0        0x8 C:/raylib/w64devkit/bin/../lib/gcc/x86_64-w64-mingw32/14.2.0/../../../../x86_64-w64-mingw32/lib/../lib/libkernel32.a(libkernel32s00643.o)
                0x000000014000c5e0                GetLastError
 .text          0x000000014000c5e8        0x8 C:/raylib/w64devkit/bin/../lib/gcc/x86_64-w64-mingw32/14.2.0/../../../../x86_64-w64-mingw32/lib/../lib/libkernel32.a(libkernel32s00330.o)
                0x000000014000c5e8                EnterCriticalSection
 .text          0x000000014000c5f0        0x8 C:/raylib/w64devkit/bin/../lib/gcc/x86_64-w64-mingw32/14.2.0/../../../../x86_64-w64-mingw32/lib/../lib/libkernel32.a(libkernel32s00292.o)
                0x000000014000c5f0                DeleteCriticalSection
 *fill*         0x000000014000c5f8        0x8 
 .text          0x000000014000c600        0x0 C:/raylib/w64devkit/bin/../lib/gcc/x86_64-w64-mingw32/14.2.0/../../../../x86_64-w64-mingw32/lib/../lib/libkernel32.a(libkernel32h.o)
 .text          0x000000014000c600        0x0 C:/raylib/w64devkit/bin/../lib/gcc/x86_64-w64-mingw32/14.2.0/../../../../x86_64-w64-mingw32/lib/../lib/libkernel32.a(libkernel32t.o)
 .text          0x000000014000c600        0x0 C:/raylib/w64devkit/bin/../lib/gcc/x86_64-w64-mingw32/14.2.0/crtend.o
 *(SORT_BY_NAME(.text$*))
 *(.text.*)
 .text.startup  0x000000014000c600       0x10 C:/raylib/w64devkit/bin/../lib/gcc/x86_64-w64-mingw32/14.2.0/crtend.o
 *(.gnu.linkonce.t.*)
 *(.glue_7t)
 *(.glue_7)
                0x000000014000c610                . = ALIGN (0x8)
                0x000000014000c610                ___CTOR_LIST__ = .
                0x000000014000c610                __CTOR_LIST__ = .
                0x000000014000c610        0x4 LONG 0xffffffffffffffff
                0x000000014000c614        0x4 LONG 0xffffffffffffffff
 *(.ctors)
 *(.ctor)
 *(SORT_BY_NAME(.ctors.*))
 .ctors.65535   0x000000014000c618        0x8 C:/raylib/w64devkit/bin/../lib/gcc/x86_64-w64-mingw32/14.2.0/crtend.o
                0x000000014000c620        0x4 LONG 0x0
                0x000000014000c624        0x4 LONG 0x0
                0x000000014000c628                ___DTOR_LIST__ = .
                0x000000014000c628                __DTOR_LIST__ = .
                0x000000014000c628        0x4 LONG 0xffffffffffffffff
                0x000000014000c62c        0x4 LONG 0xffffffffffffffff
 *(.dtors)
 *(.dtor)
 *(SORT_BY_NAME(.dtors.*))
                0x000000014000c630        0x4 LONG 0x0
                0x000000014000c634        0x4 LONG 0x0
 *(SORT_NONE(.fini))
 *(.gcc_exc)
                [!provide]                        PROVIDE (etext = .)
 *(.gcc_except_table)

.data           0x000000014000d000      0x400
                0x000000014000d000                __data_start__ = .
 *(.data)
 .data          0x000000014000d000        0x0 C:/raylib/w64devkit/bin/../lib/gcc/x86_64-w64-mingw32/14.2.0/../../../../x86_64-w64-mingw32/lib/../lib/crt2.o
 .data          0x000000014000d000        0x0 C:/raylib/w64devkit/bin/../lib/gcc/x86_64-w64-mingw32/14.2.0/crtbegin.o
 .data          0x000000014000d000        0x0 build/biblioteca_verbose.o
 .data          0x000000014000d000        0x0 build/memory_management_verbose.o
 .data          0x000000014000d000       0x10 C:/raylib/w64devkit/bin/../lib/gcc/x86_64-w64-mingw32/14.2.0/../../../../x86_64-w64-mingw32/lib/../lib/libmingw32.a(lib64_libmingw32_a-gccmain.o)
 .data          0x000000014000d010       0x10 C:/raylib/w64devkit/bin/../lib/gcc/x86_64-w64-mingw32/14.2.0/../../../../x86_64-w64-mingw32/lib/../lib/libmingw32.a(lib64_libmingw32_a-natstart.o)
                0x000000014000d010                __native_vcclrit_reason
                0x000000014000d014                __native_dllmain_reason
 .data          0x000000014000d020        0x0 C:/raylib/w64devkit/bin/../lib/gcc/x86_64-w64-mingw32/14.2.0/../../../../x86_64-w64-mingw32/lib/../lib/libmingw32.a(lib64_libmingw32_a-wildcard.o)
 .data          0x000000014000d020        0x0 C:/raylib/w64devkit/bin/../lib/gcc/x86_64-w64-mingw32/14.2.0/../../../../x86_64-w64-mingw32/lib/../lib/libmingw32.a(lib64_libmingw32_a-dllargv.o)
 .data          0x000000014000d020        0x0 C:/raylib/w64devkit/bin/../lib/gcc/x86_64-w64-mingw32/14.2.0/../../../../x86_64-w64-mingw32/lib/../lib/libmingw32.a(lib64_libmingw32_a-_newmode.o)
 .data          0x000000014000d020        0x0 C:/raylib/w64devkit/bin/../lib/gcc/x86_64-w64-mingw32/14.2.0/../../../../x86_64-w64-mingw32/lib/../lib/libmingw32.a(lib64_libmingw32_a-tlssup.o)
 .data          0x000000014000d020        0x0 C:/raylib/w64devkit/bin/../lib/gcc/x86_64-w64-mingw32/14.2.0/../../../../x86_64-w64-mingw32/lib/../lib/libmingw32.a(lib64_libmingw32_a-xncommod.o)
 .data          0x000000014000d020        0x0 C:/raylib/w64devkit/bin/../lib/gcc/x86_64-w64-mingw32/14.2.0/../../../../x86_64-w64-mingw32/lib/../lib/libmingw32.a(lib64_libmingw32_a-cinitexe.o)
 .data          0x000000014000d020        0x0 C:/raylib/w64devkit/bin/../lib/gcc/x86_64-w64-mingw32/14.2.0/../../../../x86_64-w64-mingw32/lib/../lib/libmingw32.a(lib64_libmingw32_a-merr.o)
 .data          0x000000014000d020        0x0 C:/raylib/w64devkit/bin/../lib/gcc/x86_64-w64-mingw32/14.2.0/../../../../x86_64-w64-mingw32/lib/../lib/libmingw32.a(lib64_libmingw32_a-CRT_fp10.o)
 .data          0x000000014000d020        0x0 C:/raylib/w64devkit/bin/../lib/gcc/x86_64-w64-mingw32/14.2.0/../../../../x86_64-w64-mingw32/lib/../lib/libmingw32.a(lib64_libmingw32_a-mingw_helpers.o)
 .data          0x000000014000d020        0x0 C:/raylib/w64devkit/bin/../lib/gcc/x86_64-w64-mingw32/14.2.0/../../../../x86_64-w64-mingw32/lib/../lib/libmingw32.a(lib64_libmingw32_a-pseudo-reloc.o)
 .data          0x000000014000d020        0x0 C:/raylib/w64devkit/bin/../lib/gcc/x86_64-w64-mingw32/14.2.0/../../../../x86_64-w64-mingw32/lib/../lib/libmingw32.a(lib64_libmingw32_a-usermatherr.o)
 .data          0x000000014000d020        0x0 C:/raylib/w64devkit/bin/../lib/gcc/x86_64-w64-mingw32/14.2.0/../../../../x86_64-w64-mingw32/lib/../lib/libmingw32.a(lib64_libmingw32_a-xtxtmode.o)
 .data          0x000000014000d020        0x0 C:/raylib/w64devkit/bin/../lib/gcc/x86_64-w64-mingw32/14.2.0/../../../../x86_64-w64-mingw32/lib/../lib/libmingw32.a(lib64_libmingw32_a-crt_handler.o)
 .data          0x000000014000d020        0x0 C:/raylib/w64devkit/bin/../lib/gcc/x86_64-w64-mingw32/14.2.0/../../../../x86_64-w64-mingw32/lib/../lib/libmingw32.a(lib64_libmingw32_a-tlsthrd.o)
 .data          0x000000014000d020       0x10 C:/raylib/w64devkit/bin/../lib/gcc/x86_64-w64-mingw32/14.2.0/../../../../x86_64-w64-mingw32/lib/../lib/libmingw32.a(lib64_libmingw32_a-tlsmcrt.o)
                0x000000014000d020                _CRT_MT
 .data          0x000000014000d030        0x0 C:/raylib/w64devkit/bin/../lib/gcc/x86_64-w64-mingw32/14.2.0/../../../../x86_64-w64-mingw32/lib/../lib/libmingw32.a(lib64_libmingw32_a-pseudo-reloc-list.o)
 .data          0x000000014000d030        0x0 C:/raylib/w64devkit/bin/../lib/gcc/x86_64-w64-mingw32/14.2.0/../../../../x86_64-w64-mingw32/lib/../lib/libmingw32.a(lib64_libmingw32_a-pesect.o)
 .data          0x000000014000d030        0x0 C:/raylib/w64devkit/bin/../lib/gcc/x86_64-w64-mingw32/14.2.0/libgcc.a(_chkstk_ms.o)
 .data          0x000000014000d030        0x0 C:/raylib/w64devkit/bin/../lib/gcc/x86_64-w64-mingw32/14.2.0/libgcc.a(_ctors.o)
 .data          0x000000014000d030       0x10 C:/raylib/w64devkit/bin/../lib/gcc/x86_64-w64-mingw32/14.2.0/../../../../x86_64-w64-mingw32/lib/../lib/libmingwex.a(lib64_libmingwex_a-mingw_matherr.o)
                0x000000014000d030                _MINGW_INSTALL_DEBUG_MATHERR
 .data          0x000000014000d040        0x0 C:/raylib/w64devkit/bin/../lib/gcc/x86_64-w64-mingw32/14.2.0/../../../../x86_64-w64-mingw32/lib/../lib/libmingwex.a(lib64_libmingwex_a-mingw_vfprintf.o)
 .data          0x000000014000d040        0x0 C:/raylib/w64devkit/bin/../lib/gcc/x86_64-w64-mingw32/14.2.0/../../../../x86_64-w64-mingw32/lib/../lib/libmingwex.a(lib64_libmingwex_a-mingw_vfscanf.o)
 .data          0x000000014000d040       0x20 C:/raylib/w64devkit/bin/../lib/gcc/x86_64-w64-mingw32/14.2.0/../../../../x86_64-w64-mingw32/lib/../lib/libmingwex.a(lib64_libmingwex_a-strtof.o)
 .data          0x000000014000d060       0x20 C:/raylib/w64devkit/bin/../lib/gcc/x86_64-w64-mingw32/14.2.0/../../../../x86_64-w64-mingw32/lib/../lib/libmingwex.a(lib64_libmingwex_a-strtopx.o)
 .data          0x000000014000d080       0x20 C:/raylib/w64devkit/bin/../lib/gcc/x86_64-w64-mingw32/14.2.0/../../../../x86_64-w64-mingw32/lib/../lib/libmingwex.a(lib64_libmingwex_a-mingw_pformat.o)
 .data          0x000000014000d0a0        0x0 C:/raylib/w64devkit/bin/../lib/gcc/x86_64-w64-mingw32/14.2.0/../../../../x86_64-w64-mingw32/lib/../lib/libmingwex.a(lib64_libmingwex_a-dmisc.o)
 .data          0x000000014000d0a0        0x0 C:/raylib/w64devkit/bin/../lib/gcc/x86_64-w64-mingw32/14.2.0/../../../../x86_64-w64-mingw32/lib/../lib/libmingwex.a(lib64_libmingwex_a-gdtoa.o)
 .data          0x000000014000d0a0       0xa0 C:/raylib/w64devkit/bin/../lib/gcc/x86_64-w64-mingw32/14.2.0/../../../../x86_64-w64-mingw32/lib/../lib/libmingwex.a(lib64_libmingwex_a-g__fmt.o)
                0x000000014000d0a0                NanDflt_ldus_D2A
                0x000000014000d0b0                NanDflt_xL_D2A
                0x000000014000d0bc                NanDflt_f_D2A
                0x000000014000d0c0                NanDflt_d_D2A
                0x000000014000d0d0                NanDflt_Q_D2A
                0x000000014000d0e0                __NanName_D2A
                0x000000014000d100                __InfName_D2A
 .data          0x000000014000d140        0x0 C:/raylib/w64devkit/bin/../lib/gcc/x86_64-w64-mingw32/14.2.0/../../../../x86_64-w64-mingw32/lib/../lib/libmingwex.a(lib64_libmingwex_a-gmisc.o)
 .data          0x000000014000d140       0x10 C:/raylib/w64devkit/bin/../lib/gcc/x86_64-w64-mingw32/14.2.0/../../../../x86_64-w64-mingw32/lib/../lib/libmingwex.a(lib64_libmingwex_a-misc.o)
 .data          0x000000014000d150        0x0 C:/raylib/w64devkit/bin/../lib/gcc/x86_64-w64-mingw32/14.2.0/../../../../x86_64-w64-mingw32/lib/../lib/libmingwex.a(lib64_libmingwex_a-strtodg.o)
 .data          0x000000014000d150        0x0 C:/raylib/w64devkit/bin/../lib/gcc/x86_64-w64-mingw32/14.2.0/../../../../x86_64-w64-mingw32/lib/../lib/libmingwex.a(lib64_libmingwex_a-sum.o)
 .data          0x000000014000d150        0x0 C:/raylib/w64devkit/bin/../lib/gcc/x86_64-w64-mingw32/14.2.0/../../../../x86_64-w64-mingw32/lib/../lib/libmingwex.a(lib64_libmingwex_a-strnlen.o)
 .data          0x000000014000d150        0x0 C:/raylib/w64devkit/bin/../lib/gcc/x86_64-w64-mingw32/14.2.0/../../../../x86_64-w64-mingw32/lib/../lib/libmingwex.a(lib64_libmingwex_a-wcsnlen.o)
 .data          0x000000014000d150        0x0 C:/raylib/w64devkit/bin/../lib/gcc/x86_64-w64-mingw32/14.2.0/../../../../x86_64-w64-mingw32/lib/../lib/libmingwex.a(lib64_libmingwex_a-gethex.o)
 *fill*         0x000000014000d150       0x10 
 .data          0x000000014000d160      0x100 C:/raylib/w64devkit/bin/../lib/gcc/x86_64-w64-mingw32/14.2.0/../../../../x86_64-w64-mingw32/lib/../lib/libmingwex.a(lib64_libmingwex_a-hd_init.o)
                0x000000014000d160                __hexdig_D2A
 .data          0x000000014000d260        0x0 C:/raylib/w64devkit/bin/../lib/gcc/x86_64-w64-mingw32/14.2.0/../../../../x86_64-w64-mingw32/lib/../lib/libmingwex.a(lib64_libmingwex_a-hexnan.o)
 .data          0x000000014000d260        0x0 C:/raylib/w64devkit/bin/../lib/gcc/x86_64-w64-mingw32/14.2.0/../../../../x86_64-w64-mingw32/lib/../lib/libmingwex.a(lib64_libmingwex_a-smisc.o)
 .data          0x000000014000d260       0x10 C:/raylib/w64devkit/bin/../lib/gcc/x86_64-w64-mingw32/14.2.0/../../../../x86_64-w64-mingw32/lib/../lib/libmsvcrt.a(lib64_libmsvcrt_extra_a-__p__fmode.o)
                0x000000014000d260                __imp___p__fmode
 .data          0x000000014000d270       0x10 C:/raylib/w64devkit/bin/../lib/gcc/x86_64-w64-mingw32/14.2.0/../../../../x86_64-w64-mingw32/lib/../lib/libmsvcrt.a(lib64_libmsvcrt_extra_a-__p__commode.o)
                0x000000014000d270                __imp___p__commode
 .data          0x000000014000d280       0x10 C:/raylib/w64devkit/bin/../lib/gcc/x86_64-w64-mingw32/14.2.0/../../../../x86_64-w64-mingw32/lib/../lib/libmsvcrt.a(lib64_libmsvcrt_extra_a-mingw_lock.o)
                0x000000014000d280                __imp__unlock_file
                0x000000014000d288                __imp__lock_file
 .data          0x000000014000d290       0x10 C:/raylib/w64devkit/bin/../lib/gcc/x86_64-w64-mingw32/14.2.0/../../../../x86_64-w64-mingw32/lib/../lib/libmsvcrt.a(lib64_libmsvcrt_extra_a-invalid_parameter_handler.o)
                0x000000014000d290                __imp__get_invalid_parameter_handler
                0x000000014000d298                __imp__set_invalid_parameter_handler
 .data          0x000000014000d2a0       0x10 C:/raylib/w64devkit/bin/../lib/gcc/x86_64-w64-mingw32/14.2.0/../../../../x86_64-w64-mingw32/lib/../lib/libmsvcrt.a(lib64_libmsvcrt_common_a-acrt_iob_func.o)
                0x000000014000d2a0                __imp___acrt_iob_func
 .data          0x000000014000d2b0        0x0 C:/raylib/w64devkit/bin/../lib/gcc/x86_64-w64-mingw32/14.2.0/../../../../x86_64-w64-mingw32/lib/../lib/libmsvcrt.a(lib64_libmsvcrt_common_a-wcrtomb.o)
 .data          0x000000014000d2b0        0x0 C:/raylib/w64devkit/bin/../lib/gcc/x86_64-w64-mingw32/14.2.0/../../../../x86_64-w64-mingw32/lib/../lib/libmsvcrt.a(lib64_libmsvcrt_common_a-mbrtowc.o)
 .data          0x000000014000d2b0        0x0 C:/raylib/w64devkit/bin/../lib/gcc/x86_64-w64-mingw32/14.2.0/../../../../x86_64-w64-mingw32/lib/../lib/libmsvcrt.a(libmsvcrt_defs00106.o)
 .data          0x000000014000d2b0        0x0 C:/raylib/w64devkit/bin/../lib/gcc/x86_64-w64-mingw32/14.2.0/../../../../x86_64-w64-mingw32/lib/../lib/libmsvcrt.a(libmsvcrt_defs00126.o)
 .data          0x000000014000d2b0        0x0 C:/raylib/w64devkit/bin/../lib/gcc/x86_64-w64-mingw32/14.2.0/../../../../x86_64-w64-mingw32/lib/../lib/libmsvcrt.a(libmsvcrt_defs00129.o)
 .data          0x000000014000d2b0        0x0 C:/raylib/w64devkit/bin/../lib/gcc/x86_64-w64-mingw32/14.2.0/../../../../x86_64-w64-mingw32/lib/../lib/libmsvcrt.a(libmsvcrt_defs00146.o)
 .data          0x000000014000d2b0        0x0 C:/raylib/w64devkit/bin/../lib/gcc/x86_64-w64-mingw32/14.2.0/../../../../x86_64-w64-mingw32/lib/../lib/libmsvcrt.a(libmsvcrt_defs00147.o)
 .data          0x000000014000d2b0        0x0 C:/raylib/w64devkit/bin/../lib/gcc/x86_64-w64-mingw32/14.2.0/../../../../x86_64-w64-mingw32/lib/../lib/libmsvcrt.a(libmsvcrt_defs00148.o)
 .data          0x000000014000d2b0        0x0 C:/raylib/w64devkit/bin/../lib/gcc/x86_64-w64-mingw32/14.2.0/../../../../x86_64-w64-mingw32/lib/../lib/libmsvcrt.a(libmsvcrt_defs00161.o)
 .data          0x000000014000d2b0        0x0 C:/raylib/w64devkit/bin/../lib/gcc/x86_64-w64-mingw32/14.2.0/../../../../x86_64-w64-mingw32/lib/../lib/libmsvcrt.a(libmsvcrt_defs00163.o)
 .data          0x000000014000d2b0        0x0 C:/raylib/w64devkit/bin/../lib/gcc/x86_64-w64-mingw32/14.2.0/../../../../x86_64-w64-mingw32/lib/../lib/libmsvcrt.a(libmsvcrt_defs00192.o)
 .data          0x000000014000d2b0        0x0 C:/raylib/w64devkit/bin/../lib/gcc/x86_64-w64-mingw32/14.2.0/../../../../x86_64-w64-mingw32/lib/../lib/libmsvcrt.a(libmsvcrt_defs00211.o)
 .data          0x000000014000d2b0        0x0 C:/raylib/w64devkit/bin/../lib/gcc/x86_64-w64-mingw32/14.2.0/../../../../x86_64-w64-mingw32/lib/../lib/libmsvcrt.a(libmsvcrt_defs00225.o)
 .data          0x000000014000d2b0        0x0 C:/raylib/w64devkit/bin/../lib/gcc/x86_64-w64-mingw32/14.2.0/../../../../x86_64-w64-mingw32/lib/../lib/libmsvcrt.a(libmsvcrt_defs00267.o)
 .data          0x000000014000d2b0        0x0 C:/raylib/w64devkit/bin/../lib/gcc/x86_64-w64-mingw32/14.2.0/../../../../x86_64-w64-mingw32/lib/../lib/libmsvcrt.a(libmsvcrt_defs00301.o)
 .data          0x000000014000d2b0        0x0 C:/raylib/w64devkit/bin/../lib/gcc/x86_64-w64-mingw32/14.2.0/../../../../x86_64-w64-mingw32/lib/../lib/libmsvcrt.a(libmsvcrt_defs00380.o)
 .data          0x000000014000d2b0        0x0 C:/raylib/w64devkit/bin/../lib/gcc/x86_64-w64-mingw32/14.2.0/../../../../x86_64-w64-mingw32/lib/../lib/libmsvcrt.a(libmsvcrt_defs00483.o)
 .data          0x000000014000d2b0        0x0 C:/raylib/w64devkit/bin/../lib/gcc/x86_64-w64-mingw32/14.2.0/../../../../x86_64-w64-mingw32/lib/../lib/libmsvcrt.a(libmsvcrt_defs00652.o)
 .data          0x000000014000d2b0        0x0 C:/raylib/w64devkit/bin/../lib/gcc/x86_64-w64-mingw32/14.2.0/../../../../x86_64-w64-mingw32/lib/../lib/libmsvcrt.a(libmsvcrt_defs00943.o)
 .data          0x000000014000d2b0        0x0 C:/raylib/w64devkit/bin/../lib/gcc/x86_64-w64-mingw32/14.2.0/../../../../x86_64-w64-mingw32/lib/../lib/libmsvcrt.a(libmsvcrt_defs01041.o)
 .data          0x000000014000d2b0        0x0 C:/raylib/w64devkit/bin/../lib/gcc/x86_64-w64-mingw32/14.2.0/../../../../x86_64-w64-mingw32/lib/../lib/libmsvcrt.a(libmsvcrt_defs01057.o)
 .data          0x000000014000d2b0        0x0 C:/raylib/w64devkit/bin/../lib/gcc/x86_64-w64-mingw32/14.2.0/../../../../x86_64-w64-mingw32/lib/../lib/libmsvcrt.a(libmsvcrt_defs01069.o)
 .data          0x000000014000d2b0        0x0 C:/raylib/w64devkit/bin/../lib/gcc/x86_64-w64-mingw32/14.2.0/../../../../x86_64-w64-mingw32/lib/../lib/libmsvcrt.a(libmsvcrt_defs01073.o)
 .data          0x000000014000d2b0        0x0 C:/raylib/w64devkit/bin/../lib/gcc/x86_64-w64-mingw32/14.2.0/../../../../x86_64-w64-mingw32/lib/../lib/libmsvcrt.a(libmsvcrt_defs01074.o)
 .data          0x000000014000d2b0        0x0 C:/raylib/w64devkit/bin/../lib/gcc/x86_64-w64-mingw32/14.2.0/../../../../x86_64-w64-mingw32/lib/../lib/libmsvcrt.a(libmsvcrt_defs01079.o)
 .data          0x000000014000d2b0        0x0 C:/raylib/w64devkit/bin/../lib/gcc/x86_64-w64-mingw32/14.2.0/../../../../x86_64-w64-mingw32/lib/../lib/libmsvcrt.a(libmsvcrt_defs01086.o)
 .data          0x000000014000d2b0        0x0 C:/raylib/w64devkit/bin/../lib/gcc/x86_64-w64-mingw32/14.2.0/../../../../x86_64-w64-mingw32/lib/../lib/libmsvcrt.a(libmsvcrt_defs01087.o)
 .data          0x000000014000d2b0        0x0 C:/raylib/w64devkit/bin/../lib/gcc/x86_64-w64-mingw32/14.2.0/../../../../x86_64-w64-mingw32/lib/../lib/libmsvcrt.a(libmsvcrt_defs01088.o)
 .data          0x000000014000d2b0        0x0 C:/raylib/w64devkit/bin/../lib/gcc/x86_64-w64-mingw32/14.2.0/../../../../x86_64-w64-mingw32/lib/../lib/libmsvcrt.a(libmsvcrt_defs01089.o)
 .data          0x000000014000d2b0        0x0 C:/raylib/w64devkit/bin/../lib/gcc/x86_64-w64-mingw32/14.2.0/../../../../x86_64-w64-mingw32/lib/../lib/libmsvcrt.a(libmsvcrt_defs01093.o)
 .data          0x000000014000d2b0        0x0 C:/raylib/w64devkit/bin/../lib/gcc/x86_64-w64-mingw32/14.2.0/../../../../x86_64-w64-mingw32/lib/../lib/libmsvcrt.a(libmsvcrt_defs01103.o)
 .data          0x000000014000d2b0        0x0 C:/raylib/w64devkit/bin/../lib/gcc/x86_64-w64-mingw32/14.2.0/../../../../x86_64-w64-mingw32/lib/../lib/libmsvcrt.a(libmsvcrt_defs01104.o)
 .data          0x000000014000d2b0        0x0 C:/raylib/w64devkit/bin/../lib/gcc/x86_64-w64-mingw32/14.2.0/../../../../x86_64-w64-mingw32/lib/../lib/libmsvcrt.a(libmsvcrt_defs01120.o)
 .data          0x000000014000d2b0        0x0 C:/raylib/w64devkit/bin/../lib/gcc/x86_64-w64-mingw32/14.2.0/../../../../x86_64-w64-mingw32/lib/../lib/libmsvcrt.a(libmsvcrt_defs01135.o)
 .data          0x000000014000d2b0        0x0 C:/raylib/w64devkit/bin/../lib/gcc/x86_64-w64-mingw32/14.2.0/../../../../x86_64-w64-mingw32/lib/../lib/libmsvcrt.a(libmsvcrt_defs01139.o)
 .data          0x000000014000d2b0        0x0 C:/raylib/w64devkit/bin/../lib/gcc/x86_64-w64-mingw32/14.2.0/../../../../x86_64-w64-mingw32/lib/../lib/libmsvcrt.a(libmsvcrt_defs01146.o)
 .data          0x000000014000d2b0        0x0 C:/raylib/w64devkit/bin/../lib/gcc/x86_64-w64-mingw32/14.2.0/../../../../x86_64-w64-mingw32/lib/../lib/libmsvcrt.a(libmsvcrt_defs01170.o)
 .data          0x000000014000d2b0        0x0 C:/raylib/w64devkit/bin/../lib/gcc/x86_64-w64-mingw32/14.2.0/../../../../x86_64-w64-mingw32/lib/../lib/libmsvcrt.a(libmsvcrt_defs01179.o)
 .data          0x000000014000d2b0        0x0 C:/raylib/w64devkit/bin/../lib/gcc/x86_64-w64-mingw32/14.2.0/../../../../x86_64-w64-mingw32/lib/../lib/libmsvcrt.a(libmsvcrt_defs01191.o)
 .data          0x000000014000d2b0        0x0 C:/raylib/w64devkit/bin/../lib/gcc/x86_64-w64-mingw32/14.2.0/../../../../x86_64-w64-mingw32/lib/../lib/libmsvcrt.a(libmsvcrt_defs01194.o)
 .data          0x000000014000d2b0        0x0 C:/raylib/w64devkit/bin/../lib/gcc/x86_64-w64-mingw32/14.2.0/../../../../x86_64-w64-mingw32/lib/../lib/libmsvcrt.a(libmsvcrt_defs01195.o)
 .data          0x000000014000d2b0        0x0 C:/raylib/w64devkit/bin/../lib/gcc/x86_64-w64-mingw32/14.2.0/../../../../x86_64-w64-mingw32/lib/../lib/libmsvcrt.a(libmsvcrt_defs01197.o)
 .data          0x000000014000d2b0        0x0 C:/raylib/w64devkit/bin/../lib/gcc/x86_64-w64-mingw32/14.2.0/../../../../x86_64-w64-mingw32/lib/../lib/libmsvcrt.a(libmsvcrt_defs01199.o)
 .data          0x000000014000d2b0        0x0 C:/raylib/w64devkit/bin/../lib/gcc/x86_64-w64-mingw32/14.2.0/../../../../x86_64-w64-mingw32/lib/../lib/libmsvcrt.a(libmsvcrt_defs01207.o)
 .data          0x000000014000d2b0        0x0 C:/raylib/w64devkit/bin/../lib/gcc/x86_64-w64-mingw32/14.2.0/../../../../x86_64-w64-mingw32/lib/../lib/libmsvcrt.a(libmsvcrt_defs01208.o)
 .data          0x000000014000d2b0        0x0 C:/raylib/w64devkit/bin/../lib/gcc/x86_64-w64-mingw32/14.2.0/../../../../x86_64-w64-mingw32/lib/../lib/libmsvcrt.a(libmsvcrt_defs01227.o)
 .data          0x000000014000d2b0        0x0 C:/raylib/w64devkit/bin/../lib/gcc/x86_64-w64-mingw32/14.2.0/../../../../x86_64-w64-mingw32/lib/../lib/libmsvcrt.a(libmsvcrt_defs01231.o)
 .data          0x000000014000d2b0        0x0 C:/raylib/w64devkit/bin/../lib/gcc/x86_64-w64-mingw32/14.2.0/../../../../x86_64-w64-mingw32/lib/../lib/libmsvcrt.a(libmsvcrt_defs01233.o)
 .data          0x000000014000d2b0        0x0 C:/raylib/w64devkit/bin/../lib/gcc/x86_64-w64-mingw32/14.2.0/../../../../x86_64-w64-mingw32/lib/../lib/libmsvcrt.a(libmsvcrt_defs01251.o)
 .data          0x000000014000d2b0        0x0 C:/raylib/w64devkit/bin/../lib/gcc/x86_64-w64-mingw32/14.2.0/../../../../x86_64-w64-mingw32/lib/../lib/libmsvcrt.a(libmsvcrt_defs01300.o)
 .data          0x000000014000d2b0        0x0 C:/raylib/w64devkit/bin/../lib/gcc/x86_64-w64-mingw32/14.2.0/../../../../x86_64-w64-mingw32/lib/../lib/libmsvcrt.a(libmsvcrt_defs01301.o)
 .data          0x000000014000d2b0        0x0 C:/raylib/w64devkit/bin/../lib/gcc/x86_64-w64-mingw32/14.2.0/../../../../x86_64-w64-mingw32/lib/../lib/libmsvcrt.a(libmsvcrt_defh.o)
 .data          0x000000014000d2b0        0x0 C:/raylib/w64devkit/bin/../lib/gcc/x86_64-w64-mingw32/14.2.0/../../../../x86_64-w64-mingw32/lib/../lib/libmsvcrt.a(libmsvcrt_deft.o)
 .data          0x000000014000d2b0        0x0 C:/raylib/w64devkit/bin/../lib/gcc/x86_64-w64-mingw32/14.2.0/../../../../x86_64-w64-mingw32/lib/../lib/libkernel32.a(libkernel32s01581.o)
 .data          0x000000014000d2b0        0x0 C:/raylib/w64devkit/bin/../lib/gcc/x86_64-w64-mingw32/14.2.0/../../../../x86_64-w64-mingw32/lib/../lib/libkernel32.a(libkernel32s01528.o)
 .data          0x000000014000d2b0        0x0 C:/raylib/w64devkit/bin/../lib/gcc/x86_64-w64-mingw32/14.2.0/../../../../x86_64-w64-mingw32/lib/../lib/libkernel32.a(libkernel32s01526.o)
 .data          0x000000014000d2b0        0x0 C:/raylib/w64devkit/bin/../lib/gcc/x86_64-w64-mingw32/14.2.0/../../../../x86_64-w64-mingw32/lib/../lib/libkernel32.a(libkernel32s01479.o)
 .data          0x000000014000d2b0        0x0 C:/raylib/w64devkit/bin/../lib/gcc/x86_64-w64-mingw32/14.2.0/../../../../x86_64-w64-mingw32/lib/../lib/libkernel32.a(libkernel32s01443.o)
 .data          0x000000014000d2b0        0x0 C:/raylib/w64devkit/bin/../lib/gcc/x86_64-w64-mingw32/14.2.0/../../../../x86_64-w64-mingw32/lib/../lib/libkernel32.a(libkernel32s01427.o)
 .data          0x000000014000d2b0        0x0 C:/raylib/w64devkit/bin/../lib/gcc/x86_64-w64-mingw32/14.2.0/../../../../x86_64-w64-mingw32/lib/../lib/libkernel32.a(libkernel32s01059.o)
 .data          0x000000014000d2b0        0x0 C:/raylib/w64devkit/bin/../lib/gcc/x86_64-w64-mingw32/14.2.0/../../../../x86_64-w64-mingw32/lib/../lib/libkernel32.a(libkernel32s01007.o)
 .data          0x000000014000d2b0        0x0 C:/raylib/w64devkit/bin/../lib/gcc/x86_64-w64-mingw32/14.2.0/../../../../x86_64-w64-mingw32/lib/../lib/libkernel32.a(libkernel32s00940.o)
 .data          0x000000014000d2b0        0x0 C:/raylib/w64devkit/bin/../lib/gcc/x86_64-w64-mingw32/14.2.0/../../../../x86_64-w64-mingw32/lib/../lib/libkernel32.a(libkernel32s00913.o)
 .data          0x000000014000d2b0        0x0 C:/raylib/w64devkit/bin/../lib/gcc/x86_64-w64-mingw32/14.2.0/../../../../x86_64-w64-mingw32/lib/../lib/libkernel32.a(libkernel32s00643.o)
 .data          0x000000014000d2b0        0x0 C:/raylib/w64devkit/bin/../lib/gcc/x86_64-w64-mingw32/14.2.0/../../../../x86_64-w64-mingw32/lib/../lib/libkernel32.a(libkernel32s00330.o)
 .data          0x000000014000d2b0        0x0 C:/raylib/w64devkit/bin/../lib/gcc/x86_64-w64-mingw32/14.2.0/../../../../x86_64-w64-mingw32/lib/../lib/libkernel32.a(libkernel32s00292.o)
 .data          0x000000014000d2b0        0x0 C:/raylib/w64devkit/bin/../lib/gcc/x86_64-w64-mingw32/14.2.0/../../../../x86_64-w64-mingw32/lib/../lib/libkernel32.a(libkernel32h.o)
 .data          0x000000014000d2b0        0x0 C:/raylib/w64devkit/bin/../lib/gcc/x86_64-w64-mingw32/14.2.0/../../../../x86_64-w64-mingw32/lib/../lib/libkernel32.a(libkernel32t.o)
 .data          0x000000014000d2b0        0x0 C:/raylib/w64devkit/bin/../lib/gcc/x86_64-w64-mingw32/14.2.0/crtend.o
 *(.data2)
 *(SORT_BY_NAME(.data$*))
 *(.jcr)
                0x000000014000d2b0                __data_end__ = .
 *(.data_cygwin_nocopy)

.rdata          0x000000014000e000     0x2000
 *(.rdata)
 .rdata         0x000000014000e000      0xb00 build/biblioteca_verbose.o
 .rdata         0x000000014000eb00      0x300 build/memory_management_verbose.o
 .rdata         0x000000014000ee00       0x60 C:/raylib/w64devkit/bin/../lib/gcc/x86_64-w64-mingw32/14.2.0/../../../../x86_64-w64-mingw32/lib/../lib/libmingw32.a(lib64_libmingw32_a-tlssup.o)
                0x000000014000ee00                __dyn_tls_init_callback
                0x000000014000ee20                _tls_used
 .rdata         0x000000014000ee60      0x130 C:/raylib/w64devkit/bin/../lib/gcc/x86_64-w64-mingw32/14.2.0/../../../../x86_64-w64-mingw32/lib/../lib/libmingw32.a(lib64_libmingw32_a-merr.o)
 .rdata         0x000000014000ef90      0x150 C:/raylib/w64devkit/bin/../lib/gcc/x86_64-w64-mingw32/14.2.0/../../../../x86_64-w64-mingw32/lib/../lib/libmingw32.a(lib64_libmingw32_a-pseudo-reloc.o)
 .rdata         0x000000014000f0e0       0x30 C:/raylib/w64devkit/bin/../lib/gcc/x86_64-w64-mingw32/14.2.0/../../../../x86_64-w64-mingw32/lib/../lib/libmingw32.a(lib64_libmingw32_a-crt_handler.o)
 .rdata         0x000000014000f110       0xe0 C:/raylib/w64devkit/bin/../lib/gcc/x86_64-w64-mingw32/14.2.0/../../../../x86_64-w64-mingw32/lib/../lib/libmingwex.a(lib64_libmingwex_a-mingw_vfscanf.o)
 .rdata         0x000000014000f1f0       0x20 C:/raylib/w64devkit/bin/../lib/gcc/x86_64-w64-mingw32/14.2.0/../../../../x86_64-w64-mingw32/lib/../lib/libmingwex.a(lib64_libmingwex_a-strtof.o)
 .rdata         0x000000014000f210       0x20 C:/raylib/w64devkit/bin/../lib/gcc/x86_64-w64-mingw32/14.2.0/../../../../x86_64-w64-mingw32/lib/../lib/libmingwex.a(lib64_libmingwex_a-strtopx.o)
 .rdata         0x000000014000f230      0x190 C:/raylib/w64devkit/bin/../lib/gcc/x86_64-w64-mingw32/14.2.0/../../../../x86_64-w64-mingw32/lib/../lib/libmingwex.a(lib64_libmingwex_a-mingw_pformat.o)
 .rdata         0x000000014000f3c0       0x80 C:/raylib/w64devkit/bin/../lib/gcc/x86_64-w64-mingw32/14.2.0/../../../../x86_64-w64-mingw32/lib/../lib/libmingwex.a(lib64_libmingwex_a-gdtoa.o)
 .rdata         0x000000014000f440       0x50 C:/raylib/w64devkit/bin/../lib/gcc/x86_64-w64-mingw32/14.2.0/../../../../x86_64-w64-mingw32/lib/../lib/libmingwex.a(lib64_libmingwex_a-g__fmt.o)
 *fill*         0x000000014000f490       0x10 
 .rdata         0x000000014000f4a0      0x160 C:/raylib/w64devkit/bin/../lib/gcc/x86_64-w64-mingw32/14.2.0/../../../../x86_64-w64-mingw32/lib/../lib/libmingwex.a(lib64_libmingwex_a-misc.o)
                0x000000014000f4c0                __tens_D2A
                0x000000014000f580                __tinytens_D2A
                0x000000014000f5c0                __bigtens_D2A
 .rdata         0x000000014000f600       0xc0 C:/raylib/w64devkit/bin/../lib/gcc/x86_64-w64-mingw32/14.2.0/../../../../x86_64-w64-mingw32/lib/../lib/libmingwex.a(lib64_libmingwex_a-strtodg.o)
 *(SORT_BY_NAME(.rdata$*))
 .rdata$.refptr.NanDflt_ldus_D2A
                0x000000014000f6c0       0x10 C:/raylib/w64devkit/bin/../lib/gcc/x86_64-w64-mingw32/14.2.0/../../../../x86_64-w64-mingw32/lib/../lib/libmingwex.a(lib64_libmingwex_a-strtopx.o)
                0x000000014000f6c0                .refptr.NanDflt_ldus_D2A
 .rdata$.refptr._CRT_MT
                0x000000014000f6d0       0x10 C:/raylib/w64devkit/bin/../lib/gcc/x86_64-w64-mingw32/14.2.0/../../../../x86_64-w64-mingw32/lib/../lib/libmingw32.a(lib64_libmingw32_a-tlssup.o)
                0x000000014000f6d0                .refptr._CRT_MT
 .rdata$.refptr._MINGW_INSTALL_DEBUG_MATHERR
                0x000000014000f6e0       0x10 C:/raylib/w64devkit/bin/../lib/gcc/x86_64-w64-mingw32/14.2.0/../../../../x86_64-w64-mingw32/lib/../lib/crt2.o
                0x000000014000f6e0                .refptr._MINGW_INSTALL_DEBUG_MATHERR
 .rdata$.refptr.__CTOR_LIST__
                0x000000014000f6f0       0x10 C:/raylib/w64devkit/bin/../lib/gcc/x86_64-w64-mingw32/14.2.0/../../../../x86_64-w64-mingw32/lib/../lib/libmingw32.a(lib64_libmingw32_a-gccmain.o)
                0x000000014000f6f0                .refptr.__CTOR_LIST__
 .rdata$.refptr.__ImageBase
                0x000000014000f700       0x10 C:/raylib/w64devkit/bin/../lib/gcc/x86_64-w64-mingw32/14.2.0/../../../../x86_64-w64-mingw32/lib/../lib/crt2.o
                0x000000014000f700                .refptr.__ImageBase
 .rdata$.refptr.__RUNTIME_PSEUDO_RELOC_LIST_END__
                0x000000014000f710       0x10 C:/raylib/w64devkit/bin/../lib/gcc/x86_64-w64-mingw32/14.2.0/../../../../x86_64-w64-mingw32/lib/../lib/libmingw32.a(lib64_libmingw32_a-pseudo-reloc.o)
                0x000000014000f710                .refptr.__RUNTIME_PSEUDO_RELOC_LIST_END__
 .rdata$.refptr.__RUNTIME_PSEUDO_RELOC_LIST__
                0x000000014000f720       0x10 C:/raylib/w64devkit/bin/../lib/gcc/x86_64-w64-mingw32/14.2.0/../../../../x86_64-w64-mingw32/lib/../lib/libmingw32.a(lib64_libmingw32_a-pseudo-reloc.o)
                0x000000014000f720                .refptr.__RUNTIME_PSEUDO_RELOC_LIST__
 .rdata$.refptr.__bigtens_D2A
                0x000000014000f730       0x10 C:/raylib/w64devkit/bin/../lib/gcc/x86_64-w64-mingw32/14.2.0/../../../../x86_64-w64-mingw32/lib/../lib/libmingwex.a(lib64_libmingwex_a-strtodg.o)
                0x000000014000f730                .refptr.__bigtens_D2A
 .rdata$.refptr.__dyn_tls_init_callback
                0x000000014000f740       0x10 C:/raylib/w64devkit/bin/../lib/gcc/x86_64-w64-mingw32/14.2.0/../../../../x86_64-w64-mingw32/lib/../lib/crt2.o
                0x000000014000f740                .refptr.__dyn_tls_init_callback
 .rdata$.refptr.__hexdig_D2A
                0x000000014000f750       0x10 C:/raylib/w64devkit/bin/../lib/gcc/x86_64-w64-mingw32/14.2.0/../../../../x86_64-w64-mingw32/lib/../lib/libmingwex.a(lib64_libmingwex_a-gethex.o)
                0x000000014000f750                .refptr.__hexdig_D2A
 .rdata$.refptr.__imp___initenv
                0x000000014000f760       0x10 C:/raylib/w64devkit/bin/../lib/gcc/x86_64-w64-mingw32/14.2.0/../../../../x86_64-w64-mingw32/lib/../lib/crt2.o
                0x000000014000f760                .refptr.__imp___initenv
 .rdata$.refptr.__imp__commode
                0x000000014000f770       0x10 C:/raylib/w64devkit/bin/../lib/gcc/x86_64-w64-mingw32/14.2.0/../../../../x86_64-w64-mingw32/lib/../lib/libmsvcrt.a(lib64_libmsvcrt_extra_a-__p__commode.o)
                0x000000014000f770                .refptr.__imp__commode
 .rdata$.refptr.__imp__fmode
                0x000000014000f780       0x10 C:/raylib/w64devkit/bin/../lib/gcc/x86_64-w64-mingw32/14.2.0/../../../../x86_64-w64-mingw32/lib/../lib/libmsvcrt.a(lib64_libmsvcrt_extra_a-__p__fmode.o)
                0x000000014000f780                .refptr.__imp__fmode
 .rdata$.refptr.__mingw_app_type
                0x000000014000f790       0x10 C:/raylib/w64devkit/bin/../lib/gcc/x86_64-w64-mingw32/14.2.0/../../../../x86_64-w64-mingw32/lib/../lib/crt2.o
                0x000000014000f790                .refptr.__mingw_app_type
 .rdata$.refptr.__mingw_initltsdrot_force
                0x000000014000f7a0       0x10 C:/raylib/w64devkit/bin/../lib/gcc/x86_64-w64-mingw32/14.2.0/../../../../x86_64-w64-mingw32/lib/../lib/crt2.o
                0x000000014000f7a0                .refptr.__mingw_initltsdrot_force
 .rdata$.refptr.__mingw_initltsdyn_force
                0x000000014000f7b0       0x10 C:/raylib/w64devkit/bin/../lib/gcc/x86_64-w64-mingw32/14.2.0/../../../../x86_64-w64-mingw32/lib/../lib/crt2.o
                0x000000014000f7b0                .refptr.__mingw_initltsdyn_force
 .rdata$.refptr.__mingw_initltssuo_force
                0x000000014000f7c0       0x10 C:/raylib/w64devkit/bin/../lib/gcc/x86_64-w64-mingw32/14.2.0/../../../../x86_64-w64-mingw32/lib/../lib/crt2.o
                0x000000014000f7c0                .refptr.__mingw_initltssuo_force
 .rdata$.refptr.__mingw_oldexcpt_handler
                0x000000014000f7d0       0x10 C:/raylib/w64devkit/bin/../lib/gcc/x86_64-w64-mingw32/14.2.0/../../../../x86_64-w64-mingw32/lib/../lib/crt2.o
                0x000000014000f7d0                .refptr.__mingw_oldexcpt_handler
 .rdata$.refptr.__native_startup_lock
                0x000000014000f7e0       0x10 C:/raylib/w64devkit/bin/../lib/gcc/x86_64-w64-mingw32/14.2.0/../../../../x86_64-w64-mingw32/lib/../lib/crt2.o
                0x000000014000f7e0                .refptr.__native_startup_lock
 .rdata$.refptr.__native_startup_state
                0x000000014000f7f0       0x10 C:/raylib/w64devkit/bin/../lib/gcc/x86_64-w64-mingw32/14.2.0/../../../../x86_64-w64-mingw32/lib/../lib/crt2.o
                0x000000014000f7f0                .refptr.__native_startup_state
 .rdata$.refptr.__tens_D2A
                0x000000014000f800       0x10 C:/raylib/w64devkit/bin/../lib/gcc/x86_64-w64-mingw32/14.2.0/../../../../x86_64-w64-mingw32/lib/../lib/libmingwex.a(lib64_libmingwex_a-gdtoa.o)
                0x000000014000f800                .refptr.__tens_D2A
 .rdata$.refptr.__tinytens_D2A
                0x000000014000f810       0x10 C:/raylib/w64devkit/bin/../lib/gcc/x86_64-w64-mingw32/14.2.0/../../../../x86_64-w64-mingw32/lib/../lib/libmingwex.a(lib64_libmingwex_a-strtodg.o)
                0x000000014000f810                .refptr.__tinytens_D2A
 .rdata$.refptr.__xc_a
                0x000000014000f820       0x10 C:/raylib/w64devkit/bin/../lib/gcc/x86_64-w64-mingw32/14.2.0/../../../../x86_64-w64-mingw32/lib/../lib/crt2.o
                0x000000014000f820                .refptr.__xc_a
 .rdata$.refptr.__xc_z
                0x000000014000f830       0x10 C:/raylib/w64devkit/bin/../lib/gcc/x86_64-w64-mingw32/14.2.0/../../../../x86_64-w64-mingw32/lib/../lib/crt2.o
                0x000000014000f830                .refptr.__xc_z
 .rdata$.refptr.__xi_a
                0x000000014000f840       0x10 C:/raylib/w64devkit/bin/../lib/gcc/x86_64-w64-mingw32/14.2.0/../../../../x86_64-w64-mingw32/lib/../lib/crt2.o
                0x000000014000f840                .refptr.__xi_a
 .rdata$.refptr.__xi_z
                0x000000014000f850       0x10 C:/raylib/w64devkit/bin/../lib/gcc/x86_64-w64-mingw32/14.2.0/../../../../x86_64-w64-mingw32/lib/../lib/crt2.o
                0x000000014000f850                .refptr.__xi_z
 .rdata$.refptr._commode
                0x000000014000f860       0x10 C:/raylib/w64devkit/bin/../lib/gcc/x86_64-w64-mingw32/14.2.0/../../../../x86_64-w64-mingw32/lib/../lib/crt2.o
                0x000000014000f860                .refptr._commode
 .rdata$.refptr._dowildcard
                0x000000014000f870       0x10 C:/raylib/w64devkit/bin/../lib/gcc/x86_64-w64-mingw32/14.2.0/../../../../x86_64-w64-mingw32/lib/../lib/crt2.o
                0x000000014000f870                .refptr._dowildcard
 .rdata$.refptr._fmode
                0x000000014000f880       0x10 C:/raylib/w64devkit/bin/../lib/gcc/x86_64-w64-mingw32/14.2.0/../../../../x86_64-w64-mingw32/lib/../lib/crt2.o
                0x000000014000f880                .refptr._fmode
 .rdata$.refptr._gnu_exception_handler
                0x000000014000f890       0x10 C:/raylib/w64devkit/bin/../lib/gcc/x86_64-w64-mingw32/14.2.0/../../../../x86_64-w64-mingw32/lib/../lib/crt2.o
                0x000000014000f890                .refptr._gnu_exception_handler
 .rdata$.refptr._matherr
                0x000000014000f8a0       0x10 C:/raylib/w64devkit/bin/../lib/gcc/x86_64-w64-mingw32/14.2.0/../../../../x86_64-w64-mingw32/lib/../lib/crt2.o
                0x000000014000f8a0                .refptr._matherr
 .rdata$.refptr._newmode
                0x000000014000f8b0       0x10 C:/raylib/w64devkit/bin/../lib/gcc/x86_64-w64-mingw32/14.2.0/../../../../x86_64-w64-mingw32/lib/../lib/crt2.o
                0x000000014000f8b0                .refptr._newmode
 .rdata$zzz     0x000000014000f8c0       0x20 C:/raylib/w64devkit/bin/../lib/gcc/x86_64-w64-mingw32/14.2.0/../../../../x86_64-w64-mingw32/lib/../lib/crt2.o
 .rdata$zzz     0x000000014000f8e0       0x20 C:/raylib/w64devkit/bin/../lib/gcc/x86_64-w64-mingw32/14.2.0/crtbegin.o
 .rdata$zzz     0x000000014000f900       0x20 build/biblioteca_verbose.o
 .rdata$zzz     0x000000014000f920       0x20 build/memory_management_verbose.o
 .rdata$zzz     0x000000014000f940       0x20 C:/raylib/w64devkit/bin/../lib/gcc/x86_64-w64-mingw32/14.2.0/../../../../x86_64-w64-mingw32/lib/../lib/libmingw32.a(lib64_libmingw32_a-gccmain.o)
 .rdata$zzz     0x000000014000f960       0x20 C:/raylib/w64devkit/bin/../lib/gcc/x86_64-w64-mingw32/14.2.0/../../../../x86_64-w64-mingw32/lib/../lib/libmingw32.a(lib64_libmingw32_a-natstart.o)
 .rdata$zzz     0x000000014000f980       0x20 C:/raylib/w64devkit/bin/../lib/gcc/x86_64-w64-mingw32/14.2.0/../../../../x86_64-w64-mingw32/lib/../lib/libmingw32.a(lib64_libmingw32_a-wildcard.o)
 .rdata$zzz     0x000000014000f9a0       0x20 C:/raylib/w64devkit/bin/../lib/gcc/x86_64-w64-mingw32/14.2.0/../../../../x86_64-w64-mingw32/lib/../lib/libmingw32.a(lib64_libmingw32_a-dllargv.o)
 .rdata$zzz     0x000000014000f9c0       0x20 C:/raylib/w64devkit/bin/../lib/gcc/x86_64-w64-mingw32/14.2.0/../../../../x86_64-w64-mingw32/lib/../lib/libmingw32.a(lib64_libmingw32_a-_newmode.o)
 .rdata$zzz     0x000000014000f9e0       0x20 C:/raylib/w64devkit/bin/../lib/gcc/x86_64-w64-mingw32/14.2.0/../../../../x86_64-w64-mingw32/lib/../lib/libmingw32.a(lib64_libmingw32_a-tlssup.o)
 .rdata$zzz     0x000000014000fa00       0x20 C:/raylib/w64devkit/bin/../lib/gcc/x86_64-w64-mingw32/14.2.0/../../../../x86_64-w64-mingw32/lib/../lib/libmingw32.a(lib64_libmingw32_a-xncommod.o)
 .rdata$zzz     0x000000014000fa20       0x20 C:/raylib/w64devkit/bin/../lib/gcc/x86_64-w64-mingw32/14.2.0/../../../../x86_64-w64-mingw32/lib/../lib/libmingw32.a(lib64_libmingw32_a-cinitexe.o)
 .rdata$zzz     0x000000014000fa40       0x20 C:/raylib/w64devkit/bin/../lib/gcc/x86_64-w64-mingw32/14.2.0/../../../../x86_64-w64-mingw32/lib/../lib/libmingw32.a(lib64_libmingw32_a-merr.o)
 .rdata$zzz     0x000000014000fa60       0x20 C:/raylib/w64devkit/bin/../lib/gcc/x86_64-w64-mingw32/14.2.0/../../../../x86_64-w64-mingw32/lib/../lib/libmingw32.a(lib64_libmingw32_a-CRT_fp10.o)
 .rdata$zzz     0x000000014000fa80       0x20 C:/raylib/w64devkit/bin/../lib/gcc/x86_64-w64-mingw32/14.2.0/../../../../x86_64-w64-mingw32/lib/../lib/libmingw32.a(lib64_libmingw32_a-mingw_helpers.o)
 .rdata$zzz     0x000000014000faa0       0x20 C:/raylib/w64devkit/bin/../lib/gcc/x86_64-w64-mingw32/14.2.0/../../../../x86_64-w64-mingw32/lib/../lib/libmingw32.a(lib64_libmingw32_a-pseudo-reloc.o)
 .rdata$zzz     0x000000014000fac0       0x20 C:/raylib/w64devkit/bin/../lib/gcc/x86_64-w64-mingw32/14.2.0/../../../../x86_64-w64-mingw32/lib/../lib/libmingw32.a(lib64_libmingw32_a-usermatherr.o)
 .rdata$zzz     0x000000014000fae0       0x20 C:/raylib/w64devkit/bin/../lib/gcc/x86_64-w64-mingw32/14.2.0/../../../../x86_64-w64-mingw32/lib/../lib/libmingw32.a(lib64_libmingw32_a-xtxtmode.o)
 .rdata$zzz     0x000000014000fb00       0x20 C:/raylib/w64devkit/bin/../lib/gcc/x86_64-w64-mingw32/14.2.0/../../../../x86_64-w64-mingw32/lib/../lib/libmingw32.a(lib64_libmingw32_a-crt_handler.o)
 .rdata$zzz     0x000000014000fb20       0x20 C:/raylib/w64devkit/bin/../lib/gcc/x86_64-w64-mingw32/14.2.0/../../../../x86_64-w64-mingw32/lib/../lib/libmingw32.a(lib64_libmingw32_a-tlsthrd.o)
 .rdata$zzz     0x000000014000fb40       0x20 C:/raylib/w64devkit/bin/../lib/gcc/x86_64-w64-mingw32/14.2.0/../../../../x86_64-w64-mingw32/lib/../lib/libmingw32.a(lib64_libmingw32_a-tlsmcrt.o)
 .rdata$zzz     0x000000014000fb60       0x20 C:/raylib/w64devkit/bin/../lib/gcc/x86_64-w64-mingw32/14.2.0/../../../../x86_64-w64-mingw32/lib/../lib/libmingw32.a(lib64_libmingw32_a-pseudo-reloc-list.o)
 .rdata$zzz     0x000000014000fb80       0x20 C:/raylib/w64devkit/bin/../lib/gcc/x86_64-w64-mingw32/14.2.0/../../../../x86_64-w64-mingw32/lib/../lib/libmingw32.a(lib64_libmingw32_a-pesect.o)
 .rdata$zzz     0x000000014000fba0       0x20 C:/raylib/w64devkit/bin/../lib/gcc/x86_64-w64-mingw32/14.2.0/libgcc.a(_ctors.o)
 .rdata$zzz     0x000000014000fbc0       0x20 C:/raylib/w64devkit/bin/../lib/gcc/x86_64-w64-mingw32/14.2.0/../../../../x86_64-w64-mingw32/lib/../lib/libmingwex.a(lib64_libmingwex_a-mingw_matherr.o)
 .rdata$zzz     0x000000014000fbe0       0x20 C:/raylib/w64devkit/bin/../lib/gcc/x86_64-w64-mingw32/14.2.0/../../../../x86_64-w64-mingw32/lib/../lib/libmingwex.a(lib64_libmingwex_a-mingw_vfprintf.o)
 .rdata$zzz     0x000000014000fc00       0x20 C:/raylib/w64devkit/bin/../lib/gcc/x86_64-w64-mingw32/14.2.0/../../../../x86_64-w64-mingw32/lib/../lib/libmingwex.a(lib64_libmingwex_a-mingw_vfscanf.o)
 .rdata$zzz     0x000000014000fc20       0x20 C:/raylib/w64devkit/bin/../lib/gcc/x86_64-w64-mingw32/14.2.0/../../../../x86_64-w64-mingw32/lib/../lib/libmingwex.a(lib64_libmingwex_a-strtof.o)
 .rdata$zzz     0x000000014000fc40       0x20 C:/raylib/w64devkit/bin/../lib/gcc/x86_64-w64-mingw32/14.2.0/../../../../x86_64-w64-mingw32/lib/../lib/libmingwex.a(lib64_libmingwex_a-strtopx.o)
 .rdata$zzz     0x000000014000fc60       0x20 C:/raylib/w64devkit/bin/../lib/gcc/x86_64-w64-mingw32/14.2.0/../../../../x86_64-w64-mingw32/lib/../lib/libmingwex.a(lib64_libmingwex_a-mingw_pformat.o)
 .rdata$zzz     0x000000014000fc80       0x20 C:/raylib/w64devkit/bin/../lib/gcc/x86_64-w64-mingw32/14.2.0/../../../../x86_64-w64-mingw32/lib/../lib/libmingwex.a(lib64_libmingwex_a-dmisc.o)
 .rdata$zzz     0x000000014000fca0       0x20 C:/raylib/w64devkit/bin/../lib/gcc/x86_64-w64-mingw32/14.2.0/../../../../x86_64-w64-mingw32/lib/../lib/libmingwex.a(lib64_libmingwex_a-gdtoa.o)
 .rdata$zzz     0x000000014000fcc0       0x20 C:/raylib/w64devkit/bin/../lib/gcc/x86_64-w64-mingw32/14.2.0/../../../../x86_64-w64-mingw32/lib/../lib/libmingwex.a(lib64_libmingwex_a-g__fmt.o)
 .rdata$zzz     0x000000014000fce0       0x20 C:/raylib/w64devkit/bin/../lib/gcc/x86_64-w64-mingw32/14.2.0/../../../../x86_64-w64-mingw32/lib/../lib/libmingwex.a(lib64_libmingwex_a-gmisc.o)
 .rdata$zzz     0x000000014000fd00       0x20 C:/raylib/w64devkit/bin/../lib/gcc/x86_64-w64-mingw32/14.2.0/../../../../x86_64-w64-mingw32/lib/../lib/libmingwex.a(lib64_libmingwex_a-misc.o)
 .rdata$zzz     0x000000014000fd20       0x20 C:/raylib/w64devkit/bin/../lib/gcc/x86_64-w64-mingw32/14.2.0/../../../../x86_64-w64-mingw32/lib/../lib/libmingwex.a(lib64_libmingwex_a-strtodg.o)
 .rdata$zzz     0x000000014000fd40       0x20 C:/raylib/w64devkit/bin/../lib/gcc/x86_64-w64-mingw32/14.2.0/../../../../x86_64-w64-mingw32/lib/../lib/libmingwex.a(lib64_libmingwex_a-sum.o)
 .rdata$zzz     0x000000014000fd60       0x20 C:/raylib/w64devkit/bin/../lib/gcc/x86_64-w64-mingw32/14.2.0/../../../../x86_64-w64-mingw32/lib/../lib/libmingwex.a(lib64_libmingwex_a-strnlen.o)
 .rdata$zzz     0x000000014000fd80       0x20 C:/raylib/w64devkit/bin/../lib/gcc/x86_64-w64-mingw32/14.2.0/../../../../x86_64-w64-mingw32/lib/../lib/libmingwex.a(lib64_libmingwex_a-wcsnlen.o)
 .rdata$zzz     0x000000014000fda0       0x20 C:/raylib/w64devkit/bin/../lib/gcc/x86_64-w64-mingw32/14.2.0/../../../../x86_64-w64-mingw32/lib/../lib/libmingwex.a(lib64_libmingwex_a-gethex.o)
 .rdata$zzz     0x000000014000fdc0       0x20 C:/raylib/w64devkit/bin/../lib/gcc/x86_64-w64-mingw32/14.2.0/../../../../x86_64-w64-mingw32/lib/../lib/libmingwex.a(lib64_libmingwex_a-hd_init.o)
 .rdata$zzz     0x000000014000fde0       0x20 C:/raylib/w64devkit/bin/../lib/gcc/x86_64-w64-mingw32/14.2.0/../../../../x86_64-w64-mingw32/lib/../lib/libmingwex.a(lib64_libmingwex_a-hexnan.o)
 .rdata$zzz     0x000000014000fe00       0x20 C:/raylib/w64devkit/bin/../lib/gcc/x86_64-w64-mingw32/14.2.0/../../../../x86_64-w64-mingw32/lib/../lib/libmingwex.a(lib64_libmingwex_a-smisc.o)
 .rdata$zzz     0x000000014000fe20       0x20 C:/raylib/w64devkit/bin/../lib/gcc/x86_64-w64-mingw32/14.2.0/../../../../x86_64-w64-mingw32/lib/../lib/libmsvcrt.a(lib64_libmsvcrt_extra_a-__p__fmode.o)
 .rdata$zzz     0x000000014000fe40       0x20 C:/raylib/w64devkit/bin/../lib/gcc/x86_64-w64-mingw32/14.2.0/../../../../x86_64-w64-mingw32/lib/../lib/libmsvcrt.a(lib64_libmsvcrt_extra_a-__p__commode.o)
 .rdata$zzz     0x000000014000fe60       0x20 C:/raylib/w64devkit/bin/../lib/gcc/x86_64-w64-mingw32/14.2.0/../../../../x86_64-w64-mingw32/lib/../lib/libmsvcrt.a(lib64_libmsvcrt_extra_a-mingw_lock.o)
 .rdata$zzz     0x000000014000fe80       0x20 C:/raylib/w64devkit/bin/../lib/gcc/x86_64-w64-mingw32/14.2.0/../../../../x86_64-w64-mingw32/lib/../lib/libmsvcrt.a(lib64_libmsvcrt_extra_a-invalid_parameter_handler.o)
 .rdata$zzz     0x000000014000fea0       0x20 C:/raylib/w64devkit/bin/../lib/gcc/x86_64-w64-mingw32/14.2.0/../../../../x86_64-w64-mingw32/lib/../lib/libmsvcrt.a(lib64_libmsvcrt_common_a-acrt_iob_func.o)
 .rdata$zzz     0x000000014000fec0       0x20 C:/raylib/w64devkit/bin/../lib/gcc/x86_64-w64-mingw32/14.2.0/../../../../x86_64-w64-mingw32/lib/../lib/libmsvcrt.a(lib64_libmsvcrt_common_a-wcrtomb.o)
 .rdata$zzz     0x000000014000fee0       0x20 C:/raylib/w64devkit/bin/../lib/gcc/x86_64-w64-mingw32/14.2.0/../../../../x86_64-w64-mingw32/lib/../lib/libmsvcrt.a(lib64_libmsvcrt_common_a-mbrtowc.o)
 .rdata$zzz     0x000000014000ff00       0x20 C:/raylib/w64devkit/bin/../lib/gcc/x86_64-w64-mingw32/14.2.0/crtend.o
                0x000000014000ff20                . = ALIGN (0x4)
                0x000000014000ff20                __rt_psrelocs_start = .
 *(.rdata_runtime_pseudo_reloc)
                0x000000014000ff20                __rt_psrelocs_end = .
                0x0000000000000000                __rt_psrelocs_size = (__rt_psrelocs_end - __rt_psrelocs_start)
                0x000000014000ff20                ___RUNTIME_PSEUDO_RELOC_LIST_END__ = .
                0x000000014000ff20                __RUNTIME_PSEUDO_RELOC_LIST_END__ = .
                0x000000014000ff20                ___RUNTIME_PSEUDO_RELOC_LIST__ = (. - __rt_psrelocs_size)
                0x000000014000ff20                __RUNTIME_PSEUDO_RELOC_LIST__ = (. - __rt_psrelocs_size)

.eh_frame
 *(.eh_frame*)

.pdata          0x0000000140010000      0x800
 *(.pdata*)
 .pdata         0x0000000140010000       0x54 C:/raylib/w64devkit/bin/../lib/gcc/x86_64-w64-mingw32/14.2.0/../../../../x86_64-w64-mingw32/lib/../lib/crt2.o
 .pdata         0x0000000140010054       0x18 C:/raylib/w64devkit/bin/../lib/gcc/x86_64-w64-mingw32/14.2.0/crtbegin.o
 .pdata         0x000000014001006c       0xfc build/biblioteca_verbose.o
 .pdata         0x0000000140010168       0x60 build/memory_management_verbose.o
 .pdata         0x00000001400101c8       0x24 C:/raylib/w64devkit/bin/../lib/gcc/x86_64-w64-mingw32/14.2.0/../../../../x86_64-w64-mingw32/lib/../lib/libmingw32.a(lib64_libmingw32_a-gccmain.o)
 .pdata         0x00000001400101ec        0xc C:/raylib/w64devkit/bin/../lib/gcc/x86_64-w64-mingw32/14.2.0/../../../../x86_64-w64-mingw32/lib/../lib/libmingw32.a(lib64_libmingw32_a-dllargv.o)
 .pdata         0x00000001400101f8       0x24 C:/raylib/w64devkit/bin/../lib/gcc/x86_64-w64-mingw32/14.2.0/../../../../x86_64-w64-mingw32/lib/../lib/libmingw32.a(lib64_libmingw32_a-tlssup.o)
 .pdata         0x000000014001021c        0xc C:/raylib/w64devkit/bin/../lib/gcc/x86_64-w64-mingw32/14.2.0/../../../../x86_64-w64-mingw32/lib/../lib/libmingw32.a(lib64_libmingw32_a-merr.o)
 .pdata         0x0000000140010228        0xc C:/raylib/w64devkit/bin/../lib/gcc/x86_64-w64-mingw32/14.2.0/../../../../x86_64-w64-mingw32/lib/../lib/libmingw32.a(lib64_libmingw32_a-CRT_fp10.o)
 .pdata         0x0000000140010234       0x24 C:/raylib/w64devkit/bin/../lib/gcc/x86_64-w64-mingw32/14.2.0/../../../../x86_64-w64-mingw32/lib/../lib/libmingw32.a(lib64_libmingw32_a-pseudo-reloc.o)
 .pdata         0x0000000140010258       0x18 C:/raylib/w64devkit/bin/../lib/gcc/x86_64-w64-mingw32/14.2.0/../../../../x86_64-w64-mingw32/lib/../lib/libmingw32.a(lib64_libmingw32_a-usermatherr.o)
 .pdata         0x0000000140010270        0xc C:/raylib/w64devkit/bin/../lib/gcc/x86_64-w64-mingw32/14.2.0/../../../../x86_64-w64-mingw32/lib/../lib/libmingw32.a(lib64_libmingw32_a-crt_handler.o)
 .pdata         0x000000014001027c       0x30 C:/raylib/w64devkit/bin/../lib/gcc/x86_64-w64-mingw32/14.2.0/../../../../x86_64-w64-mingw32/lib/../lib/libmingw32.a(lib64_libmingw32_a-tlsthrd.o)
 .pdata         0x00000001400102ac       0x6c C:/raylib/w64devkit/bin/../lib/gcc/x86_64-w64-mingw32/14.2.0/../../../../x86_64-w64-mingw32/lib/../lib/libmingw32.a(lib64_libmingw32_a-pesect.o)
 .pdata         0x0000000140010318        0xc C:/raylib/w64devkit/bin/../lib/gcc/x86_64-w64-mingw32/14.2.0/../../../../x86_64-w64-mingw32/lib/../lib/libmingwex.a(lib64_libmingwex_a-mingw_vfprintf.o)
 .pdata         0x0000000140010324       0x84 C:/raylib/w64devkit/bin/../lib/gcc/x86_64-w64-mingw32/14.2.0/../../../../x86_64-w64-mingw32/lib/../lib/libmingwex.a(lib64_libmingwex_a-mingw_vfscanf.o)
 .pdata         0x00000001400103a8        0xc C:/raylib/w64devkit/bin/../lib/gcc/x86_64-w64-mingw32/14.2.0/../../../../x86_64-w64-mingw32/lib/../lib/libmingwex.a(lib64_libmingwex_a-strtof.o)
 .pdata         0x00000001400103b4        0xc C:/raylib/w64devkit/bin/../lib/gcc/x86_64-w64-mingw32/14.2.0/../../../../x86_64-w64-mingw32/lib/../lib/libmingwex.a(lib64_libmingwex_a-strtopx.o)
 .pdata         0x00000001400103c0       0xc0 C:/raylib/w64devkit/bin/../lib/gcc/x86_64-w64-mingw32/14.2.0/../../../../x86_64-w64-mingw32/lib/../lib/libmingwex.a(lib64_libmingwex_a-mingw_pformat.o)
 .pdata         0x0000000140010480       0x30 C:/raylib/w64devkit/bin/../lib/gcc/x86_64-w64-mingw32/14.2.0/../../../../x86_64-w64-mingw32/lib/../lib/libmingwex.a(lib64_libmingwex_a-dmisc.o)
 .pdata         0x00000001400104b0        0xc C:/raylib/w64devkit/bin/../lib/gcc/x86_64-w64-mingw32/14.2.0/../../../../x86_64-w64-mingw32/lib/../lib/libmingwex.a(lib64_libmingwex_a-gdtoa.o)
 .pdata         0x00000001400104bc       0x18 C:/raylib/w64devkit/bin/../lib/gcc/x86_64-w64-mingw32/14.2.0/../../../../x86_64-w64-mingw32/lib/../lib/libmingwex.a(lib64_libmingwex_a-g__fmt.o)
 .pdata         0x00000001400104d4       0x18 C:/raylib/w64devkit/bin/../lib/gcc/x86_64-w64-mingw32/14.2.0/../../../../x86_64-w64-mingw32/lib/../lib/libmingwex.a(lib64_libmingwex_a-gmisc.o)
 .pdata         0x00000001400104ec       0xb4 C:/raylib/w64devkit/bin/../lib/gcc/x86_64-w64-mingw32/14.2.0/../../../../x86_64-w64-mingw32/lib/../lib/libmingwex.a(lib64_libmingwex_a-misc.o)
 .pdata         0x00000001400105a0       0x3c C:/raylib/w64devkit/bin/../lib/gcc/x86_64-w64-mingw32/14.2.0/../../../../x86_64-w64-mingw32/lib/../lib/libmingwex.a(lib64_libmingwex_a-strtodg.o)
 .pdata         0x00000001400105dc        0xc C:/raylib/w64devkit/bin/../lib/gcc/x86_64-w64-mingw32/14.2.0/../../../../x86_64-w64-mingw32/lib/../lib/libmingwex.a(lib64_libmingwex_a-sum.o)
 .pdata         0x00000001400105e8        0xc C:/raylib/w64devkit/bin/../lib/gcc/x86_64-w64-mingw32/14.2.0/../../../../x86_64-w64-mingw32/lib/../lib/libmingwex.a(lib64_libmingwex_a-strnlen.o)
 .pdata         0x00000001400105f4        0xc C:/raylib/w64devkit/bin/../lib/gcc/x86_64-w64-mingw32/14.2.0/../../../../x86_64-w64-mingw32/lib/../lib/libmingwex.a(lib64_libmingwex_a-wcsnlen.o)
 .pdata         0x0000000140010600        0xc C:/raylib/w64devkit/bin/../lib/gcc/x86_64-w64-mingw32/14.2.0/../../../../x86_64-w64-mingw32/lib/../lib/libmingwex.a(lib64_libmingwex_a-gethex.o)
 .pdata         0x000000014001060c       0x18 C:/raylib/w64devkit/bin/../lib/gcc/x86_64-w64-mingw32/14.2.0/../../../../x86_64-w64-mingw32/lib/../lib/libmingwex.a(lib64_libmingwex_a-hexnan.o)
 .pdata         0x0000000140010624       0x3c C:/raylib/w64devkit/bin/../lib/gcc/x86_64-w64-mingw32/14.2.0/../../../../x86_64-w64-mingw32/lib/../lib/libmingwex.a(lib64_libmingwex_a-smisc.o)
 .pdata         0x0000000140010660        0xc C:/raylib/w64devkit/bin/../lib/gcc/x86_64-w64-mingw32/14.2.0/../../../../x86_64-w64-mingw32/lib/../lib/libmsvcrt.a(lib64_libmsvcrt_extra_a-__p__fmode.o)
 .pdata         0x000000014001066c        0xc C:/raylib/w64devkit/bin/../lib/gcc/x86_64-w64-mingw32/14.2.0/../../../../x86_64-w64-mingw32/lib/../lib/libmsvcrt.a(lib64_libmsvcrt_extra_a-__p__commode.o)
 .pdata         0x0000000140010678       0x18 C:/raylib/w64devkit/bin/../lib/gcc/x86_64-w64-mingw32/14.2.0/../../../../x86_64-w64-mingw32/lib/../lib/libmsvcrt.a(lib64_libmsvcrt_extra_a-mingw_lock.o)
 .pdata         0x0000000140010690       0x18 C:/raylib/w64devkit/bin/../lib/gcc/x86_64-w64-mingw32/14.2.0/../../../../x86_64-w64-mingw32/lib/../lib/libmsvcrt.a(lib64_libmsvcrt_extra_a-invalid_parameter_handler.o)
 .pdata         0x00000001400106a8        0xc C:/raylib/w64devkit/bin/../lib/gcc/x86_64-w64-mingw32/14.2.0/../../../../x86_64-w64-mingw32/lib/../lib/libmsvcrt.a(lib64_libmsvcrt_common_a-acrt_iob_func.o)
 .pdata         0x00000001400106b4       0x24 C:/raylib/w64devkit/bin/../lib/gcc/x86_64-w64-mingw32/14.2.0/../../../../x86_64-w64-mingw32/lib/../lib/libmsvcrt.a(lib64_libmsvcrt_common_a-wcrtomb.o)
 .pdata         0x00000001400106d8       0x30 C:/raylib/w64devkit/bin/../lib/gcc/x86_64-w64-mingw32/14.2.0/../../../../x86_64-w64-mingw32/lib/../lib/libmsvcrt.a(lib64_libmsvcrt_common_a-mbrtowc.o)
 .pdata.startup
                0x0000000140010708        0xc C:/raylib/w64devkit/bin/../lib/gcc/x86_64-w64-mingw32/14.2.0/crtend.o

.xdata          0x0000000140011000      0x800
 *(.xdata*)
 .xdata         0x0000000140011000       0x70 C:/raylib/w64devkit/bin/../lib/gcc/x86_64-w64-mingw32/14.2.0/../../../../x86_64-w64-mingw32/lib/../lib/crt2.o
 .xdata         0x0000000140011070        0x8 C:/raylib/w64devkit/bin/../lib/gcc/x86_64-w64-mingw32/14.2.0/crtbegin.o
 .xdata         0x0000000140011078       0xf8 build/biblioteca_verbose.o
 .xdata         0x0000000140011170       0x58 build/memory_management_verbose.o
 .xdata         0x00000001400111c8       0x18 C:/raylib/w64devkit/bin/../lib/gcc/x86_64-w64-mingw32/14.2.0/../../../../x86_64-w64-mingw32/lib/../lib/libmingw32.a(lib64_libmingw32_a-gccmain.o)
 .xdata         0x00000001400111e0        0x4 C:/raylib/w64devkit/bin/../lib/gcc/x86_64-w64-mingw32/14.2.0/../../../../x86_64-w64-mingw32/lib/../lib/libmingw32.a(lib64_libmingw32_a-dllargv.o)
 .xdata         0x00000001400111e4       0x18 C:/raylib/w64devkit/bin/../lib/gcc/x86_64-w64-mingw32/14.2.0/../../../../x86_64-w64-mingw32/lib/../lib/libmingw32.a(lib64_libmingw32_a-tlssup.o)
 .xdata         0x00000001400111fc       0x14 C:/raylib/w64devkit/bin/../lib/gcc/x86_64-w64-mingw32/14.2.0/../../../../x86_64-w64-mingw32/lib/../lib/libmingw32.a(lib64_libmingw32_a-merr.o)
 .xdata         0x0000000140011210        0x4 C:/raylib/w64devkit/bin/../lib/gcc/x86_64-w64-mingw32/14.2.0/../../../../x86_64-w64-mingw32/lib/../lib/libmingw32.a(lib64_libmingw32_a-CRT_fp10.o)
 .xdata         0x0000000140011214       0x2c C:/raylib/w64devkit/bin/../lib/gcc/x86_64-w64-mingw32/14.2.0/../../../../x86_64-w64-mingw32/lib/../lib/libmingw32.a(lib64_libmingw32_a-pseudo-reloc.o)
 .xdata         0x0000000140011240        0xc C:/raylib/w64devkit/bin/../lib/gcc/x86_64-w64-mingw32/14.2.0/../../../../x86_64-w64-mingw32/lib/../lib/libmingw32.a(lib64_libmingw32_a-usermatherr.o)
 .xdata         0x000000014001124c        0xc C:/raylib/w64devkit/bin/../lib/gcc/x86_64-w64-mingw32/14.2.0/../../../../x86_64-w64-mingw32/lib/../lib/libmingw32.a(lib64_libmingw32_a-crt_handler.o)
 .xdata         0x0000000140011258       0x2c C:/raylib/w64devkit/bin/../lib/gcc/x86_64-w64-mingw32/14.2.0/../../../../x86_64-w64-mingw32/lib/../lib/libmingw32.a(lib64_libmingw32_a-tlsthrd.o)
 .xdata         0x0000000140011284       0x48 C:/raylib/w64devkit/bin/../lib/gcc/x86_64-w64-mingw32/14.2.0/../../../../x86_64-w64-mingw32/lib/../lib/libmingw32.a(lib64_libmingw32_a-pesect.o)
 .xdata         0x00000001400112cc        0xc C:/raylib/w64devkit/bin/../lib/gcc/x86_64-w64-mingw32/14.2.0/../../../../x86_64-w64-mingw32/lib/../lib/libmingwex.a(lib64_libmingwex_a-mingw_vfprintf.o)
 .xdata         0x00000001400112d8       0x80 C:/raylib/w64devkit/bin/../lib/gcc/x86_64-w64-mingw32/14.2.0/../../../../x86_64-w64-mingw32/lib/../lib/libmingwex.a(lib64_libmingwex_a-mingw_vfscanf.o)
 .xdata         0x0000000140011358        0x8 C:/raylib/w64devkit/bin/../lib/gcc/x86_64-w64-mingw32/14.2.0/../../../../x86_64-w64-mingw32/lib/../lib/libmingwex.a(lib64_libmingwex_a-strtof.o)
 .xdata         0x0000000140011360        0x8 C:/raylib/w64devkit/bin/../lib/gcc/x86_64-w64-mingw32/14.2.0/../../../../x86_64-w64-mingw32/lib/../lib/libmingwex.a(lib64_libmingwex_a-strtopx.o)
 .xdata         0x0000000140011368       0xf4 C:/raylib/w64devkit/bin/../lib/gcc/x86_64-w64-mingw32/14.2.0/../../../../x86_64-w64-mingw32/lib/../lib/libmingwex.a(lib64_libmingwex_a-mingw_pformat.o)
 .xdata         0x000000014001145c       0x30 C:/raylib/w64devkit/bin/../lib/gcc/x86_64-w64-mingw32/14.2.0/../../../../x86_64-w64-mingw32/lib/../lib/libmingwex.a(lib64_libmingwex_a-dmisc.o)
 .xdata         0x000000014001148c       0x1c C:/raylib/w64devkit/bin/../lib/gcc/x86_64-w64-mingw32/14.2.0/../../../../x86_64-w64-mingw32/lib/../lib/libmingwex.a(lib64_libmingwex_a-gdtoa.o)
 .xdata         0x00000001400114a8       0x20 C:/raylib/w64devkit/bin/../lib/gcc/x86_64-w64-mingw32/14.2.0/../../../../x86_64-w64-mingw32/lib/../lib/libmingwex.a(lib64_libmingwex_a-g__fmt.o)
 .xdata         0x00000001400114c8       0x14 C:/raylib/w64devkit/bin/../lib/gcc/x86_64-w64-mingw32/14.2.0/../../../../x86_64-w64-mingw32/lib/../lib/libmingwex.a(lib64_libmingwex_a-gmisc.o)
 .xdata         0x00000001400114dc       0xb4 C:/raylib/w64devkit/bin/../lib/gcc/x86_64-w64-mingw32/14.2.0/../../../../x86_64-w64-mingw32/lib/../lib/libmingwex.a(lib64_libmingwex_a-misc.o)
 .xdata         0x0000000140011590       0x60 C:/raylib/w64devkit/bin/../lib/gcc/x86_64-w64-mingw32/14.2.0/../../../../x86_64-w64-mingw32/lib/../lib/libmingwex.a(lib64_libmingwex_a-strtodg.o)
 .xdata         0x00000001400115f0       0x14 C:/raylib/w64devkit/bin/../lib/gcc/x86_64-w64-mingw32/14.2.0/../../../../x86_64-w64-mingw32/lib/../lib/libmingwex.a(lib64_libmingwex_a-sum.o)